<html>
<body>
<pre>
<h1>µVision Build Log</h1>
<h2>Tool Versions:</h2>
IDE-Version: ÂµVision V5.41.0.0
Copyright (C) 2024 ARM Ltd and ARM Germany GmbH. All rights reserved.
License Information: Pontus Friberg, KTH, LIC=----
 
Tool Versions:
Toolchain:       MDK-Lite  Version: 5.41.0.0
Toolchain Path:  C:\Keil_v5\ARM\ARMCLANG\Bin
C Compiler:      ArmClang.exe V6.22
Assembler:       Armasm.exe V6.22
Linker/Locator:  ArmLink.exe V6.22
Library Manager: ArmAr.exe V6.22
Hex Converter:   FromElf.exe V6.22
CPU DLL:         SARMCM3.DLL V5.41.0.0
Dialog DLL:      DCM.DLL V1.17.5.0
Target DLL:      STLink\ST-LINKIII-KEIL_SWO.dll V3.3.0.0
Dialog DLL:      TCM.DLL V1.56.4.0
 
<h2>Project:</h2>
C:\Users\StudentMMK\Documents\Group27\Programming_tasks.uvprojx
Project File Date:  02/05/2025

<h2>Output:</h2>
*** Using Compiler 'V6.22', folder: 'C:\Keil_v5\ARM\ARMCLANG\Bin'
Rebuild target 'RTOS'
Note: source file 'C:/Users/Administrator/AppData/Local/Arm/Packs/Keil/STM32L4xx_DFP/2.6.2/Drivers/STM32L4xx_HAL_Driver/Src/stm32l4xx_hal.c' - object file renamed from '.\Objects\stm32l4xx_hal.o' to '.\Objects\stm32l4xx_hal_1.o'.
Note: source file 'C:/Users/Administrator/AppData/Local/Arm/Packs/Keil/STM32L4xx_DFP/2.6.2/Drivers/STM32L4xx_HAL_Driver/Src/stm32l4xx_hal_cortex.c' - object file renamed from '.\Objects\stm32l4xx_hal_cortex.o' to '.\Objects\stm32l4xx_hal_cortex_1.o'.
Note: source file 'C:/Users/Administrator/AppData/Local/Arm/Packs/Keil/STM32L4xx_DFP/2.6.2/Drivers/STM32L4xx_HAL_Driver/Src/stm32l4xx_hal_dma.c' - object file renamed from '.\Objects\stm32l4xx_hal_dma.o' to '.\Objects\stm32l4xx_hal_dma_1.o'.
Note: source file 'C:/Users/Administrator/AppData/Local/Arm/Packs/Keil/STM32L4xx_DFP/2.6.2/Drivers/STM32L4xx_HAL_Driver/Src/stm32l4xx_hal_dma_ex.c' - object file renamed from '.\Objects\stm32l4xx_hal_dma_ex.o' to '.\Objects\stm32l4xx_hal_dma_ex_1.o'.
Note: source file 'C:/Users/Administrator/AppData/Local/Arm/Packs/Keil/STM32L4xx_DFP/2.6.2/Drivers/STM32L4xx_HAL_Driver/Src/stm32l4xx_hal_gpio.c' - object file renamed from '.\Objects\stm32l4xx_hal_gpio.o' to '.\Objects\stm32l4xx_hal_gpio_1.o'.
Note: source file 'C:/Users/Administrator/AppData/Local/Arm/Packs/Keil/STM32L4xx_DFP/2.6.2/Drivers/STM32L4xx_HAL_Driver/Src/stm32l4xx_hal_pwr.c' - object file renamed from '.\Objects\stm32l4xx_hal_pwr.o' to '.\Objects\stm32l4xx_hal_pwr_1.o'.
Note: source file 'C:/Users/Administrator/AppData/Local/Arm/Packs/Keil/STM32L4xx_DFP/2.6.2/Drivers/STM32L4xx_HAL_Driver/Src/stm32l4xx_hal_pwr_ex.c' - object file renamed from '.\Objects\stm32l4xx_hal_pwr_ex.o' to '.\Objects\stm32l4xx_hal_pwr_ex_1.o'.
Note: source file 'C:/Users/Administrator/AppData/Local/Arm/Packs/Keil/STM32L4xx_DFP/2.6.2/Drivers/STM32L4xx_HAL_Driver/Src/stm32l4xx_hal_rcc.c' - object file renamed from '.\Objects\stm32l4xx_hal_rcc.o' to '.\Objects\stm32l4xx_hal_rcc_1.o'.
Note: source file 'C:/Users/Administrator/AppData/Local/Arm/Packs/Keil/STM32L4xx_DFP/2.6.2/Drivers/STM32L4xx_HAL_Driver/Src/stm32l4xx_hal_rcc_ex.c' - object file renamed from '.\Objects\stm32l4xx_hal_rcc_ex.o' to '.\Objects\stm32l4xx_hal_rcc_ex_1.o'.
Note: source file 'C:/Users/Administrator/AppData/Local/Arm/Packs/Keil/STM32L4xx_DFP/2.6.2/Drivers/STM32L4xx_HAL_Driver/Src/stm32l4xx_hal_spi.c' - object file renamed from '.\Objects\stm32l4xx_hal_spi.o' to '.\Objects\stm32l4xx_hal_spi_1.o'.
Note: source file 'C:/Users/Administrator/AppData/Local/Arm/Packs/Keil/STM32L4xx_DFP/2.6.2/Drivers/STM32L4xx_HAL_Driver/Src/stm32l4xx_hal_spi_ex.c' - object file renamed from '.\Objects\stm32l4xx_hal_spi_ex.o' to '.\Objects\stm32l4xx_hal_spi_ex_1.o'.
Note: source file 'C:/Users/Administrator/AppData/Local/Arm/Packs/Keil/STM32L4xx_DFP/2.6.2/Drivers/STM32L4xx_HAL_Driver/Src/stm32l4xx_hal_tim.c' - object file renamed from '.\Objects\stm32l4xx_hal_tim.o' to '.\Objects\stm32l4xx_hal_tim_1.o'.
Note: source file 'C:/Users/Administrator/AppData/Local/Arm/Packs/Keil/STM32L4xx_DFP/2.6.2/Drivers/STM32L4xx_HAL_Driver/Src/stm32l4xx_hal_tim_ex.c' - object file renamed from '.\Objects\stm32l4xx_hal_tim_ex.o' to '.\Objects\stm32l4xx_hal_tim_ex_1.o'.
compiling controller.c...
compiling stm32l4xx_it.c...
compiling app-rtos.c...
compiling peripherals.c...
assembling irq_armv7m.S...
compiling rtx_delay.c...
compiling main.c...
compiling rtx_lib.c...
compiling rtx_evflags.c...
compiling rtx_memory.c...
compiling rtx_evr.c...
compiling rtx_kernel.c...
compiling rtx_mempool.c...
compiling rtx_msgqueue.c...
compiling rtx_system.c...
compiling rtx_semaphore.c...
compiling rtx_mutex.c...
compiling RTX_Config.c...
compiling os_systick.c...
compiling retarget_io.c...
compiling rtx_timer.c...
assembling startup_stm32l476xx.s...
compiling stm32l4xx_hal_msp.c...
compiling system_stm32l4xx.c...
compiling stm32l4xx_hal.c...
compiling stm32l4xx_hal_cortex.c...
compiling stm32l4xx_hal_dma.c...
compiling stm32l4xx_hal_dma_ex.c...
compiling EventRecorder.c...
compiling rtx_thread.c...
compiling stm32l4xx_hal_gpio.c...
compiling stm32l4xx_hal_pwr.c...
compiling stm32l4xx_hal_spi.c...
compiling stm32l4xx_hal_spi_ex.c...
compiling stm32l4xx_hal_pwr_ex.c...
compiling stm32l4xx_hal_rcc.c...
compiling stm32l4xx_hal_rcc_ex.c...
compiling stm32l4xx_hal_tim_ex.c...
compiling stm32l4xx_hal_tim.c...
linking...
Program Size: Code=18852 RO-data=876 RW-data=184 ZI-data=36656  
".\Objects\RTOS.axf" - 0 Error(s), 0 Warning(s).

<h2>Software Packages used:</h2>

Package Vendor: ARM
                https://www.keil.com/pack/ARM.CMSIS.6.1.0.pack
                ARM::CMSIS@6.1.0
                CMSIS (Common Microcontroller Software Interface Standard)
   * Component: OS Tick Version: 1.0.1
   * Component: RTOS2 Version: 2.3.0
   * Component: CORE Version: 6.1.0
   * Component: SysTick Version: 1.0.5

Package Vendor: ARM
                https://www.keil.com/pack/ARM.CMSIS-RTX.5.9.0.pack
                ARM::CMSIS-RTX@5.9.0
                RTX RTOS implementation of CMSIS-RTOS2 API
   * Component: Keil RTX5 Variant: Source Version: 5.9.0

Package Vendor: ARM
                https://www.keil.com/pack/ARM.CMSIS-View.1.2.0.pack
                ARM::CMSIS-View@1.2.0
                Debugger visualization of software events and statistics
   * Component: Event Recorder Variant: DAP Version: 1.6.0

Package Vendor: Keil
                https://www.keil.com/pack/Keil.ARM_Compiler.1.7.2.pack
                Keil::ARM_Compiler@1.7.2
                Keil ARM Compiler extensions for ARM Compiler 5 and ARM Compiler 6
   * Component: STDOUT Variant: ITM Version: 1.2.0

Package Vendor: Keil
                project-path/Keil.FrameworkCubeMX.1.0.0.pack
                Keil::FrameworkCubeMX@1.0.0
                STM32CubeMX generated pack description
   * Component: STM32CubeMX Version: 1.1.0

Package Vendor: Keil
                https://www.keil.com/pack/Keil.STM32L4xx_DFP.2.6.2.pack
                Keil::STM32L4xx_DFP@2.6.2
                STMicroelectronics STM32L4 Series Device Support, Drivers and Examples
   * Component: STM32Cube Framework Version: 1.1.0
   * Component: Common Version: 1.13.0
   * Component: Cortex Version: 1.13.0
   * Component: DMA Version: 1.13.0
   * Component: GPIO Version: 1.13.0
   * Component: PWR Version: 1.13.0
   * Component: RCC Version: 1.13.0
   * Component: SPI Version: 1.13.0
   * Component: TIM Version: 1.13.0
   * Component: Startup Version: 1.3.1

<h2>Collection of Component include folders:</h2>
  ./RTE/CMSIS
  ./RTE/CMSIS-View
  ./RTE/Device/STM32L476RGTx
  ./RTE/Device/STM32L476RGTx/STCubeGenerated
  ./RTE/Device/STM32L476RGTx/STCubeGenerated/Inc
  ./RTE/_RTOS
  C:/Users/Administrator/AppData/Local/Arm/Packs/ARM/CMSIS-RTX/5.9.0/Include
  C:/Users/Administrator/AppData/Local/Arm/Packs/ARM/CMSIS-View/1.2.0/EventRecorder/Include
  C:/Users/Administrator/AppData/Local/Arm/Packs/ARM/CMSIS/6.1.0/CMSIS/Core/Include
  C:/Users/Administrator/AppData/Local/Arm/Packs/ARM/CMSIS/6.1.0/CMSIS/RTOS2/Include
  C:/Users/Administrator/AppData/Local/Arm/Packs/Keil/STM32L4xx_DFP/2.6.2/Drivers/CMSIS/Device/ST/STM32L4xx/Include
  C:/Users/Administrator/AppData/Local/Arm/Packs/Keil/STM32L4xx_DFP/2.6.2/Drivers/STM32L4xx_HAL_Driver/Inc
  C:/Users/Administrator/AppData/Local/Arm/Packs/Keil/STM32L4xx_DFP/2.6.2/Drivers/STM32L4xx_HAL_Driver/Inc/Legacy

<h2>Collection of Component Files used:</h2>

   * Component: ::CMSIS:OS Tick(API)@1.0.1
      Include file:  CMSIS/RTOS2/Include/os_tick.h

   * Component: ::CMSIS:RTOS2(API)@2.3.0
      Include file:  CMSIS/RTOS2/Include/cmsis_os2.h

   * Component: ::Device:STM32Cube Framework(API)@1.1.0

   * Component: ARM::CMSIS-View:Event Recorder&DAP@1.6.0
      Include file:  EventRecorder/Config/EventRecorderConf.h
      Include file:  EventRecorder/Include/EventRecorder.h
      Source file:   EventRecorder/Source/EventRecorder.c

   * Component: ARM::CMSIS:CORE@6.1.0

   * Component: ARM::CMSIS:OS Tick:SysTick@1.0.5
      Source file:   CMSIS/RTOS2/Source/os_systick.c

   * Component: ARM::CMSIS:RTOS2:Keil RTX5&Source@5.9.0
      Include file:  Config/RTX_Config.h
      Source file:   Config/RTX_Config.c
      Source file:   Template/main.c
      Source file:   Template/Events.c
      Source file:   Template/MemPool.c
      Source file:   Template/MsgQueue.c
      Source file:   Template/Mutex.c
      Source file:   Template/Semaphore.c
      Source file:   Template/Thread.c
      Include file:  Include/rtx_os.h
      Source file:   Template/svc_user.c
      Source file:   Source/rtx_kernel.c
      Source file:   Source/rtx_delay.c
      Source file:   Source/rtx_evr.c
      Source file:   Source/rtx_system.c
      Source file:   Source/GCC/irq_armv7m.S
      Source file:   Source/rtx_semaphore.c
      Source file:   Source/rtx_timer.c
      Source file:   Source/rtx_mutex.c
      Source file:   Source/rtx_evflags.c
      Source file:   Source/rtx_msgqueue.c
      Source file:   Source/rtx_memory.c
      Source file:   Source/rtx_thread.c
      Source file:   Source/rtx_lib.c
      Source file:   Template/Timer.c
      Source file:   Source/rtx_mempool.c

   * Component: Keil::Compiler&ARM Compiler:I/O:STDOUT&ITM@1.2.0
      Source file:   Source/retarget_io.c

   * Component: Keil::Device:STM32Cube Framework:STM32CubeMX@1.1.0
      Include file:  STCubeGenerated/Inc/stm32l4xx_hal_conf.h
      Include file:  MX_Device.h
      Source file:   STCubeGenerated/Src/stm32l4xx_hal_msp.c

   * Component: Keil::Device:STM32Cube HAL:Common@1.13.0
      Include file:  Drivers/STM32L4xx_HAL_Driver/Inc/stm32l4xx_hal.h
      Source file:   Drivers/STM32L4xx_HAL_Driver/Src/stm32l4xx_hal.c

   * Component: Keil::Device:STM32Cube HAL:Cortex@1.13.0
      Source file:   Drivers/STM32L4xx_HAL_Driver/Src/stm32l4xx_hal_cortex.c

   * Component: Keil::Device:STM32Cube HAL:DMA@1.13.0
      Source file:   Drivers/STM32L4xx_HAL_Driver/Src/stm32l4xx_hal_dma_ex.c
      Source file:   Drivers/STM32L4xx_HAL_Driver/Src/stm32l4xx_hal_dma.c

   * Component: Keil::Device:STM32Cube HAL:GPIO@1.13.0
      Source file:   Drivers/STM32L4xx_HAL_Driver/Src/stm32l4xx_hal_gpio.c

   * Component: Keil::Device:STM32Cube HAL:PWR@1.13.0
      Source file:   Drivers/STM32L4xx_HAL_Driver/Src/stm32l4xx_hal_pwr_ex.c
      Source file:   Drivers/STM32L4xx_HAL_Driver/Src/stm32l4xx_hal_pwr.c

   * Component: Keil::Device:STM32Cube HAL:RCC@1.13.0
      Source file:   Drivers/STM32L4xx_HAL_Driver/Src/stm32l4xx_hal_rcc.c
      Source file:   Drivers/STM32L4xx_HAL_Driver/Src/stm32l4xx_hal_rcc_ex.c

   * Component: Keil::Device:STM32Cube HAL:SPI@1.13.0
      Source file:   Drivers/STM32L4xx_HAL_Driver/Src/stm32l4xx_hal_spi.c
      Source file:   Drivers/STM32L4xx_HAL_Driver/Src/stm32l4xx_hal_spi_ex.c

   * Component: Keil::Device:STM32Cube HAL:TIM@1.13.0
      Source file:   Drivers/STM32L4xx_HAL_Driver/Src/stm32l4xx_hal_tim.c
      Source file:   Drivers/STM32L4xx_HAL_Driver/Src/stm32l4xx_hal_tim_ex.c

   * Component: Keil::Device:Startup@1.3.1
      Source file:   MDK/Device/Source/ARM/STM32L4xx_DB_OPT.s
      Source file:   Drivers/CMSIS/Device/ST/STM32L4xx/Source/Templates/system_stm32l4xx.c
      Include file:  Drivers/CMSIS/Device/ST/STM32L4xx/Include/stm32l4xx.h
      Source file:   Drivers/CMSIS/Device/ST/STM32L4xx/Source/Templates/arm/startup_stm32l476xx.s
Build Time Elapsed:  00:00:04
</pre>
</body>
</html>
