Component: Arm Compiler for Embedded 6.22 Tool: armlink [5ee90200]

==============================================================================

Section Cross References

    rtx_blinky.o(.text) refers (Special) to _printf_percent.o(.ARM.Collect$$_printf_percent$$00000000) for _printf_percent
    rtx_blinky.o(.text) refers (Special) to _printf_d.o(.ARM.Collect$$_printf_percent$$00000009) for _printf_d
    rtx_blinky.o(.text) refers (Special) to _printf_dec.o(.text) for _printf_int_dec
    rtx_blinky.o(.text) refers to led_nucleo-l476rg.o(.text) for LED_GetCount
    rtx_blinky.o(.text) refers to rtx_thread.o(.text) for osThreadFlagsWait
    rtx_blinky.o(.text) refers to buttons_nucleo-l476rg.o(.text) for Buttons_GetCount
    rtx_blinky.o(.text) refers to rtx_blinky.o(.bss.counter) for counter
    rtx_blinky.o(.text) refers to rtx_blinky.o(.bss.tid_blinkLED) for tid_blinkLED
    rtx_blinky.o(.text) refers to noretval__2printf.o(.text) for __2printf
    rtx_blinky.o(.text) refers to rtx_delay.o(.text) for osDelay
    rtx_blinky.o(.text) refers to rtx_kernel.o(.text) for osKernelInitialize
    rtx_blinky.o(.text) refers to system_stm32l4xx.o(.text) for SystemCoreClockUpdate
    rtx_blinky.o(.text) refers to rtx_blinky.o(.bss.tid_app_main) for tid_app_main
    rtx_blinky.o(.text) refers to eventrecorder.o(.text) for EventRecorderInitialize
    rtx_blinky.o(.ARM.exidx) refers (Special) to _printf_percent.o(.ARM.Collect$$_printf_percent$$00000000) for _printf_percent
    rtx_blinky.o(.ARM.exidx) refers (Special) to _printf_d.o(.ARM.Collect$$_printf_percent$$00000009) for _printf_d
    rtx_blinky.o(.ARM.exidx) refers (Special) to _printf_dec.o(.text) for _printf_int_dec
    rtx_blinky.o(.ARM.exidx) refers to rtx_blinky.o(.text) for [Anonymous Symbol]
    rtx_blinky.o(.bss.counter) refers (Special) to _printf_percent.o(.ARM.Collect$$_printf_percent$$00000000) for _printf_percent
    rtx_blinky.o(.bss.counter) refers (Special) to _printf_d.o(.ARM.Collect$$_printf_percent$$00000009) for _printf_d
    rtx_blinky.o(.bss.counter) refers (Special) to _printf_dec.o(.text) for _printf_int_dec
    rtx_blinky.o(.bss.tid_blinkLED) refers (Special) to _printf_percent.o(.ARM.Collect$$_printf_percent$$00000000) for _printf_percent
    rtx_blinky.o(.bss.tid_blinkLED) refers (Special) to _printf_d.o(.ARM.Collect$$_printf_percent$$00000009) for _printf_d
    rtx_blinky.o(.bss.tid_blinkLED) refers (Special) to _printf_dec.o(.text) for _printf_int_dec
    rtx_blinky.o(.bss.tid_app_main) refers (Special) to _printf_percent.o(.ARM.Collect$$_printf_percent$$00000000) for _printf_percent
    rtx_blinky.o(.bss.tid_app_main) refers (Special) to _printf_d.o(.ARM.Collect$$_printf_percent$$00000009) for _printf_d
    rtx_blinky.o(.bss.tid_app_main) refers (Special) to _printf_dec.o(.text) for _printf_int_dec
    rtx_blinky.o(.ARM.use_no_argv) refers (Special) to _printf_percent.o(.ARM.Collect$$_printf_percent$$00000000) for _printf_percent
    rtx_blinky.o(.ARM.use_no_argv) refers (Special) to _printf_d.o(.ARM.Collect$$_printf_percent$$00000009) for _printf_d
    rtx_blinky.o(.ARM.use_no_argv) refers (Special) to _printf_dec.o(.text) for _printf_int_dec
    buttons_nucleo-l476rg.o(.ARM.exidx) refers to buttons_nucleo-l476rg.o(.text) for [Anonymous Symbol]
    led_nucleo-l476rg.o(.ARM.exidx) refers to led_nucleo-l476rg.o(.text) for [Anonymous Symbol]
    irq_armv7m.o(.text) refers to rtx_thread.o(.text) for osRtxThreadStackCheck
    irq_armv7m.o(.text) refers to rtx_kernel.o(.text) for osRtxKernelErrorNotify
    irq_armv7m.o(.text) refers to rtx_system.o(.text) for osRtxPendSV_Handler
    irq_armv7m.o(.text) refers to rtx_kernel.o(.data.os) for osRtxInfo
    irq_armv7m.o(.text) refers to rtx_lib.o(.rodata.osRtxUserSVC) for osRtxUserSVC
    irq_armv7m.o(.ARM.exidx) refers to irq_armv7m.o(.text) for [Anonymous Symbol]
    rtx_delay.o(.text) refers to rtx_evr.o(.text) for EvrRtxDelay
    rtx_delay.o(.text) refers to rtx_thread.o(.text) for osRtxThreadWaitEnter
    rtx_delay.o(.text) refers to rtx_kernel.o(.data.os) for osRtxInfo
    rtx_delay.o(.ARM.exidx) refers to rtx_delay.o(.text) for [Anonymous Symbol]
    rtx_evflags.o(.text) refers to rtx_evr.o(.text) for EvrRtxEventFlagsNew
    rtx_evflags.o(.text) refers to rtx_system.o(.text) for osRtxPostProcess
    rtx_evflags.o(.text) refers to rtx_kernel.o(.data.os) for osRtxInfo
    rtx_evflags.o(.text) refers to rtx_mempool.o(.text) for osRtxMemoryPoolAlloc
    rtx_evflags.o(.text) refers to rtx_memory.o(.text) for osRtxMemoryAlloc
    rtx_evflags.o(.text) refers to rtx_thread.o(.text) for osRtxThreadListRemove
    rtx_evflags.o(.ARM.exidx) refers to rtx_evflags.o(.text) for [Anonymous Symbol]
    rtx_evr.o(.text) refers to eventrecorder.o(.text) for EventRecord4
    rtx_evr.o(.ARM.exidx) refers to rtx_evr.o(.text) for [Anonymous Symbol]
    rtx_kernel.o(.text) refers to rtx_evr.o(.text) for EvrRtxKernelErrorNotify
    rtx_kernel.o(.text) refers to rtx_config.o(.text) for osRtxErrorNotify
[...]

    Global Symbols

    Symbol Name                              Value     Ov Type        Size  Object(Section)

    BuildAttributes$$THM_ISAv4$E$P$D$K$B$S$7EM$VFPi3$EXTD16$VFPS$VFMA$PE$A:L22UL41UL21$X:L11$S22US41US21$IEEE1$IW$~IW$USESV6$~STKCKD$USESV7$~SHL$OTIME$ROPI$EBA8$UX$STANDARDLIB$REQ8$PRES8$EABIv2 0x00000000   Number         0  anon$$obj.o ABSOLUTE
    .bss.os.evflags.cb$$Base                  - Undefined Weak Reference
    .bss.os.evflags.cb$$Limit                 - Undefined Weak Reference
    .bss.os.mempool.cb$$Base                  - Undefined Weak Reference
    .bss.os.mempool.cb$$Limit                 - Undefined Weak Reference
    .bss.os.mutex.cb$$Base                    - Undefined Weak Reference
    .bss.os.mutex.cb$$Limit                   - Undefined Weak Reference
    .bss.os.semaphore.cb$$Base                - Undefined Weak Reference
    .bss.os.semaphore.cb$$Limit               - Undefined Weak Reference
    .bss.os.timer.cb$$Base                    - Undefined Weak Reference
    .bss.os.timer.cb$$Limit                   - Undefined Weak Reference
    Image$$ZI$$Limit                          - Undefined Weak Reference
    __ARM_exceptions_init                     - Undefined Weak Reference
    __alloca_initialize                       - Undefined Weak Reference
    __arm_preinit_                            - Undefined Weak Reference
    __arm_relocate_pie_                       - Undefined Weak Reference
    __cpp_initialize__aeabi_                  - Undefined Weak Reference
    __cxa_finalize                            - Undefined Weak Reference
    __rt_locale                               - Undefined Weak Reference
    __sigvec_lookup                           - Undefined Weak Reference
    __user_heap_extent                        - Undefined Weak Reference
    _atexit_init                              - Undefined Weak Reference
    _call_atexit_fns                          - Undefined Weak Reference
    _clock_init                               - Undefined Weak Reference
    _fp_trap_init                             - Undefined Weak Reference
    _fp_trap_shutdown                         - Undefined Weak Reference
    _get_lc_collate                           - Undefined Weak Reference
    _get_lc_ctype                             - Undefined Weak Reference
    _get_lc_monetary                          - Undefined Weak Reference
    _get_lc_numeric                           - Undefined Weak Reference
    _get_lc_time                              - Undefined Weak Reference
    _getenv_init                              - Undefined Weak Reference
    _handle_redirection                       - Undefined Weak Reference
    _printf_post_padding                      - Undefined Weak Reference
    _printf_pre_padding                       - Undefined Weak Reference
    _printf_truncate_signed                   - Undefined Weak Reference
    _printf_truncate_unsigned                 - Undefined Weak Reference
    _rand_init                                - Undefined Weak Reference
    _signal_finish                            - Undefined Weak Reference
    _signal_init                              - Undefined Weak Reference
    __Vectors_Size                           0x00000188   Number         0  startup_stm32l476xx.o ABSOLUTE
    __Vectors                                0x08000000   Data           4  startup_stm32l476xx.o(RESET)
    __Vectors_End                            0x08000188   Data           0  startup_stm32l476xx.o(RESET)
    __main                                   0x08000189   Thumb Code     8  __main.o(!!!main)
    __scatterload                            0x08000191   Thumb Code     0  __scatter.o(!!!scatter)
    __scatterload_rt2                        0x08000191   Thumb Code    84  __scatter.o(!!!scatter)
    __scatterload_rt2_thumb_only             0x08000191   Thumb Code     0  __scatter.o(!!!scatter)
    __scatterload_loop                       0x0800019b   Thumb Code     0  __scatter.o(!!!scatter)
    __scatterload_copy                       0x080001ed   Thumb Code    26  __scatter_copy.o(!!handler_copy)
    __scatterload_null                       0x08000209   Thumb Code     2  __scatter.o(!!handler_null)
    __scatterload_zeroinit                   0x0800020d   Thumb Code    28  __scatter_zi.o(!!handler_zi)
    _printf_d                                0x08000229   Thumb Code     0  _printf_d.o(.ARM.Collect$$_printf_percent$$00000009)
    _printf_percent                          0x08000229   Thumb Code     0  _printf_percent.o(.ARM.Collect$$_printf_percent$$00000000)
    _printf_percent_end                      0x0800022f   Thumb Code     0  _printf_percent_end.o(.ARM.Collect$$_printf_percent$$00000017)
    __rt_lib_init                            0x08000233   Thumb Code     0  libinit.o(.ARM.Collect$$libinit$$00000000)
    __rt_lib_init_fp_1                       0x08000235   Thumb Code     0  libinit2.o(.ARM.Collect$$libinit$$00000001)
    __rt_lib_init_heap_2                     0x08000239   Thumb Code     0  libinit3.o(.ARM.Collect$$libinit$$00000008)
    __rt_lib_init_preinit_1                  0x08000239   Thumb Code     0  libinit2.o(.ARM.Collect$$libinit$$00000006)
    __rt_lib_init_relocate_pie_1             0x08000239   Thumb Code     0  libinit2.o(.ARM.Collect$$libinit$$00000004)
    __rt_lib_init_atexit_1                   0x08000241   Thumb Code     0  libinit2.o(.ARM.Collect$$libinit$$0000001D)
    __rt_lib_init_clock_1                    0x08000241   Thumb Code     0  libinit2.o(.ARM.Collect$$libinit$$00000023)
    __rt_lib_init_fp_trap_1                  0x08000241   Thumb Code     0  libinit2.o(.ARM.Collect$$libinit$$00000021)
    __rt_lib_init_getenv_1                   0x08000241   Thumb Code     0  libinit2.o(.ARM.Collect$$libinit$$00000025)
    __rt_lib_init_heap_1                     0x08000241   Thumb Code     0  libinit2.o(.ARM.Collect$$libinit$$0000000C)
    __rt_lib_init_lc_collate_1               0x08000241   Thumb Code     0  libinit2.o(.ARM.Collect$$libinit$$00000013)
    __rt_lib_init_lc_ctype_1                 0x08000241   Thumb Code     0  libinit2.o(.ARM.Collect$$libinit$$00000015)
    __rt_lib_init_lc_monetary_1              0x08000241   Thumb Code     0  libinit2.o(.ARM.Collect$$libinit$$00000017)
    __rt_lib_init_lc_numeric_1               0x08000241   Thumb Code     0  libinit2.o(.ARM.Collect$$libinit$$00000019)
    __rt_lib_init_lc_time_1                  0x08000241   Thumb Code     0  libinit2.o(.ARM.Collect$$libinit$$0000001B)
    __rt_lib_init_rand_1                     0x08000241   Thumb Code     0  libinit2.o(.ARM.Collect$$libinit$$00000010)
    __rt_lib_init_signal_1                   0x08000241   Thumb Code     0  libinit2.o(.ARM.Collect$$libinit$$0000001F)
    __rt_lib_init_stdio_2                    0x08000241   Thumb Code     0  libinit2.o(.ARM.Collect$$libinit$$00000026)
    __rt_lib_init_user_alloc_1               0x08000241   Thumb Code     0  libinit2.o(.ARM.Collect$$libinit$$0000000E)
    __rt_lib_init_alloca_1                   0x08000245   Thumb Code     0  libinit2.o(.ARM.Collect$$libinit$$00000030)
    __rt_lib_init_argv_1                     0x08000245   Thumb Code     0  libinit2.o(.ARM.Collect$$libinit$$0000002E)
    __rt_lib_init_cpp_1                      0x08000245   Thumb Code     0  libinit2.o(.ARM.Collect$$libinit$$00000034)
    __rt_lib_init_exceptions_1               0x08000245   Thumb Code     0  libinit2.o(.ARM.Collect$$libinit$$00000032)
    __rt_lib_init_return                     0x08000245   Thumb Code     0  libinit2.o(.ARM.Collect$$libinit$$00000035)
    __rt_lib_init_stdio_1                    0x08000245   Thumb Code     0  libinit2.o(.ARM.Collect$$libinit$$00000027)
    __rt_lib_shutdown                        0x08000251   Thumb Code     0  libshutdown.o(.ARM.Collect$$libshutdown$$00000000)
    __rt_lib_shutdown_cpp_1                  0x08000253   Thumb Code     0  libshutdown2.o(.ARM.Collect$$libshutdown$$00000002)
    __rt_lib_shutdown_stdio_2                0x08000253   Thumb Code     0  libshutdown2.o(.ARM.Collect$$libshutdown$$00000003)
    __rt_lib_shutdown_fp_trap_1              0x08000257   Thumb Code     0  libshutdown2.o(.ARM.Collect$$libshutdown$$00000007)
    __rt_lib_shutdown_heap_2                 0x08000257   Thumb Code     0  libshutdown2.o(.ARM.Collect$$libshutdown$$0000000D)
    __rt_lib_shutdown_signal_1               0x08000257   Thumb Code     0  libshutdown2.o(.ARM.Collect$$libshutdown$$0000000A)
    __rt_lib_shutdown_stdio_1                0x08000257   Thumb Code     0  libshutdown2.o(.ARM.Collect$$libshutdown$$00000004)
    __rt_lib_shutdown_user_alloc_1           0x08000257   Thumb Code     0  libshutdown2.o(.ARM.Collect$$libshutdown$$0000000C)
    __rt_lib_shutdown_heap_1                 0x0800025b   Thumb Code     0  libshutdown2.o(.ARM.Collect$$libshutdown$$0000000F)
    __rt_lib_shutdown_return                 0x0800025b   Thumb Code     0  libshutdown2.o(.ARM.Collect$$libshutdown$$00000010)
    __rt_entry                               0x0800025d   Thumb Code     0  __rtentry.o(.ARM.Collect$$rtentry$$00000000)
    __rt_entry_presh_1                       0x0800025d   Thumb Code     0  __rtentry2.o(.ARM.Collect$$rtentry$$00000002)
    __rt_entry_sh                            0x0800025d   Thumb Code     0  __rtentry5.o(.ARM.Collect$$rtentry$$00000005)
    __rt_entry_postsh_1                      0x08000261   Thumb Code     0  __rtentry2.o(.ARM.Collect$$rtentry$$00000008)
    __rt_entry_li                            0x08000269   Thumb Code     0  __rtentry2.o(.ARM.Collect$$rtentry$$0000000A)
    __rt_entry_main                          0x0800026d   Thumb Code     0  __rtentry2.o(.ARM.Collect$$rtentry$$0000000D)
    __rt_entry_postli_1                      0x0800026d   Thumb Code     0  __rtentry2.o(.ARM.Collect$$rtentry$$0000000C)
    __rt_exit                                0x08000279   Thumb Code     0  rtexit.o(.ARM.Collect$$rtexit$$00000000)
    __rt_exit_ls                             0x0800027b   Thumb Code     0  rtexit2.o(.ARM.Collect$$rtexit$$00000003)
    __rt_exit_prels_1                        0x0800027b   Thumb Code     0  rtexit2.o(.ARM.Collect$$rtexit$$00000002)
    __rt_exit_exit                           0x0800027f   Thumb Code     0  rtexit2.o(.ARM.Collect$$rtexit$$00000004)
    SystemCoreClockConfigure                 0x08000285   Thumb Code   128  rtx_blinky.o(.text)
    blinkLED                                 0x08000305   Thumb Code    58  rtx_blinky.o(.text)
    app_main                                 0x08000341   Thumb Code    80  rtx_blinky.o(.text)
    main                                     0x080003a5   Thumb Code    90  rtx_blinky.o(.text)
    Buttons_Initialize                       0x08000401   Thumb Code    60  buttons_nucleo-l476rg.o(.text)
    Buttons_Uninitialize                     0x0800043d   Thumb Code    20  buttons_nucleo-l476rg.o(.text)
    Buttons_GetState                         0x08000451   Thumb Code    18  buttons_nucleo-l476rg.o(.text)
    Buttons_GetCount                         0x08000463   Thumb Code     4  buttons_nucleo-l476rg.o(.text)
    LED_Initialize                           0x08000469   Thumb Code    78  led_nucleo-l476rg.o(.text)
    LED_Uninitialize                         0x080004b7   Thumb Code     4  led_nucleo-l476rg.o(.text)
    LED_On                                   0x080004bb   Thumb Code    22  led_nucleo-l476rg.o(.text)
    LED_Off                                  0x080004d1   Thumb Code    24  led_nucleo-l476rg.o(.text)
    LED_SetOut                               0x080004e9   Thumb Code    28  led_nucleo-l476rg.o(.text)
    LED_GetCount                             0x08000505   Thumb Code     4  led_nucleo-l476rg.o(.text)
    SVC_Handler                              0x08000509   Thumb Code   208  irq_armv7m.o(.text)
    PendSV_Handler                           0x080005d9   Thumb Code    16  irq_armv7m.o(.text)
    SysTick_Handler                          0x080005e9   Thumb Code    16  irq_armv7m.o(.text)
    osDelay                                  0x08000615   Thumb Code    54  rtx_delay.o(.text)
    osDelayUntil                             0x0800064b   Thumb Code    54  rtx_delay.o(.text)
    EvrRtxMemoryInit                         0x080006fd   Thumb Code    30  rtx_evr.o(.text)
    EvrRtxMemoryAlloc                        0x0800071b   Thumb Code    32  rtx_evr.o(.text)
    EvrRtxMemoryFree                         0x0800073b   Thumb Code    34  rtx_evr.o(.text)
    EvrRtxMemoryBlockInit                    0x0800075d   Thumb Code    32  rtx_evr.o(.text)
    EvrRtxMemoryBlockAlloc                   0x0800077d   Thumb Code    16  rtx_evr.o(.text)
    EvrRtxMemoryBlockFree                    0x0800078d   Thumb Code    34  rtx_evr.o(.text)
    EvrRtxKernelError                        0x080007af   Thumb Code    12  rtx_evr.o(.text)
    EvrRtxKernelInitialize                   0x080007bb   Thumb Code    16  rtx_evr.o(.text)
    EvrRtxKernelInitialized                  0x080007cb   Thumb Code    16  rtx_evr.o(.text)
    EvrRtxKernelGetInfo                      0x080007db   Thumb Code    34  rtx_evr.o(.text)
    EvrRtxKernelInfoRetrieved                0x080007fd   Thumb Code    46  rtx_evr.o(.text)
    EvrRtxKernelGetState                     0x0800082b   Thumb Code    16  rtx_evr.o(.text)
    EvrRtxKernelStart                        0x0800083b   Thumb Code    16  rtx_evr.o(.text)
    EvrRtxKernelStarted                      0x0800084b   Thumb Code    16  rtx_evr.o(.text)
    EvrRtxKernelLock                         0x0800085b   Thumb Code    16  rtx_evr.o(.text)
    EvrRtxKernelLocked                       0x0800086b   Thumb Code    16  rtx_evr.o(.text)
    EvrRtxKernelUnlock                       0x0800087b   Thumb Code    16  rtx_evr.o(.text)
    EvrRtxKernelUnlocked                     0x0800088b   Thumb Code    16  rtx_evr.o(.text)
    EvrRtxKernelRestoreLock                  0x0800089b   Thumb Code    16  rtx_evr.o(.text)
    EvrRtxKernelLockRestored                 0x080008ab   Thumb Code    16  rtx_evr.o(.text)
    EvrRtxKernelSuspend                      0x080008bb   Thumb Code    16  rtx_evr.o(.text)
    EvrRtxKernelSuspended                    0x080008cb   Thumb Code    16  rtx_evr.o(.text)
    EvrRtxKernelResume                       0x080008db   Thumb Code    16  rtx_evr.o(.text)
    EvrRtxKernelResumed                      0x080008eb   Thumb Code    16  rtx_evr.o(.text)
    EvrRtxKernelProtect                      0x080008fb   Thumb Code    16  rtx_evr.o(.text)
    EvrRtxKernelProtected                    0x0800090b   Thumb Code    16  rtx_evr.o(.text)
    EvrRtxKernelGetTickCount                 0x0800091b   Thumb Code    16  rtx_evr.o(.text)
    EvrRtxKernelGetTickFreq                  0x0800092b   Thumb Code    16  rtx_evr.o(.text)
    EvrRtxKernelGetSysTimerCount             0x0800093b   Thumb Code    16  rtx_evr.o(.text)
    EvrRtxKernelGetSysTimerFreq              0x0800094b   Thumb Code    16  rtx_evr.o(.text)
    EvrRtxKernelErrorNotify                  0x0800095b   Thumb Code    12  rtx_evr.o(.text)
    EvrRtxKernelDestroyClass                 0x08000967   Thumb Code    16  rtx_evr.o(.text)
    EvrRtxThreadError                        0x08000977   Thumb Code    12  rtx_evr.o(.text)
    EvrRtxThreadNew                          0x08000983   Thumb Code    34  rtx_evr.o(.text)
    EvrRtxThreadCreated                      0x080009a5   Thumb Code    24  rtx_evr.o(.text)
    EvrRtxThreadGetName                      0x080009bd   Thumb Code    16  rtx_evr.o(.text)
    EvrRtxThreadGetClass                     0x080009cd   Thumb Code    16  rtx_evr.o(.text)
    EvrRtxThreadGetZone                      0x080009dd   Thumb Code    16  rtx_evr.o(.text)
    EvrRtxThreadGetId                        0x080009ed   Thumb Code    16  rtx_evr.o(.text)
    EvrRtxThreadGetState                     0x080009fd   Thumb Code    16  rtx_evr.o(.text)
    EvrRtxThreadGetStackSize                 0x08000a0d   Thumb Code    16  rtx_evr.o(.text)
    EvrRtxThreadGetStackSpace                0x08000a1d   Thumb Code    16  rtx_evr.o(.text)
    EvrRtxThreadSetPriority                  0x08000a2d   Thumb Code    16  rtx_evr.o(.text)
    EvrRtxThreadPriorityUpdated              0x08000a3d   Thumb Code    16  rtx_evr.o(.text)
    EvrRtxThreadGetPriority                  0x08000a4d   Thumb Code    16  rtx_evr.o(.text)
    EvrRtxThreadYield                        0x08000a5d   Thumb Code    16  rtx_evr.o(.text)
    EvrRtxThreadSuspend                      0x08000a6d   Thumb Code    16  rtx_evr.o(.text)
    EvrRtxThreadSuspended                    0x08000a7d   Thumb Code    16  rtx_evr.o(.text)
    EvrRtxThreadResume                       0x08000a8d   Thumb Code    16  rtx_evr.o(.text)
    EvrRtxThreadResumed                      0x08000a9d   Thumb Code    16  rtx_evr.o(.text)
    EvrRtxThreadDetach                       0x08000aad   Thumb Code    16  rtx_evr.o(.text)
    EvrRtxThreadDetached                     0x08000abd   Thumb Code    16  rtx_evr.o(.text)
    EvrRtxThreadJoin                         0x08000acd   Thumb Code    16  rtx_evr.o(.text)
    EvrRtxThreadJoinPending                  0x08000add   Thumb Code    16  rtx_evr.o(.text)
    EvrRtxThreadJoined                       0x08000aed   Thumb Code    16  rtx_evr.o(.text)
    EvrRtxThreadBlocked                      0x08000afd   Thumb Code    16  rtx_evr.o(.text)
    EvrRtxThreadUnblocked                    0x08000b0d   Thumb Code    16  rtx_evr.o(.text)
    EvrRtxThreadPreempted                    0x08000b1d   Thumb Code    16  rtx_evr.o(.text)
    EvrRtxThreadSwitched                     0x08000b2d   Thumb Code    16  rtx_evr.o(.text)
    EvrRtxThreadExit                         0x08000b3d   Thumb Code    16  rtx_evr.o(.text)
    EvrRtxThreadTerminate                    0x08000b4d   Thumb Code    16  rtx_evr.o(.text)
    EvrRtxThreadDestroyed                    0x08000b5d   Thumb Code    16  rtx_evr.o(.text)
    EvrRtxThreadFeedWatchdog                 0x08000b6d   Thumb Code    16  rtx_evr.o(.text)
    EvrRtxThreadFeedWatchdogDone             0x08000b7d   Thumb Code    16  rtx_evr.o(.text)
    EvrRtxThreadProtectPrivileged            0x08000b8d   Thumb Code    16  rtx_evr.o(.text)
    EvrRtxThreadPrivilegedProtected          0x08000b9d   Thumb Code    16  rtx_evr.o(.text)
    EvrRtxThreadGetCount                     0x08000bad   Thumb Code    16  rtx_evr.o(.text)
    EvrRtxThreadEnumerate                    0x08000bbd   Thumb Code    34  rtx_evr.o(.text)
    EvrRtxThreadSuspendClass                 0x08000bdf   Thumb Code    16  rtx_evr.o(.text)
    EvrRtxThreadResumeClass                  0x08000bef   Thumb Code    16  rtx_evr.o(.text)
    EvrRtxThreadTerminateZone                0x08000bff   Thumb Code    16  rtx_evr.o(.text)
    EvrRtxThreadWatchdogExpired              0x08000c0f   Thumb Code    12  rtx_evr.o(.text)
    EvrRtxThreadFlagsError                   0x08000c1b   Thumb Code    12  rtx_evr.o(.text)
    EvrRtxThreadFlagsSet                     0x08000c27   Thumb Code    16  rtx_evr.o(.text)
    EvrRtxThreadFlagsSetDone                 0x08000c37   Thumb Code    16  rtx_evr.o(.text)
    EvrRtxThreadFlagsClear                   0x08000c47   Thumb Code    16  rtx_evr.o(.text)
    EvrRtxThreadFlagsClearDone               0x08000c57   Thumb Code    16  rtx_evr.o(.text)
    EvrRtxThreadFlagsGet                     0x08000c67   Thumb Code    16  rtx_evr.o(.text)
    EvrRtxThreadFlagsWait                    0x08000c77   Thumb Code    34  rtx_evr.o(.text)
    EvrRtxThreadFlagsWaitPending             0x08000c99   Thumb Code    34  rtx_evr.o(.text)
    EvrRtxThreadFlagsWaitTimeout             0x08000cbb   Thumb Code    16  rtx_evr.o(.text)
    EvrRtxThreadFlagsWaitCompleted           0x08000ccb   Thumb Code    32  rtx_evr.o(.text)
    EvrRtxThreadFlagsWaitNotCompleted        0x08000ceb   Thumb Code    16  rtx_evr.o(.text)
    EvrRtxDelayError                         0x08000cfb   Thumb Code    12  rtx_evr.o(.text)
    EvrRtxDelay                              0x08000d07   Thumb Code    16  rtx_evr.o(.text)
    EvrRtxDelayUntil                         0x08000d17   Thumb Code    16  rtx_evr.o(.text)
    EvrRtxDelayStarted                       0x08000d27   Thumb Code    16  rtx_evr.o(.text)
    EvrRtxDelayUntilStarted                  0x08000d37   Thumb Code    16  rtx_evr.o(.text)
    EvrRtxDelayCompleted                     0x08000d47   Thumb Code    16  rtx_evr.o(.text)
    EvrRtxTimerError                         0x08000d57   Thumb Code    12  rtx_evr.o(.text)
    EvrRtxTimerCallback                      0x08000d63   Thumb Code    16  rtx_evr.o(.text)
    EvrRtxTimerNew                           0x08000d73   Thumb Code    32  rtx_evr.o(.text)
    EvrRtxTimerCreated                       0x08000d93   Thumb Code    16  rtx_evr.o(.text)
    EvrRtxTimerGetName                       0x08000da3   Thumb Code    16  rtx_evr.o(.text)
    EvrRtxTimerStart                         0x08000db3   Thumb Code    16  rtx_evr.o(.text)
    EvrRtxTimerStarted                       0x08000dc3   Thumb Code    16  rtx_evr.o(.text)
    EvrRtxTimerStop                          0x08000dd3   Thumb Code    16  rtx_evr.o(.text)
    EvrRtxTimerStopped                       0x08000de3   Thumb Code    16  rtx_evr.o(.text)
    EvrRtxTimerIsRunning                     0x08000df3   Thumb Code    16  rtx_evr.o(.text)
    EvrRtxTimerDelete                        0x08000e03   Thumb Code    16  rtx_evr.o(.text)
    EvrRtxTimerDestroyed                     0x08000e13   Thumb Code    16  rtx_evr.o(.text)
    EvrRtxEventFlagsError                    0x08000e23   Thumb Code    12  rtx_evr.o(.text)
    EvrRtxEventFlagsNew                      0x08000e2f   Thumb Code    16  rtx_evr.o(.text)
    EvrRtxEventFlagsCreated                  0x08000e3f   Thumb Code    16  rtx_evr.o(.text)
    EvrRtxEventFlagsGetName                  0x08000e4f   Thumb Code    16  rtx_evr.o(.text)
    EvrRtxEventFlagsSet                      0x08000e5f   Thumb Code    16  rtx_evr.o(.text)
    EvrRtxEventFlagsSetDone                  0x08000e6f   Thumb Code    16  rtx_evr.o(.text)
    EvrRtxEventFlagsClear                    0x08000e7f   Thumb Code    16  rtx_evr.o(.text)
    EvrRtxEventFlagsClearDone                0x08000e8f   Thumb Code    16  rtx_evr.o(.text)
    EvrRtxEventFlagsGet                      0x08000e9f   Thumb Code    16  rtx_evr.o(.text)
    EvrRtxEventFlagsWait                     0x08000eaf   Thumb Code    32  rtx_evr.o(.text)
    EvrRtxEventFlagsWaitPending              0x08000ecf   Thumb Code    32  rtx_evr.o(.text)
    EvrRtxEventFlagsWaitTimeout              0x08000eef   Thumb Code    16  rtx_evr.o(.text)
    EvrRtxEventFlagsWaitCompleted            0x08000eff   Thumb Code    32  rtx_evr.o(.text)
    EvrRtxEventFlagsWaitNotCompleted         0x08000f1f   Thumb Code    34  rtx_evr.o(.text)
    EvrRtxEventFlagsDelete                   0x08000f41   Thumb Code    16  rtx_evr.o(.text)
    EvrRtxEventFlagsDestroyed                0x08000f51   Thumb Code    16  rtx_evr.o(.text)
    EvrRtxMutexError                         0x08000f61   Thumb Code    12  rtx_evr.o(.text)
    EvrRtxMutexNew                           0x08000f6d   Thumb Code    16  rtx_evr.o(.text)
    EvrRtxMutexCreated                       0x08000f7d   Thumb Code    16  rtx_evr.o(.text)
    EvrRtxMutexGetName                       0x08000f8d   Thumb Code    16  rtx_evr.o(.text)
    EvrRtxMutexAcquire                       0x08000f9d   Thumb Code    16  rtx_evr.o(.text)
    EvrRtxMutexAcquirePending                0x08000fad   Thumb Code    16  rtx_evr.o(.text)
    EvrRtxMutexAcquireTimeout                0x08000fbd   Thumb Code    16  rtx_evr.o(.text)
    EvrRtxMutexAcquired                      0x08000fcd   Thumb Code    16  rtx_evr.o(.text)
    EvrRtxMutexNotAcquired                   0x08000fdd   Thumb Code    16  rtx_evr.o(.text)
    EvrRtxMutexRelease                       0x08000fed   Thumb Code    16  rtx_evr.o(.text)
    EvrRtxMutexReleased                      0x08000ffd   Thumb Code    16  rtx_evr.o(.text)
    EvrRtxMutexGetOwner                      0x0800100d   Thumb Code    16  rtx_evr.o(.text)
    EvrRtxMutexDelete                        0x0800101d   Thumb Code    16  rtx_evr.o(.text)
    EvrRtxMutexDestroyed                     0x0800102d   Thumb Code    16  rtx_evr.o(.text)
    EvrRtxSemaphoreError                     0x0800103d   Thumb Code    12  rtx_evr.o(.text)
    EvrRtxSemaphoreNew                       0x08001049   Thumb Code    34  rtx_evr.o(.text)
    EvrRtxSemaphoreCreated                   0x0800106b   Thumb Code    16  rtx_evr.o(.text)
    EvrRtxSemaphoreGetName                   0x0800107b   Thumb Code    16  rtx_evr.o(.text)
    EvrRtxSemaphoreAcquire                   0x0800108b   Thumb Code    16  rtx_evr.o(.text)
    EvrRtxSemaphoreAcquirePending            0x0800109b   Thumb Code    16  rtx_evr.o(.text)
    EvrRtxSemaphoreAcquireTimeout            0x080010ab   Thumb Code    16  rtx_evr.o(.text)
    EvrRtxSemaphoreAcquired                  0x080010bb   Thumb Code    16  rtx_evr.o(.text)
    EvrRtxSemaphoreNotAcquired               0x080010cb   Thumb Code    16  rtx_evr.o(.text)
    EvrRtxSemaphoreRelease                   0x080010db   Thumb Code    16  rtx_evr.o(.text)
    EvrRtxSemaphoreReleased                  0x080010eb   Thumb Code    16  rtx_evr.o(.text)
    EvrRtxSemaphoreGetCount                  0x080010fb   Thumb Code    16  rtx_evr.o(.text)
    EvrRtxSemaphoreDelete                    0x0800110b   Thumb Code    16  rtx_evr.o(.text)
    EvrRtxSemaphoreDestroyed                 0x0800111b   Thumb Code    16  rtx_evr.o(.text)
    EvrRtxMemoryPoolError                    0x0800112b   Thumb Code    12  rtx_evr.o(.text)
    EvrRtxMemoryPoolNew                      0x08001137   Thumb Code    34  rtx_evr.o(.text)
    EvrRtxMemoryPoolCreated                  0x08001159   Thumb Code    16  rtx_evr.o(.text)
    EvrRtxMemoryPoolGetName                  0x08001169   Thumb Code    16  rtx_evr.o(.text)
    EvrRtxMemoryPoolAlloc                    0x08001179   Thumb Code    16  rtx_evr.o(.text)
    EvrRtxMemoryPoolAllocPending             0x08001189   Thumb Code    16  rtx_evr.o(.text)
    EvrRtxMemoryPoolAllocTimeout             0x08001199   Thumb Code    16  rtx_evr.o(.text)
    EvrRtxMemoryPoolAllocated                0x080011a9   Thumb Code    16  rtx_evr.o(.text)
    EvrRtxMemoryPoolAllocFailed              0x080011b9   Thumb Code    16  rtx_evr.o(.text)
    EvrRtxMemoryPoolFree                     0x080011c9   Thumb Code    16  rtx_evr.o(.text)
    EvrRtxMemoryPoolDeallocated              0x080011d9   Thumb Code    16  rtx_evr.o(.text)
    EvrRtxMemoryPoolFreeFailed               0x080011e9   Thumb Code    16  rtx_evr.o(.text)
    EvrRtxMemoryPoolGetCapacity              0x080011f9   Thumb Code    16  rtx_evr.o(.text)
    EvrRtxMemoryPoolGetBlockSize             0x08001209   Thumb Code    16  rtx_evr.o(.text)
    EvrRtxMemoryPoolGetCount                 0x08001219   Thumb Code    16  rtx_evr.o(.text)
    EvrRtxMemoryPoolGetSpace                 0x08001229   Thumb Code    16  rtx_evr.o(.text)
    EvrRtxMemoryPoolDelete                   0x08001239   Thumb Code    16  rtx_evr.o(.text)
    EvrRtxMemoryPoolDestroyed                0x08001249   Thumb Code    16  rtx_evr.o(.text)
    EvrRtxMessageQueueError                  0x08001259   Thumb Code    12  rtx_evr.o(.text)
    EvrRtxMessageQueueNew                    0x08001265   Thumb Code    34  rtx_evr.o(.text)
    EvrRtxMessageQueueCreated                0x08001287   Thumb Code    16  rtx_evr.o(.text)
    EvrRtxMessageQueueGetName                0x08001297   Thumb Code    16  rtx_evr.o(.text)
    EvrRtxMessageQueuePut                    0x080012a7   Thumb Code    32  rtx_evr.o(.text)
    EvrRtxMessageQueuePutPending             0x080012c7   Thumb Code    34  rtx_evr.o(.text)
    EvrRtxMessageQueuePutTimeout             0x080012e9   Thumb Code    16  rtx_evr.o(.text)
    EvrRtxMessageQueueInsertPending          0x080012f9   Thumb Code    16  rtx_evr.o(.text)
    EvrRtxMessageQueueInserted               0x08001309   Thumb Code    16  rtx_evr.o(.text)
    EvrRtxMessageQueueNotInserted            0x08001319   Thumb Code    16  rtx_evr.o(.text)
    EvrRtxMessageQueueGet                    0x08001329   Thumb Code    32  rtx_evr.o(.text)
    EvrRtxMessageQueueGetPending             0x08001349   Thumb Code    34  rtx_evr.o(.text)
    EvrRtxMessageQueueGetTimeout             0x0800136b   Thumb Code    16  rtx_evr.o(.text)
    EvrRtxMessageQueueRetrieved              0x0800137b   Thumb Code    16  rtx_evr.o(.text)
    EvrRtxMessageQueueNotRetrieved           0x0800138b   Thumb Code    16  rtx_evr.o(.text)
    EvrRtxMessageQueueGetCapacity            0x0800139b   Thumb Code    16  rtx_evr.o(.text)
    EvrRtxMessageQueueGetMsgSize             0x080013ab   Thumb Code    16  rtx_evr.o(.text)
    EvrRtxMessageQueueGetCount               0x080013bb   Thumb Code    16  rtx_evr.o(.text)
    EvrRtxMessageQueueGetSpace               0x080013cb   Thumb Code    16  rtx_evr.o(.text)
    EvrRtxMessageQueueReset                  0x080013db   Thumb Code    16  rtx_evr.o(.text)
    EvrRtxMessageQueueResetDone              0x080013eb   Thumb Code    16  rtx_evr.o(.text)
    EvrRtxMessageQueueDelete                 0x080013fb   Thumb Code    16  rtx_evr.o(.text)
    EvrRtxMessageQueueDestroyed              0x0800140b   Thumb Code    16  rtx_evr.o(.text)
    osRtxKernelBeforeInit                    0x0800141d   Thumb Code     2  rtx_kernel.o(.text)
    osRtxKernelErrorNotify                   0x0800141f   Thumb Code    22  rtx_kernel.o(.text)
    osKernelInitialize                       0x08001435   Thumb Code    54  rtx_kernel.o(.text)
    osKernelGetInfo                          0x0800146b   Thumb Code    70  rtx_kernel.o(.text)
    osKernelGetState                         0x080014f7   Thumb Code    60  rtx_kernel.o(.text)
    osKernelStart                            0x08001549   Thumb Code    50  rtx_kernel.o(.text)
    osKernelLock                             0x0800157b   Thumb Code    50  rtx_kernel.o(.text)
    osKernelUnlock                           0x080015ad   Thumb Code    50  rtx_kernel.o(.text)
    osKernelRestoreLock                      0x080015df   Thumb Code   108  rtx_kernel.o(.text)
    osKernelSuspend                          0x0800168d   Thumb Code    48  rtx_kernel.o(.text)
    osKernelResume                           0x080016bd   Thumb Code    52  rtx_kernel.o(.text)
    osKernelProtect                          0x080016f1   Thumb Code    54  rtx_kernel.o(.text)
    osKernelDestroyClass                     0x08001727   Thumb Code    86  rtx_kernel.o(.text)
    osKernelGetTickCount                     0x08001783   Thumb Code    50  rtx_kernel.o(.text)
    osKernelGetTickFreq                      0x080017c9   Thumb Code    52  rtx_kernel.o(.text)
    osKernelGetSysTimerCount                 0x08001813   Thumb Code    32  rtx_kernel.o(.text)
    osKernelGetSysTimerFreq                  0x08001865   Thumb Code    46  rtx_kernel.o(.text)
    _platform_post_stackheap_init            0x08001c05   Thumb Code     4  rtx_lib.o(.text)
    _fp_init                                 0x08001c09   Thumb Code    22  rtx_lib.o(.text)
    __user_perthread_libspace                0x08001c1f   Thumb Code   102  rtx_lib.o(.text)
    osRtxThreadBeforeFree                    0x08001c85   Thumb Code    36  rtx_lib.o(.text)
    osRtxMemoryInit                          0x08001ca9   Thumb Code    64  rtx_memory.o(.text)
    osRtxMemoryAlloc                         0x08001ce9   Thumb Code   142  rtx_memory.o(.text)
    osRtxMemoryFree                          0x08001d77   Thumb Code    86  rtx_memory.o(.text)
    osRtxMemoryPoolInit                      0x08001dcd   Thumb Code    80  rtx_mempool.o(.text)
    osRtxMemoryPoolAlloc                     0x08001e1d   Thumb Code    68  rtx_mempool.o(.text)
    osRtxMemoryPoolFree                      0x08001e61   Thumb Code    86  rtx_mempool.o(.text)
    osMemoryPoolNew                          0x08001eb7   Thumb Code    66  rtx_mempool.o(.text)
    osMemoryPoolGetName                      0x08001ef9   Thumb Code    32  rtx_mempool.o(.text)
    osMemoryPoolAlloc                        0x08001f3f   Thumb Code   160  rtx_mempool.o(.text)
    osMemoryPoolFree                         0x08001fdf   Thumb Code   112  rtx_mempool.o(.text)
    osMemoryPoolGetCapacity                  0x0800204f   Thumb Code    32  rtx_mempool.o(.text)
    osMemoryPoolGetBlockSize                 0x08002095   Thumb Code    32  rtx_mempool.o(.text)
    osMemoryPoolGetCount                     0x080020db   Thumb Code    32  rtx_mempool.o(.text)
    osMemoryPoolGetSpace                     0x08002121   Thumb Code    32  rtx_mempool.o(.text)
    osMemoryPoolDelete                       0x0800216f   Thumb Code    56  rtx_mempool.o(.text)
    osRtxMessageQueueTimerSetup              0x08002559   Thumb Code    44  rtx_msgqueue.o(.text)
    osMessageQueueNew                        0x080026ed   Thumb Code    66  rtx_msgqueue.o(.text)
    osMessageQueueGetName                    0x0800272f   Thumb Code    32  rtx_msgqueue.o(.text)
    osMessageQueuePut                        0x08002775   Thumb Code   156  rtx_msgqueue.o(.text)
    osMessageQueueGet                        0x08002811   Thumb Code   204  rtx_msgqueue.o(.text)
    osMessageQueueGetCapacity                0x080028dd   Thumb Code    32  rtx_msgqueue.o(.text)
    osMessageQueueGetMsgSize                 0x08002923   Thumb Code    32  rtx_msgqueue.o(.text)
    osMessageQueueGetCount                   0x08002969   Thumb Code    32  rtx_msgqueue.o(.text)
    osMessageQueueGetSpace                   0x080029af   Thumb Code    32  rtx_msgqueue.o(.text)
    osMessageQueueReset                      0x080029fd   Thumb Code    56  rtx_msgqueue.o(.text)
    osMessageQueueDelete                     0x08002a35   Thumb Code    56  rtx_msgqueue.o(.text)
    osRtxMutexOwnerRelease                   0x08002fe5   Thumb Code    92  rtx_mutex.o(.text)
    osRtxMutexOwnerRestore                   0x08003041   Thumb Code    74  rtx_mutex.o(.text)
    osMutexNew                               0x0800308b   Thumb Code    58  rtx_mutex.o(.text)
    osMutexGetName                           0x080030c5   Thumb Code    32  rtx_mutex.o(.text)
    osMutexAcquire                           0x0800310b   Thumb Code    60  rtx_mutex.o(.text)
    osMutexRelease                           0x08003147   Thumb Code    56  rtx_mutex.o(.text)
    osMutexGetOwner                          0x0800317f   Thumb Code    46  rtx_mutex.o(.text)
    osMutexDelete                            0x080031ad   Thumb Code    56  rtx_mutex.o(.text)
    osRtxTick_Handler                        0x08003509   Thumb Code   124  rtx_system.o(.text)
    osRtxPendSV_Handler                      0x08003585   Thumb Code   156  rtx_system.o(.text)
    osRtxPostProcess                         0x08003645   Thumb Code   118  rtx_system.o(.text)
    osRtxThreadListPut                       0x080036bd   Thumb Code    42  rtx_thread.o(.text)
    osRtxThreadListGet                       0x080036e7   Thumb Code    18  rtx_thread.o(.text)
    osRtxThreadListSort                      0x080036f9   Thumb Code    74  rtx_thread.o(.text)
    osRtxThreadListRemove                    0x08003743   Thumb Code    18  rtx_thread.o(.text)
    osRtxThreadReadyPut                      0x08003755   Thumb Code    58  rtx_thread.o(.text)
    osRtxThreadDelayRemove                   0x0800378f   Thumb Code    70  rtx_thread.o(.text)
    osRtxThreadDelayTick                     0x080037d5   Thumb Code   344  rtx_thread.o(.text)
    osRtxThreadRegPtr                        0x0800392d   Thumb Code    20  rtx_thread.o(.text)
    osRtxThreadSwitch                        0x08003941   Thumb Code    36  rtx_thread.o(.text)
    osRtxThreadDispatch                      0x08003965   Thumb Code   132  rtx_thread.o(.text)
    osRtxThreadWaitExit                      0x08003a25   Thumb Code   106  rtx_thread.o(.text)
    osRtxThreadWaitEnter                     0x08003a8f   Thumb Code   100  rtx_thread.o(.text)
    osRtxThreadStackCheck                    0x08003b99   Thumb Code    32  rtx_thread.o(.text)
    osRtxThreadJoinWakeup                    0x08003bb9   Thumb Code    38  rtx_thread.o(.text)
    osRtxThreadDestroy                       0x08003bdf   Thumb Code    54  rtx_thread.o(.text)
    osRtxThreadStartup                       0x08003c7d   Thumb Code    72  rtx_thread.o(.text)
    osThreadNew                              0x08003f0d   Thumb Code    66  rtx_thread.o(.text)
    osThreadGetName                          0x08003f4f   Thumb Code    32  rtx_thread.o(.text)
    osThreadGetClass                         0x08003f95   Thumb Code    36  rtx_thread.o(.text)
    osThreadGetZone                          0x08003fbf   Thumb Code    36  rtx_thread.o(.text)
    osThreadGetId                            0x08003fe9   Thumb Code    54  rtx_thread.o(.text)
    osThreadGetState                         0x08004035   Thumb Code    46  rtx_thread.o(.text)
    osThreadGetStackSize                     0x08004063   Thumb Code    42  rtx_thread.o(.text)
    osThreadGetStackSpace                    0x0800408d   Thumb Code    42  rtx_thread.o(.text)
    osThreadSetPriority                      0x080040b7   Thumb Code    60  rtx_thread.o(.text)
    osThreadGetPriority                      0x080040f3   Thumb Code    46  rtx_thread.o(.text)
    osThreadYield                            0x08004121   Thumb Code    52  rtx_thread.o(.text)
    osThreadSuspend                          0x08004155   Thumb Code    56  rtx_thread.o(.text)
    osThreadResume                           0x0800418d   Thumb Code    56  rtx_thread.o(.text)
    osThreadDetach                           0x080041c5   Thumb Code    56  rtx_thread.o(.text)
    osThreadJoin                             0x080041fd   Thumb Code    56  rtx_thread.o(.text)
    osThreadExit                             0x08004235   Thumb Code    26  rtx_thread.o(.text)
    osThreadTerminate                        0x0800424f   Thumb Code    56  rtx_thread.o(.text)
    osThreadFeedWatchdog                     0x08004287   Thumb Code    56  rtx_thread.o(.text)
    osThreadProtectPrivileged                0x080042bf   Thumb Code    52  rtx_thread.o(.text)
    osThreadSuspendClass                     0x080042f3   Thumb Code    88  rtx_thread.o(.text)
    osThreadResumeClass                      0x08004351   Thumb Code    88  rtx_thread.o(.text)
    osThreadTerminateZone                    0x080043af   Thumb Code   114  rtx_thread.o(.text)
    osThreadSetAffinityMask                  0x08004421   Thumb Code    36  rtx_thread.o(.text)
    osThreadGetAffinityMask                  0x08004445   Thumb Code    34  rtx_thread.o(.text)
    osThreadGetCount                         0x08004467   Thumb Code    42  rtx_thread.o(.text)
    osThreadEnumerate                        0x08004491   Thumb Code    42  rtx_thread.o(.text)
    osThreadFlagsSet                         0x080044bb   Thumb Code   128  rtx_thread.o(.text)
    osThreadFlagsClear                       0x0800453b   Thumb Code    56  rtx_thread.o(.text)
    osThreadFlagsGet                         0x08004573   Thumb Code    42  rtx_thread.o(.text)
    osThreadFlagsWait                        0x0800459d   Thumb Code    64  rtx_thread.o(.text)
    osRtxTimerSetup                          0x08004e1d   Thumb Code    36  rtx_timer.o(.text)
    osRtxTimerThread                         0x08004eb5   Thumb Code    42  rtx_timer.o(.text)
    osTimerNew                               0x08004edf   Thumb Code    74  rtx_timer.o(.text)
    osTimerGetName                           0x08004f29   Thumb Code    32  rtx_timer.o(.text)
    osTimerStart                             0x08004f6f   Thumb Code    60  rtx_timer.o(.text)
    osTimerStop                              0x08004fab   Thumb Code    56  rtx_timer.o(.text)
    osTimerIsRunning                         0x08004fe3   Thumb Code    42  rtx_timer.o(.text)
    osTimerDelete                            0x0800500d   Thumb Code    56  rtx_timer.o(.text)
    OS_Tick_Setup                            0x080052c9   Thumb Code    72  os_systick.o(.text)
    OS_Tick_Enable                           0x08005311   Thumb Code    50  os_systick.o(.text)
    OS_Tick_Disable                          0x08005343   Thumb Code    52  os_systick.o(.text)
    OS_Tick_AcknowledgeIRQ                   0x08005377   Thumb Code    12  os_systick.o(.text)
    OS_Tick_GetIRQn                          0x08005383   Thumb Code     6  os_systick.o(.text)
    OS_Tick_GetClock                         0x08005389   Thumb Code    12  os_systick.o(.text)
    OS_Tick_GetInterval                      0x08005395   Thumb Code    14  os_systick.o(.text)
    OS_Tick_GetCount                         0x080053a3   Thumb Code    24  os_systick.o(.text)
    OS_Tick_GetOverflow                      0x080053bb   Thumb Code    16  os_systick.o(.text)
    osRtxIdleThread                          0x080053cd   Thumb Code     2  rtx_config.o(.text)
    osRtxErrorNotify                         0x080053cf   Thumb Code     4  rtx_config.o(.text)
    _sys_open                                0x080053d5   Thumb Code    98  retarget_io.o(.text)
    _sys_close                               0x08005437   Thumb Code    20  retarget_io.o(.text)
    _sys_write                               0x0800544b   Thumb Code    48  retarget_io.o(.text)
    _sys_read                                0x0800547b   Thumb Code    20  retarget_io.o(.text)
    _sys_istty                               0x0800548f   Thumb Code    16  retarget_io.o(.text)
    _sys_seek                                0x0800549f   Thumb Code     6  retarget_io.o(.text)
    _sys_flen                                0x080054a5   Thumb Code    20  retarget_io.o(.text)
    stdout_putchar                           0x080054b9   Thumb Code    44  stdout_itm.o(.text)
    EventRecorderTimerSetup                  0x080054e5   Thumb Code    36  eventrecorder.o(.text)
    EventRecorderTimerGetFreq                0x08005509   Thumb Code    12  eventrecorder.o(.text)
    EventRecorderTimerGetCount               0x08005515   Thumb Code    12  eventrecorder.o(.text)
    EventRecorderInitialize                  0x08005521   Thumb Code   294  eventrecorder.o(.text)
    EventRecorderEnable                      0x08005647   Thumb Code   106  eventrecorder.o(.text)
    EventRecorderStart                       0x080057ff   Thumb Code    48  eventrecorder.o(.text)
    EventRecorderDisable                     0x0800582f   Thumb Code   106  eventrecorder.o(.text)
    EventRecorderStop                        0x08005899   Thumb Code    48  eventrecorder.o(.text)
    EventRecorderClockUpdate                 0x080058c9   Thumb Code    42  eventrecorder.o(.text)
    EventRecordData                          0x080058f3   Thumb Code   284  eventrecorder.o(.text)
    EventRecord2                             0x08005a0f   Thumb Code    84  eventrecorder.o(.text)
    EventRecord4                             0x08005a63   Thumb Code   148  eventrecorder.o(.text)
    Reset_Handler                            0x08005af9   Thumb Code     8  startup_stm32l476xx.o(.text)
    NMI_Handler                              0x08005b01   Thumb Code     2  startup_stm32l476xx.o(.text)
    HardFault_Handler                        0x08005b03   Thumb Code     2  startup_stm32l476xx.o(.text)
    MemManage_Handler                        0x08005b05   Thumb Code     2  startup_stm32l476xx.o(.text)
    BusFault_Handler                         0x08005b07   Thumb Code     2  startup_stm32l476xx.o(.text)
    UsageFault_Handler                       0x08005b09   Thumb Code     2  startup_stm32l476xx.o(.text)
    DebugMon_Handler                         0x08005b0d   Thumb Code     2  startup_stm32l476xx.o(.text)
    ADC1_2_IRQHandler                        0x08005b13   Thumb Code     0  startup_stm32l476xx.o(.text)
    ADC3_IRQHandler                          0x08005b13   Thumb Code     0  startup_stm32l476xx.o(.text)
    CAN1_RX0_IRQHandler                      0x08005b13   Thumb Code     0  startup_stm32l476xx.o(.text)
    CAN1_RX1_IRQHandler                      0x08005b13   Thumb Code     0  startup_stm32l476xx.o(.text)
    CAN1_SCE_IRQHandler                      0x08005b13   Thumb Code     0  startup_stm32l476xx.o(.text)
    CAN1_TX_IRQHandler                       0x08005b13   Thumb Code     0  startup_stm32l476xx.o(.text)
    COMP_IRQHandler                          0x08005b13   Thumb Code     0  startup_stm32l476xx.o(.text)
    DFSDM1_FLT0_IRQHandler                   0x08005b13   Thumb Code     0  startup_stm32l476xx.o(.text)
    DFSDM1_FLT1_IRQHandler                   0x08005b13   Thumb Code     0  startup_stm32l476xx.o(.text)
    DFSDM1_FLT2_IRQHandler                   0x08005b13   Thumb Code     0  startup_stm32l476xx.o(.text)
    DFSDM1_FLT3_IRQHandler                   0x08005b13   Thumb Code     0  startup_stm32l476xx.o(.text)
    DMA1_Channel1_IRQHandler                 0x08005b13   Thumb Code     0  startup_stm32l476xx.o(.text)
    DMA1_Channel2_IRQHandler                 0x08005b13   Thumb Code     0  startup_stm32l476xx.o(.text)
    DMA1_Channel3_IRQHandler                 0x08005b13   Thumb Code     0  startup_stm32l476xx.o(.text)
    DMA1_Channel4_IRQHandler                 0x08005b13   Thumb Code     0  startup_stm32l476xx.o(.text)
    DMA1_Channel5_IRQHandler                 0x08005b13   Thumb Code     0  startup_stm32l476xx.o(.text)
    DMA1_Channel6_IRQHandler                 0x08005b13   Thumb Code     0  startup_stm32l476xx.o(.text)
    DMA1_Channel7_IRQHandler                 0x08005b13   Thumb Code     0  startup_stm32l476xx.o(.text)
    DMA2_Channel1_IRQHandler                 0x08005b13   Thumb Code     0  startup_stm32l476xx.o(.text)
    DMA2_Channel2_IRQHandler                 0x08005b13   Thumb Code     0  startup_stm32l476xx.o(.text)
    DMA2_Channel3_IRQHandler                 0x08005b13   Thumb Code     0  startup_stm32l476xx.o(.text)
    DMA2_Channel4_IRQHandler                 0x08005b13   Thumb Code     0  startup_stm32l476xx.o(.text)
    DMA2_Channel5_IRQHandler                 0x08005b13   Thumb Code     0  startup_stm32l476xx.o(.text)
    DMA2_Channel6_IRQHandler                 0x08005b13   Thumb Code     0  startup_stm32l476xx.o(.text)
    DMA2_Channel7_IRQHandler                 0x08005b13   Thumb Code     0  startup_stm32l476xx.o(.text)
    EXTI0_IRQHandler                         0x08005b13   Thumb Code     0  startup_stm32l476xx.o(.text)
    EXTI15_10_IRQHandler                     0x08005b13   Thumb Code     0  startup_stm32l476xx.o(.text)
    EXTI1_IRQHandler                         0x08005b13   Thumb Code     0  startup_stm32l476xx.o(.text)
    EXTI2_IRQHandler                         0x08005b13   Thumb Code     0  startup_stm32l476xx.o(.text)
    EXTI3_IRQHandler                         0x08005b13   Thumb Code     0  startup_stm32l476xx.o(.text)
    EXTI4_IRQHandler                         0x08005b13   Thumb Code     0  startup_stm32l476xx.o(.text)
    EXTI9_5_IRQHandler                       0x08005b13   Thumb Code     0  startup_stm32l476xx.o(.text)
    FLASH_IRQHandler                         0x08005b13   Thumb Code     0  startup_stm32l476xx.o(.text)
    FMC_IRQHandler                           0x08005b13   Thumb Code     0  startup_stm32l476xx.o(.text)
    FPU_IRQHandler                           0x08005b13   Thumb Code     0  startup_stm32l476xx.o(.text)
    I2C1_ER_IRQHandler                       0x08005b13   Thumb Code     0  startup_stm32l476xx.o(.text)
    I2C1_EV_IRQHandler                       0x08005b13   Thumb Code     0  startup_stm32l476xx.o(.text)
    I2C2_ER_IRQHandler                       0x08005b13   Thumb Code     0  startup_stm32l476xx.o(.text)
    I2C2_EV_IRQHandler                       0x08005b13   Thumb Code     0  startup_stm32l476xx.o(.text)
    I2C3_ER_IRQHandler                       0x08005b13   Thumb Code     0  startup_stm32l476xx.o(.text)
    I2C3_EV_IRQHandler                       0x08005b13   Thumb Code     0  startup_stm32l476xx.o(.text)
    LCD_IRQHandler                           0x08005b13   Thumb Code     0  startup_stm32l476xx.o(.text)
    LPTIM1_IRQHandler                        0x08005b13   Thumb Code     0  startup_stm32l476xx.o(.text)
    LPTIM2_IRQHandler                        0x08005b13   Thumb Code     0  startup_stm32l476xx.o(.text)
    LPUART1_IRQHandler                       0x08005b13   Thumb Code     0  startup_stm32l476xx.o(.text)
    OTG_FS_IRQHandler                        0x08005b13   Thumb Code     0  startup_stm32l476xx.o(.text)
    PVD_PVM_IRQHandler                       0x08005b13   Thumb Code     0  startup_stm32l476xx.o(.text)
    QUADSPI_IRQHandler                       0x08005b13   Thumb Code     0  startup_stm32l476xx.o(.text)
    RCC_IRQHandler                           0x08005b13   Thumb Code     0  startup_stm32l476xx.o(.text)
    RNG_IRQHandler                           0x08005b13   Thumb Code     0  startup_stm32l476xx.o(.text)
    RTC_Alarm_IRQHandler                     0x08005b13   Thumb Code     0  startup_stm32l476xx.o(.text)
    RTC_WKUP_IRQHandler                      0x08005b13   Thumb Code     0  startup_stm32l476xx.o(.text)
    SAI1_IRQHandler                          0x08005b13   Thumb Code     0  startup_stm32l476xx.o(.text)
    SAI2_IRQHandler                          0x08005b13   Thumb Code     0  startup_stm32l476xx.o(.text)
    SDMMC1_IRQHandler                        0x08005b13   Thumb Code     0  startup_stm32l476xx.o(.text)
    SPI1_IRQHandler                          0x08005b13   Thumb Code     0  startup_stm32l476xx.o(.text)
    SPI2_IRQHandler                          0x08005b13   Thumb Code     0  startup_stm32l476xx.o(.text)
    SPI3_IRQHandler                          0x08005b13   Thumb Code     0  startup_stm32l476xx.o(.text)
    SWPMI1_IRQHandler                        0x08005b13   Thumb Code     0  startup_stm32l476xx.o(.text)
    TAMP_STAMP_IRQHandler                    0x08005b13   Thumb Code     0  startup_stm32l476xx.o(.text)
    TIM1_BRK_TIM15_IRQHandler                0x08005b13   Thumb Code     0  startup_stm32l476xx.o(.text)
    TIM1_CC_IRQHandler                       0x08005b13   Thumb Code     0  startup_stm32l476xx.o(.text)
    TIM1_TRG_COM_TIM17_IRQHandler            0x08005b13   Thumb Code     0  startup_stm32l476xx.o(.text)
    TIM1_UP_TIM16_IRQHandler                 0x08005b13   Thumb Code     0  startup_stm32l476xx.o(.text)
    TIM2_IRQHandler                          0x08005b13   Thumb Code     0  startup_stm32l476xx.o(.text)
    TIM3_IRQHandler                          0x08005b13   Thumb Code     0  startup_stm32l476xx.o(.text)
    TIM4_IRQHandler                          0x08005b13   Thumb Code     0  startup_stm32l476xx.o(.text)
    TIM5_IRQHandler                          0x08005b13   Thumb Code     0  startup_stm32l476xx.o(.text)
    TIM6_DAC_IRQHandler                      0x08005b13   Thumb Code     0  startup_stm32l476xx.o(.text)
    TIM7_IRQHandler                          0x08005b13   Thumb Code     0  startup_stm32l476xx.o(.text)
    TIM8_BRK_IRQHandler                      0x08005b13   Thumb Code     0  startup_stm32l476xx.o(.text)
    TIM8_CC_IRQHandler                       0x08005b13   Thumb Code     0  startup_stm32l476xx.o(.text)
    TIM8_TRG_COM_IRQHandler                  0x08005b13   Thumb Code     0  startup_stm32l476xx.o(.text)
    TIM8_UP_IRQHandler                       0x08005b13   Thumb Code     0  startup_stm32l476xx.o(.text)
    TSC_IRQHandler                           0x08005b13   Thumb Code     0  startup_stm32l476xx.o(.text)
    UART4_IRQHandler                         0x08005b13   Thumb Code     0  startup_stm32l476xx.o(.text)
    UART5_IRQHandler                         0x08005b13   Thumb Code     0  startup_stm32l476xx.o(.text)
    USART1_IRQHandler                        0x08005b13   Thumb Code     0  startup_stm32l476xx.o(.text)
    USART2_IRQHandler                        0x08005b13   Thumb Code     0  startup_stm32l476xx.o(.text)
    USART3_IRQHandler                        0x08005b13   Thumb Code     0  startup_stm32l476xx.o(.text)
    WWDG_IRQHandler                          0x08005b13   Thumb Code     0  startup_stm32l476xx.o(.text)
    SystemInit                               0x08005b1d   Thumb Code    84  system_stm32l4xx.o(.text)
    SystemCoreClockUpdate                    0x08005b71   Thumb Code   184  system_stm32l4xx.o(.text)
    __2printf                                0x08005c29   Thumb Code    20  noretval__2printf.o(.text)
    __printf                                 0x08005c41   Thumb Code   104  __printf.o(.text)
    _printf_int_dec                          0x08005ca9   Thumb Code   104  _printf_dec.o(.text)
    __aeabi_memcpy                           0x08005d21   Thumb Code     0  rt_memcpy_v6.o(.text)
    __rt_memcpy                              0x08005d21   Thumb Code   138  rt_memcpy_v6.o(.text)
    _memcpy_lastbytes                        0x08005d87   Thumb Code     0  rt_memcpy_v6.o(.text)
    __aeabi_memset4                          0x08005dab   Thumb Code    16  aeabi_memset4.o(.text)
    __aeabi_memset8                          0x08005dab   Thumb Code     0  aeabi_memset4.o(.text)
    __aeabi_memclr                           0x08005dbb   Thumb Code     0  rt_memclr.o(.text)
    __rt_memclr                              0x08005dbb   Thumb Code     0  rt_memclr.o(.text)
    _memset                                  0x08005dbf   Thumb Code    64  rt_memclr.o(.text)
    __aeabi_memclr4                          0x08005dff   Thumb Code     0  rt_memclr_w.o(.text)
    __aeabi_memclr8                          0x08005dff   Thumb Code     0  rt_memclr_w.o(.text)
    __rt_memclr_w                            0x08005dff   Thumb Code     0  rt_memclr_w.o(.text)
    _memset_w                                0x08005e03   Thumb Code    74  rt_memclr_w.o(.text)
    strcmp                                   0x08005e51   Thumb Code   124  strcmpv7em.o(.text)
    _printf_int_common                       0x08005ecd   Thumb Code   178  _printf_intcommon.o(.text)
    __aeabi_memcpy4                          0x08005f7f   Thumb Code     0  rt_memcpy_w.o(.text)
    __aeabi_memcpy8                          0x08005f7f   Thumb Code     0  rt_memcpy_w.o(.text)
    __rt_memcpy_w                            0x08005f7f   Thumb Code   100  rt_memcpy_w.o(.text)
    _memcpy_lastbytes_aligned                0x08005fc7   Thumb Code     0  rt_memcpy_w.o(.text)
    _printf_char_common                      0x08005fef   Thumb Code    32  _printf_char_common.o(.text)
    _initio                                  0x08006015   Thumb Code   240  initio_locked.o(.text)
    _terminateio                             0x08006105   Thumb Code   168  initio_locked.o(.text)
    free_internal$concurrent                 0x080061dd   Thumb Code    98  h1_free_threads.o(.text)
    free                                     0x0800623f   Thumb Code    20  h1_free_threads.o(.text)
    __flsbuf                                 0x08006253   Thumb Code   482  flsbuf.o(.text)
    __flsbuf_byte                            0x08006253   Thumb Code     0  flsbuf.o(.text)
    __flsbuf_wide                            0x08006253   Thumb Code     0  flsbuf.o(.text)
    _fclose_internal                         0x0800643b   Thumb Code    76  fclose.o(.text)
    fclose                                   0x0800643b   Thumb Code     0  fclose.o(.text)
    setvbuf                                  0x08006487   Thumb Code   104  setvbuf_locked.o(.text)
    freopen                                  0x080065a5   Thumb Code    42  fopen_locked.o(.text)
    _fopen$locked                            0x080065cf   Thumb Code   100  fopen_locked.o(.text)
    exit                                     0x0800663d   Thumb Code    18  exit.o(.text)
    __rt_SIGRTRED                            0x0800664f   Thumb Code    14  defsig_rtred_outer.o(.text)
    __user_libspace                          0x0800665d   Thumb Code     8  libspace.o(.text)
    __user_perproc_libspace                  0x0800665d   Thumb Code     0  libspace.o(.text)
    __rt_heap_descriptor                     0x08006665   Thumb Code    10  rt_heap_descriptor_twolibspace.o(.text)
    __use_no_heap                            0x0800666f   Thumb Code     2  hguard.o(.text)
    __heap$guard                             0x08006671   Thumb Code     2  hguard.o(.text)
    _terminate_user_alloc                    0x08006673   Thumb Code     2  init_alloc.o(.text)
    _init_user_alloc                         0x08006675   Thumb Code     2  init_alloc.o(.text)
    __Heap_Full                              0x08006677   Thumb Code    34  init_alloc.o(.text)
    __Heap_Broken                            0x08006699   Thumb Code     6  init_alloc.o(.text)
    _init_alloc                              0x0800669f   Thumb Code    94  init_alloc.o(.text)
    malloc_internal$concurrent               0x0800670d   Thumb Code   130  h1_alloc_threads.o(.text)
    malloc                                   0x0800678f   Thumb Code    20  h1_alloc_threads.o(.text)
    _printf_char_file                        0x080067a5   Thumb Code    58  _printf_char_file_locked.o(.text)
    _fseek                                   0x080067e5   Thumb Code   242  fseek.o(.text)
    fseek                                    0x080067e5   Thumb Code     0  fseek.o(.text)
    _seterr                                  0x080068dd   Thumb Code    20  stdio.o(.text)
    _writebuf                                0x080068f1   Thumb Code   108  stdio.o(.text)
    _fflush                                  0x0800695d   Thumb Code    70  stdio.o(.text)
    _deferredlazyseek                        0x080069a3   Thumb Code    60  stdio.o(.text)
    __sig_exit                               0x080069eb   Thumb Code    10  defsig_exit.o(.text)
    __rt_SIGRTRED_inner                      0x080069f5   Thumb Code    14  defsig_rtred_inner.o(.text)
    _sys_exit                                0x08006a29   Thumb Code     8  sys_exit.o(.text)
    __I$use$semihosting                      0x08006a35   Thumb Code     0  use_no_semi.o(.text)
    __use_no_semihosting_swi                 0x08006a35   Thumb Code     2  use_no_semi.o(.text)
    __Heap_Initialize                        0x08006a37   Thumb Code    14  h1_init_threads.o(.text)
    __semihosting_library_function           0x08006a37   Thumb Code     0  indicate_semi.o(.text)
    _maybe_terminate_alloc                   0x08006a37   Thumb Code     0  maybetermalloc2.o(.text)
    __Heap_DescSize                          0x08006a45   Thumb Code     4  h1_init_threads.o(.text)
    __Heap_ProvideMemory                     0x08006a57   Thumb Code    68  h1_extend_threads.o(.text)
    _ftell_internal                          0x08006a9b   Thumb Code    66  ftell.o(.text)
    ftell                                    0x08006a9b   Thumb Code     0  ftell.o(.text)
    __default_signal_display                 0x08006add   Thumb Code    50  defsig_general.o(.text)
    __rt_SIGRTMEM                            0x08006b0f   Thumb Code    14  defsig_rtmem_outer.o(.text)
    __rt_heap_escrow                         0x08006b1d   Thumb Code    22  heapauxa.o(.text)
    __rt_heap_expand                         0x08006b33   Thumb Code    52  heapauxa.o(.text)
    _ttywrch                                 0x08006b6d   Thumb Code    14  sys_wrch.o(.text)
    __aeabi_errno_addr                       0x08006b7b   Thumb Code     4  rt_errno_addr_twolibspace.o(.text)
    __errno$twolibspace                      0x08006b7b   Thumb Code     0  rt_errno_addr_twolibspace.o(.text)
    __rt_errno_addr$twolibspace              0x08006b7b   Thumb Code     0  rt_errno_addr_twolibspace.o(.text)
    _terminate_alloc                         0x08006b7f   Thumb Code    16  term_alloc.o(.text)
    __rt_SIGRTMEM_inner                      0x08006b91   Thumb Code    22  defsig_rtmem_inner.o(.text)
    __Heap_Finalize                          0x08006be1   Thumb Code    10  h1_final_threads.o(.text)
    _mutex_acquire                           0x08006beb   Thumb Code    52  rtx_lib.o(.text._mutex_acquire)
    _mutex_free                              0x08006c1f   Thumb Code     6  rtx_lib.o(.text._mutex_free)
    _mutex_initialize                        0x08006c25   Thumb Code    30  rtx_lib.o(.text._mutex_initialize)
    _mutex_release                           0x08006c43   Thumb Code    48  rtx_lib.o(.text._mutex_release)
    _fputc$unlocked                          0x08006c73   Thumb Code    28  fputc.o(i.fputc)
    $Super$$_fp_init                         0x08006c8f   Thumb Code    26  fpinit.o(x$fpl$fpinit)
    __fplib_config_fpu_vfp                   0x08006ca7   Thumb Code     0  fpinit.o(x$fpl$fpinit)
    __fplib_config_pureend_doubles           0x08006ca7   Thumb Code     0  fpinit.o(x$fpl$fpinit)
    osRtxConfig                              0x08006ca8   Data         112  rtx_lib.o(.rodata)
    os_cb_sections                           0x08006d18   Data          56  rtx_lib.o(.rodata)
    AHBPrescTable                            0x08006d50   Data          16  system_stm32l4xx.o(.rodata.AHBPrescTable)
    EventRecorderInfo                        0x08006d60   Data          24  eventrecorder.o(.rodata.EventRecorderInfo)
    MSIRangeTable                            0x08006d78   Data          48  system_stm32l4xx.o(.rodata.MSIRangeTable)
    __stderr_name                            0x08006da8   Data           8  retarget_io.o(.rodata.__stderr_name)
    __stdin_name                             0x08006db0   Data           7  retarget_io.o(.rodata.__stdin_name)
    __stdout_name                            0x08006db7   Data           8  retarget_io.o(.rodata.__stdout_name)
    osRtxUserSVC                             0x08006dc0   Data           4  rtx_lib.o(.rodata.osRtxUserSVC)
    Region$$Table$$Base                      0x08006e30   Number         0  anon$$obj.o(Region$$Table)
    Region$$Table$$Limit                     0x08006e50   Number         0  anon$$obj.o(Region$$Table)
    __aeabi_stdin                            0x20000000   Data           4  stdio_streams.o(.data)
    __aeabi_stdout                           0x20000004   Data           4  stdio_streams.o(.data)
    __aeabi_stderr                           0x20000008   Data           4  stdio_streams.o(.data)
    _stream_list_lock                        0x2000000c   Data           4  streamlock.o(.data)
    SystemCoreClock                          0x20000014   Data           4  system_stm32l4xx.o(.data.SystemCoreClock)
    osRtxInfo                                0x20000018   Data         164  rtx_kernel.o(.data.os)
    __stdin                                  0x200000c0   Data          84  stdio_streams.o(.bss)
    __stdout                                 0x20000114   Data          84  stdio_streams.o(.bss)
    __stderr                                 0x20000168   Data          84  stdio_streams.o(.bss)
    __libspace_start                         0x200001bc   Data          96  libspace.o(.bss)
    __temporary_stack_top$libspace           0x2000021c   Data           0  libspace.o(.bss)
    counter                                  0x2000021c   Data           4  rtx_blinky.o(.bss.counter)
    .bss.os.msgqueue.cb$$Base                0x20008454   Number         0  rtx_lib.o(.bss.os.msgqueue.cb)
    .bss.os.msgqueue.cb$$Limit               0x20008488   Number         0  rtx_lib.o(.bss.os.msgqueue.cb)
    .bss.os.thread.cb$$Base                  0x200084d8   Number         0  rtx_lib.o(.bss.os.thread.cb)
    .bss.os.thread.cb$$Limit                 0x20008578   Number         0  rtx_lib.o(.bss.os.thread.cb)
    tid_app_main                             0x2000897c   Data           4  rtx_blinky.o(.bss.tid_app_main)
    tid_blinkLED                             0x20008980   Data           4  rtx_blinky.o(.bss.tid_blinkLED)
    __heap_base                              0x20008988   Data           0  startup_stm32l476xx.o(HEAP)
    __heap_limit                             0x20008b88   Data           0  startup_stm32l476xx.o(HEAP)
    __initial_sp                             0x20008f88   Data           0  startup_stm32l476xx.o(STACK)



==============================================================================

Memory Map of the image

  Image Entry point : 0x08000189

  Load Region LR_IROM1 (Base: 0x08000000, Size: 0x00006f10, Max: 0x00100000, ABSOLUTE)

    Execution Region ER_IROM1 (Exec base: 0x08000000, Load base: 0x08000000, Size: 0x00006e50, Max: 0x00100000, ABSOLUTE)

    Exec Addr    Load Addr    Size         Type   Attr      Idx    E Section Name        Object

    0x08000000   0x08000000   0x00000188   Data   RO          223    RESET               startup_stm32l476xx.o
    0x08000188   0x08000188   0x00000008   Code   RO          284  * !!!main             c_w.l(__main.o)
    0x08000190   0x08000190   0x0000005c   Code   RO          645    !!!scatter          c_w.l(__scatter.o)
    0x080001ec   0x080001ec   0x0000001a   Code   RO          649    !!handler_copy      c_w.l(__scatter_copy.o)
    0x08000206   0x08000206   0x00000002   PAD
    0x08000208   0x08000208   0x00000002   Code   RO          646    !!handler_null      c_w.l(__scatter.o)
    0x0800020a   0x0800020a   0x00000002   PAD
    0x0800020c   0x0800020c   0x0000001c   Code   RO          651    !!handler_zi        c_w.l(__scatter_zi.o)
    0x08000228   0x08000228   0x00000000   Code   RO          273    .ARM.Collect$$_printf_percent$$00000000  c_w.l(_printf_percent.o)
    0x08000228   0x08000228   0x00000006   Code   RO          272    .ARM.Collect$$_printf_percent$$00000009  c_w.l(_printf_d.o)
    0x0800022e   0x0800022e   0x00000004   Code   RO          293    .ARM.Collect$$_printf_percent$$00000017  c_w.l(_printf_percent_end.o)
    0x08000232   0x08000232   0x00000002   Code   RO          420    .ARM.Collect$$libinit$$00000000  c_w.l(libinit.o)
    0x08000234   0x08000234   0x00000004   Code   RO          421    .ARM.Collect$$libinit$$00000001  c_w.l(libinit2.o)
    0x08000238   0x08000238   0x00000000   Code   RO          424    .ARM.Collect$$libinit$$00000004  c_w.l(libinit2.o)
    0x08000238   0x08000238   0x00000000   Code   RO          426    .ARM.Collect$$libinit$$00000006  c_w.l(libinit2.o)
    0x08000238   0x08000238   0x00000008   Code   RO          542    .ARM.Collect$$libinit$$00000008  c_w.l(libinit3.o)
    0x08000240   0x08000240   0x00000000   Code   RO          429    .ARM.Collect$$libinit$$0000000C  c_w.l(libinit2.o)
    0x08000240   0x08000240   0x00000000   Code   RO          431    .ARM.Collect$$libinit$$0000000E  c_w.l(libinit2.o)
    0x08000240   0x08000240   0x00000000   Code   RO          433    .ARM.Collect$$libinit$$00000010  c_w.l(libinit2.o)
    0x08000240   0x08000240   0x00000000   Code   RO          436    .ARM.Collect$$libinit$$00000013  c_w.l(libinit2.o)
    0x08000240   0x08000240   0x00000000   Code   RO          438    .ARM.Collect$$libinit$$00000015  c_w.l(libinit2.o)
    0x08000240   0x08000240   0x00000000   Code   RO          440    .ARM.Collect$$libinit$$00000017  c_w.l(libinit2.o)
    0x08000240   0x08000240   0x00000000   Code   RO          442    .ARM.Collect$$libinit$$00000019  c_w.l(libinit2.o)
    0x08000240   0x08000240   0x00000000   Code   RO          444    .ARM.Collect$$libinit$$0000001B  c_w.l(libinit2.o)
    0x08000240   0x08000240   0x00000000   Code   RO          446    .ARM.Collect$$libinit$$0000001D  c_w.l(libinit2.o)
    0x08000240   0x08000240   0x00000000   Code   RO          448    .ARM.Collect$$libinit$$0000001F  c_w.l(libinit2.o)
    0x08000240   0x08000240   0x00000000   Code   RO          450    .ARM.Collect$$libinit$$00000021  c_w.l(libinit2.o)
    0x08000240   0x08000240   0x00000000   Code   RO          452    .ARM.Collect$$libinit$$00000023  c_w.l(libinit2.o)
    0x08000240   0x08000240   0x00000000   Code   RO          454    .ARM.Collect$$libinit$$00000025  c_w.l(libinit2.o)
    0x08000240   0x08000240   0x00000004   Code   RO          455    .ARM.Collect$$libinit$$00000026  c_w.l(libinit2.o)
    0x08000244   0x08000244   0x00000000   Code   RO          456    .ARM.Collect$$libinit$$00000027  c_w.l(libinit2.o)
    0x08000244   0x08000244   0x00000000   Code   RO          460    .ARM.Collect$$libinit$$0000002E  c_w.l(libinit2.o)
    0x08000244   0x08000244   0x00000000   Code   RO          462    .ARM.Collect$$libinit$$00000030  c_w.l(libinit2.o)
    0x08000244   0x08000244   0x00000000   Code   RO          464    .ARM.Collect$$libinit$$00000032  c_w.l(libinit2.o)
    0x08000244   0x08000244   0x00000000   Code   RO          466    .ARM.Collect$$libinit$$00000034  c_w.l(libinit2.o)
    0x08000244   0x08000244   0x00000002   Code   RO          467    .ARM.Collect$$libinit$$00000035  c_w.l(libinit2.o)
    0x08000246   0x08000246   0x00000002   PAD
    0x08000248   0x08000248   0x00000008   Code   RO          543    .ARM.Collect$$libinit$$00002719  c_w.l(libinit3.o)
    0x08000250   0x08000250   0x00000002   Code   RO          624    .ARM.Collect$$libshutdown$$00000000  c_w.l(libshutdown.o)
    0x08000252   0x08000252   0x00000000   Code   RO          469    .ARM.Collect$$libshutdown$$00000002  c_w.l(libshutdown2.o)
    0x08000252   0x08000252   0x00000004   Code   RO          470    .ARM.Collect$$libshutdown$$00000003  c_w.l(libshutdown2.o)
    0x08000256   0x08000256   0x00000000   Code   RO          471    .ARM.Collect$$libshutdown$$00000004  c_w.l(libshutdown2.o)
    0x08000256   0x08000256   0x00000000   Code   RO          474    .ARM.Collect$$libshutdown$$00000007  c_w.l(libshutdown2.o)
    0x08000256   0x08000256   0x00000000   Code   RO          477    .ARM.Collect$$libshutdown$$0000000A  c_w.l(libshutdown2.o)
    0x08000256   0x08000256   0x00000000   Code   RO          479    .ARM.Collect$$libshutdown$$0000000C  c_w.l(libshutdown2.o)
    0x08000256   0x08000256   0x00000004   Code   RO          480    .ARM.Collect$$libshutdown$$0000000D  c_w.l(libshutdown2.o)
    0x0800025a   0x0800025a   0x00000000   Code   RO          482    .ARM.Collect$$libshutdown$$0000000F  c_w.l(libshutdown2.o)
    0x0800025a   0x0800025a   0x00000002   Code   RO          483    .ARM.Collect$$libshutdown$$00000010  c_w.l(libshutdown2.o)
    0x0800025c   0x0800025c   0x00000000   Code   RO          288    .ARM.Collect$$rtentry$$00000000  c_w.l(__rtentry.o)
    0x0800025c   0x0800025c   0x00000000   Code   RO          303    .ARM.Collect$$rtentry$$00000002  c_w.l(__rtentry2.o)
    0x0800025c   0x0800025c   0x00000004   Code   RO          317    .ARM.Collect$$rtentry$$00000005  c_w.l(__rtentry5.o)
    0x08000260   0x08000260   0x00000008   Code   RO          304    .ARM.Collect$$rtentry$$00000008  c_w.l(__rtentry2.o)
    0x08000268   0x08000268   0x00000004   Code   RO          306    .ARM.Collect$$rtentry$$0000000A  c_w.l(__rtentry2.o)
    0x0800026c   0x0800026c   0x00000000   Code   RO          308    .ARM.Collect$$rtentry$$0000000C  c_w.l(__rtentry2.o)
    0x0800026c   0x0800026c   0x00000008   Code   RO          309    .ARM.Collect$$rtentry$$0000000D  c_w.l(__rtentry2.o)
    0x08000274   0x08000274   0x00000004   Code   RO          318    .ARM.Collect$$rtentry$$00002716  c_w.l(__rtentry5.o)
    0x08000278   0x08000278   0x00000002   Code   RO          493    .ARM.Collect$$rtexit$$00000000  c_w.l(rtexit.o)
    0x0800027a   0x0800027a   0x00000000   Code   RO          554    .ARM.Collect$$rtexit$$00000002  c_w.l(rtexit2.o)
    0x0800027a   0x0800027a   0x00000004   Code   RO          555    .ARM.Collect$$rtexit$$00000003  c_w.l(rtexit2.o)
    0x0800027e   0x0800027e   0x00000006   Code   RO          556    .ARM.Collect$$rtexit$$00000004  c_w.l(rtexit2.o)
    0x08000284   0x08000284   0x0000017a   Code   RO            1    .text               rtx_blinky.o
    0x080003fe   0x080003fe   0x00000002   PAD
    0x08000400   0x08000400   0x00000066   Code   RO           13    .text               buttons_nucleo-l476rg.o
    0x08000466   0x08000466   0x00000002   PAD
    0x08000468   0x08000468   0x000000a0   Code   RO           21    .text               led_nucleo-l476rg.o
    0x08000508   0x08000508   0x0000010c   Code   RO           30    .text               irq_armv7m.o
    0x08000614   0x08000614   0x000000e6   Code   RO           37    .text               rtx_delay.o
    0x080006fa   0x080006fa   0x00000002   PAD
    0x080006fc   0x080006fc   0x00000d1e   Code   RO           54    .text               rtx_evr.o
    0x0800141a   0x0800141a   0x00000002   PAD
    0x0800141c   0x0800141c   0x000007e8   Code   RO           62    .text               rtx_kernel.o
    0x08001c04   0x08001c04   0x000000a4   Code   RO           73    .text               rtx_lib.o
    0x08001ca8   0x08001ca8   0x00000124   Code   RO          105    .text               rtx_memory.o
    0x08001dcc   0x08001dcc   0x0000078c   Code   RO          113    .text               rtx_mempool.o
    0x08002558   0x08002558   0x00000a8a   Code   RO          122    .text               rtx_msgqueue.o
    0x08002fe2   0x08002fe2   0x00000002   PAD
    0x08002fe4   0x08002fe4   0x00000524   Code   RO          131    .text               rtx_mutex.o
    0x08003508   0x08003508   0x000001b2   Code   RO          149    .text               rtx_system.o
    0x080036ba   0x080036ba   0x00000002   PAD
    0x080036bc   0x080036bc   0x00001760   Code   RO          158    .text               rtx_thread.o
    0x08004e1c   0x08004e1c   0x000004ac   Code   RO          167    .text               rtx_timer.o
    0x080052c8   0x080052c8   0x00000102   Code   RO          176    .text               os_systick.o
    0x080053ca   0x080053ca   0x00000002   PAD
    0x080053cc   0x080053cc   0x00000006   Code   RO          185    .text               rtx_config.o
    0x080053d2   0x080053d2   0x00000002   PAD
    0x080053d4   0x080053d4   0x000000e4   Code   RO          192    .text               retarget_io.o
    0x080054b8   0x080054b8   0x0000002c   Code   RO          203    .text               stdout_itm.o
    0x080054e4   0x080054e4   0x00000612   Code   RO          211    .text               eventrecorder.o
    0x08005af6   0x08005af6   0x00000002   PAD
    0x08005af8   0x08005af8   0x00000024   Code   RO          224    .text               startup_stm32l476xx.o
    0x08005b1c   0x08005b1c   0x0000010c   Code   RO          230    .text               system_stm32l4xx.o
    0x08005c28   0x08005c28   0x00000018   Code   RO          246    .text               c_w.l(noretval__2printf.o)
    0x08005c40   0x08005c40   0x00000068   Code   RO          248    .text               c_w.l(__printf.o)
    0x08005ca8   0x08005ca8   0x00000078   Code   RO          250    .text               c_w.l(_printf_dec.o)
    0x08005d20   0x08005d20   0x0000008a   Code   RO          274    .text               c_w.l(rt_memcpy_v6.o)
    0x08005daa   0x08005daa   0x00000010   Code   RO          276    .text               c_w.l(aeabi_memset4.o)
    0x08005dba   0x08005dba   0x00000044   Code   RO          278    .text               c_w.l(rt_memclr.o)
    0x08005dfe   0x08005dfe   0x0000004e   Code   RO          280    .text               c_w.l(rt_memclr_w.o)
    0x08005e4c   0x08005e4c   0x00000004   PAD
    0x08005e50   0x08005e50   0x0000007c   Code   RO          282    .text               c_w.l(strcmpv7em.o)
    0x08005ecc   0x08005ecc   0x000000b2   Code   RO          289    .text               c_w.l(_printf_intcommon.o)
    0x08005f7e   0x08005f7e   0x00000064   Code   RO          300    .text               c_w.l(rt_memcpy_w.o)
    0x08005fe2   0x08005fe2   0x00000002   PAD
    0x08005fe4   0x08005fe4   0x00000030   Code   RO          322    .text               c_w.l(_printf_char_common.o)
    0x08006014   0x08006014   0x000001c8   Code   RO          336    .text               c_w.l(initio_locked.o)
    0x080061dc   0x080061dc   0x00000076   Code   RO          344    .text               c_w.l(h1_free_threads.o)
    0x08006252   0x08006252   0x000001e8   Code   RO          398    .text               c_w.l(flsbuf.o)
    0x0800643a   0x0800643a   0x0000004c   Code   RO          405    .text               c_w.l(fclose.o)
    0x08006486   0x08006486   0x00000068   Code   RO          407    .text               c_w.l(setvbuf_locked.o)
    0x080064ee   0x080064ee   0x00000002   PAD
    0x080064f0   0x080064f0   0x0000014c   Code   RO          409    .text               c_w.l(fopen_locked.o)
    0x0800663c   0x0800663c   0x00000012   Code   RO          411    .text               c_w.l(exit.o)
    0x0800664e   0x0800664e   0x0000000e   Code   RO          413    .text               c_w.l(defsig_rtred_outer.o)
    0x0800665c   0x0800665c   0x00000008   Code   RO          486    .text               c_w.l(libspace.o)
    0x08006664   0x08006664   0x0000000a   Code   RO          502    .text               c_w.l(rt_heap_descriptor_twolibspace.o)
    0x0800666e   0x0800666e   0x00000004   Code   RO          504    .text               c_w.l(hguard.o)
    0x08006672   0x08006672   0x0000008a   Code   RO          506    .text               c_w.l(init_alloc.o)
    0x080066fc   0x080066fc   0x000000a6   Code   RO          514    .text               c_w.l(h1_alloc_threads.o)
    0x080067a2   0x080067a2   0x00000002   PAD
    0x080067a4   0x080067a4   0x00000040   Code   RO          524    .text               c_w.l(_printf_char_file_locked.o)
    0x080067e4   0x080067e4   0x000000f8   Code   RO          526    .text               c_w.l(fseek.o)
    0x080068dc   0x080068dc   0x0000010e   Code   RO          528    .text               c_w.l(stdio.o)
    0x080069ea   0x080069ea   0x0000000a   Code   RO          534    .text               c_w.l(defsig_exit.o)
    0x080069f4   0x080069f4   0x00000034   Code   RO          536    .text               c_w.l(defsig_rtred_inner.o)
    0x08006a28   0x08006a28   0x0000000c   Code   RO          546    .text               c_w.l(sys_exit.o)
    0x08006a34   0x08006a34   0x00000002   Code   RO          550    .text               c_w.l(use_no_semi.o)
    0x08006a36   0x08006a36   0x00000000   Code   RO          552    .text               c_w.l(indicate_semi.o)
    0x08006a36   0x08006a36   0x00000000   Code   RO          561    .text               c_w.l(maybetermalloc2.o)
    0x08006a36   0x08006a36   0x00000012   Code   RO          566    .text               c_w.l(h1_init_threads.o)
    0x08006a48   0x08006a48   0x00000052   Code   RO          568    .text               c_w.l(h1_extend_threads.o)
    0x08006a9a   0x08006a9a   0x00000042   Code   RO          574    .text               c_w.l(ftell.o)
    0x08006adc   0x08006adc   0x00000032   Code   RO          582    .text               c_w.l(defsig_general.o)
    0x08006b0e   0x08006b0e   0x0000000e   Code   RO          584    .text               c_w.l(defsig_rtmem_outer.o)
    0x08006b1c   0x08006b1c   0x00000050   Code   RO          588    .text               c_w.l(heapauxa.o)
    0x08006b6c   0x08006b6c   0x0000000e   Code   RO          599    .text               c_w.l(sys_wrch.o)
    0x08006b7a   0x08006b7a   0x00000004   Code   RO          612    .text               c_w.l(rt_errno_addr_twolibspace.o)
    0x08006b7e   0x08006b7e   0x00000010   Code   RO          616    .text               c_w.l(term_alloc.o)
    0x08006b8e   0x08006b8e   0x00000002   PAD
    0x08006b90   0x08006b90   0x00000050   Code   RO          618    .text               c_w.l(defsig_rtmem_inner.o)
    0x08006be0   0x08006be0   0x0000000a   Code   RO          627    .text               c_w.l(h1_final_threads.o)
    0x08006bea   0x08006bea   0x00000034   Code   RO           77    .text._mutex_acquire  rtx_lib.o
    0x08006c1e   0x08006c1e   0x00000006   Code   RO           81    .text._mutex_free   rtx_lib.o
    0x08006c24   0x08006c24   0x0000001e   Code   RO           75    .text._mutex_initialize  rtx_lib.o
    0x08006c42   0x08006c42   0x00000030   Code   RO           79    .text._mutex_release  rtx_lib.o
    0x08006c72   0x08006c72   0x0000001c   Code   RO          327    i.fputc             c_w.l(fputc.o)
    0x08006c8e   0x08006c8e   0x0000001a   Code   RO          286    x$fpl$fpinit        fz_wm.l(fpinit.o)
    0x08006ca8   0x08006ca8   0x00000070   Data   RO           87    .rodata             rtx_lib.o
    0x08006d18   0x08006d18   0x00000038   Data   RO           90    .rodata             rtx_lib.o
    0x08006d50   0x08006d50   0x00000010   Data   RO          233    .rodata.AHBPrescTable  system_stm32l4xx.o
    0x08006d60   0x08006d60   0x00000018   Data   RO          214    .rodata.EventRecorderInfo  eventrecorder.o
    0x08006d78   0x08006d78   0x00000030   Data   RO          235    .rodata.MSIRangeTable  system_stm32l4xx.o
    0x08006da8   0x08006da8   0x00000008   Data   RO          196    .rodata.__stderr_name  retarget_io.o
    0x08006db0   0x08006db0   0x00000007   Data   RO          194    .rodata.__stdin_name  retarget_io.o
    0x08006db7   0x08006db7   0x00000008   Data   RO          195    .rodata.__stdout_name  retarget_io.o
    0x08006dbf   0x08006dbf   0x00000001   PAD
    0x08006dc0   0x08006dc0   0x00000004   Data   RO           89    .rodata.osRtxUserSVC  rtx_lib.o
    0x08006dc4   0x08006dc4   0x00000024   Data   RO           84    .rodata.os_idle_thread_attr  rtx_lib.o
    0x08006de8   0x08006de8   0x00000018   Data   RO           86    .rodata.os_timer_mq_attr  rtx_lib.o
    0x08006e00   0x08006e00   0x00000024   Data   RO           85    .rodata.os_timer_thread_attr  rtx_lib.o
    0x08006e24   0x08006e24   0x0000000b   Data   RO           64    .rodata.str1.4      rtx_kernel.o
    0x08006e2f   0x08006e2f   0x00000001   PAD
    0x08006e30   0x08006e30   0x00000020   Data   RO          644    Region$$Table       anon$$obj.o


    Execution Region RW_IRAM2 (Exec base: 0x10000000, Load base: 0x08006f10, Size: 0x000004a4, Max: 0x00004000, ABSOLUTE, UNINIT)

    Exec Addr    Load Addr    Size         Type   Attr      Idx    E Section Name        Object

    0x10000000        -       0x000004a4   Zero   RW          213    .bss.noinit         eventrecorder.o


    Execution Region RW_IRAM1 (Exec base: 0x20000000, Load base: 0x08006e50, Size: 0x00008f88, Max: 0x00014000, ABSOLUTE)

    Exec Addr    Load Addr    Size         Type   Attr      Idx    E Section Name        Object

    0x20000000   0x08006e50   0x00000004   Data   RW          297    .data               c_w.l(stdio_streams.o)
    0x20000004   0x08006e54   0x00000004   Data   RW          298    .data               c_w.l(stdio_streams.o)
    0x20000008   0x08006e58   0x00000004   Data   RW          299    .data               c_w.l(stdio_streams.o)
    0x2000000c   0x08006e5c   0x00000004   Data   RW          402    .data               c_w.l(streamlock.o)
    0x20000010   0x08006e60   0x00000004   Data   RW          589    .data               c_w.l(heapauxa.o)
    0x20000014   0x08006e64   0x00000004   Data   RW          232    .data.SystemCoreClock  system_stm32l4xx.o
    0x20000018   0x08006e68   0x000000a4   Data   RW           65    .data.os            rtx_kernel.o
    0x200000bc   0x08006f0c   0x00000004   PAD
    0x200000c0        -       0x00000054   Zero   RW          294    .bss                c_w.l(stdio_streams.o)
    0x20000114        -       0x00000054   Zero   RW          295    .bss                c_w.l(stdio_streams.o)
    0x20000168        -       0x00000054   Zero   RW          296    .bss                c_w.l(stdio_streams.o)
    0x200001bc        -       0x00000060   Zero   RW          487    .bss                c_w.l(libspace.o)
    0x2000021c        -       0x00000004   Zero   RW            3    .bss.counter        rtx_blinky.o
    0x20000220        -       0x00008040   Zero   RW           83    .bss.os             rtx_lib.o
    0x20008260        -       0x00000001   Zero   RW          178    .bss.os             os_systick.o
    0x20008261   0x08006f0c   0x00000003   PAD
    0x20008264        -       0x000001f0   Zero   RW           91    .bss.os.libspace    rtx_lib.o
    0x20008454        -       0x00000034   Zero   RW           95    .bss.os.msgqueue.cb  rtx_lib.o
    0x20008488        -       0x00000050   Zero   RW           96    .bss.os.msgqueue.mem  rtx_lib.o
    0x200084d8        -       0x000000a0   Zero   RW           92    .bss.os.thread.cb   rtx_lib.o
    0x20008578        -       0x00000200   Zero   RW           93    .bss.os.thread.idle.stack  rtx_lib.o
    0x20008778        -       0x00000200   Zero   RW           94    .bss.os.thread.timer.stack  rtx_lib.o
    0x20008978        -       0x00000001   Zero   RW           97    .bss.os_kernel_is_active.os_kernel_active  rtx_lib.o
    0x20008979   0x08006f0c   0x00000003   PAD
    0x2000897c        -       0x00000004   Zero   RW            5    .bss.tid_app_main   rtx_blinky.o
    0x20008980        -       0x00000004   Zero   RW            4    .bss.tid_blinkLED   rtx_blinky.o
    0x20008984   0x08006f0c   0x00000004   PAD
    0x20008988        -       0x00000200   Zero   RW          222    HEAP                startup_stm32l476xx.o
    0x20008b88        -       0x00000400   Zero   RW          221    STACK               startup_stm32l476xx.o


==============================================================================

Image component sizes


      Code (inc. data)   RO Data    RW Data    ZI Data      Debug   Object Name

       102          0          0          0          0       2432   buttons_nucleo-l476rg.o
      1554          0         24          0       1188       9710   eventrecorder.o
       268         16          0          0          0        847   irq_armv7m.o
       160          0          0          0          0       2984   led_nucleo-l476rg.o
       258          0          0          0          1       4799   os_systick.o
       228          0         23          0          0       2452   retarget_io.o
       378         20          0          0         12       4438   rtx_blinky.o
         6          0          0          0          0        691   rtx_config.o
       230          0          0          0          0       3110   rtx_delay.o
      3358          0          0          0          0      33329   rtx_evr.o
      2024          0         11        164          0      20322   rtx_kernel.o
       300          0        268          0      34645       8866   rtx_lib.o
       292          0          0          0          0       2623   rtx_memory.o
      1932          0          0          0          0      15975   rtx_mempool.o
      2698          0          0          0          0      19045   rtx_msgqueue.o
      1316          0          0          0          0      10685   rtx_mutex.o
       434         36          0          0          0       5625   rtx_system.o
      5984         10          0          0          0      42708   rtx_thread.o
      1196          0          0          0          0      10871   rtx_timer.o
        36          8        392          0       1536        928   startup_stm32l476xx.o
        44          0          0          0          0       1615   stdout_itm.o
       268          4         64          4          0       3326   system_stm32l4xx.o

    ----------------------------------------------------------------------
     23084         94        816        168      37396     207381   Object Totals
         0          0         32          0          0          0   (incl. Generated)
        18          0          2          0         14          0   (incl. Padding)

    ----------------------------------------------------------------------

      Code (inc. data)   RO Data    RW Data    ZI Data      Debug   Library Member Name

         8          0          0          0          0         68   __main.o
       104          0          0          0          0         84   __printf.o
         0          0          0          0          0          0   __rtentry.o
        20          0          0          0          0          0   __rtentry2.o
         8          4          0          0          0          0   __rtentry5.o
        94          8          0          0          0          0   __scatter.o
        26          0          0          0          0          0   __scatter_copy.o
        28          0          0          0          0          0   __scatter_zi.o
        48          6          0          0          0         96   _printf_char_common.o
        64          6          0          0          0         84   _printf_char_file_locked.o
         6          0          0          0          0          0   _printf_d.o
       120         16          0          0          0         92   _printf_dec.o
       178          0          0          0          0         88   _printf_intcommon.o
         0          0          0          0          0          0   _printf_percent.o
         4          0          0          0          0          0   _printf_percent_end.o
        16          0          0          0          0         68   aeabi_memset4.o
        10          0          0          0          0         68   defsig_exit.o
        50          0          0          0          0         88   defsig_general.o
        80         58          0          0          0         76   defsig_rtmem_inner.o
        14          0          0          0          0         80   defsig_rtmem_outer.o
        52         38          0          0          0         76   defsig_rtred_inner.o
        14          0          0          0          0         80   defsig_rtred_outer.o
        18          0          0          0          0         80   exit.o
        76          0          0          0          0         88   fclose.o
       488          0          0          0          0         92   flsbuf.o
       332         10          0          0          0        152   fopen_locked.o
        28          0          0          0          0         68   fputc.o
       248          6          0          0          0         84   fseek.o
        66          0          0          0          0         76   ftell.o
       166          0          0          0          0        144   h1_alloc_threads.o
        82          0          0          0          0        104   h1_extend_threads.o
        10          0          0          0          0         76   h1_final_threads.o
       118          0          0          0          0        108   h1_free_threads.o
        18          0          0          0          0         84   h1_init_threads.o
        80          6          0          4          0         96   heapauxa.o
         4          0          0          0          0        136   hguard.o
         0          0          0          0          0          0   indicate_semi.o
       138          0          0          0          0        168   init_alloc.o
       456         48          0          0          0        116   initio_locked.o
         2          0          0          0          0          0   libinit.o
        10          0          0          0          0          0   libinit2.o
        16          8          0          0          0          0   libinit3.o
         2          0          0          0          0          0   libshutdown.o
        10          0          0          0          0          0   libshutdown2.o
         8          4          0          0         96         68   libspace.o
         0          0          0          0          0          0   maybetermalloc2.o
        24          4          0          0          0         84   noretval__2printf.o
         4          0          0          0          0         68   rt_errno_addr_twolibspace.o
        10          0          0          0          0         76   rt_heap_descriptor_twolibspace.o
        68          0          0          0          0         68   rt_memclr.o
        78          0          0          0          0         80   rt_memclr_w.o
       138          0          0          0          0         68   rt_memcpy_v6.o
       100          0          0          0          0         80   rt_memcpy_w.o
         2          0          0          0          0          0   rtexit.o
        10          0          0          0          0          0   rtexit2.o
       104          0          0          0          0         88   setvbuf_locked.o
       270          6          0          0          0        160   stdio.o
         0          0          0         12        252          0   stdio_streams.o
       124          0          0          0          0         88   strcmpv7em.o
         0          0          0          4          0          0   streamlock.o
        12          4          0          0          0         68   sys_exit.o
        14          0          0          0          0         76   sys_wrch.o
        16          0          0          0          0         80   term_alloc.o
         2          0          0          0          0         68   use_no_semi.o
        26          0          0          0          0        116   fpinit.o

    ----------------------------------------------------------------------
      4340        232          0         20        348       4056   Library Totals
        18          0          0          0          0          0   (incl. Padding)

    ----------------------------------------------------------------------

      Code (inc. data)   RO Data    RW Data    ZI Data      Debug   Library Name

      4296        232          0         20        348       3940   c_w.l
        26          0          0          0          0        116   fz_wm.l

    ----------------------------------------------------------------------
      4340        232          0         20        348       4056   Library Totals

    ----------------------------------------------------------------------

==============================================================================


      Code (inc. data)   RO Data    RW Data    ZI Data      Debug   

     27424        326        816        188      37744     209045   Grand Totals
     27424        326        816        188      37744     209045   ELF Image Totals
     27424        326        816        188          0          0   ROM Totals

==============================================================================

    Total RO  Size (Code + RO Data)                28240 (  27.58kB)
    Total RW  Size (RW Data + ZI Data)             37932 (  37.04kB)
    Total ROM Size (Code + RO Data + RW Data)      28428 (  27.76kB)

==============================================================================

