<!doctype html public "-//w3c//dtd html 4.0 transitional//en">
<html><head>
<title>Static Call Graph - [.\Objects\CMSISrtxTimer.axf]</title></head>
<body><HR>
<H1>Static Call Graph for image .\Objects\CMSISrtxTimer.axf</H1><HR>
<BR><P>#&#060CALLGRAPH&#062# ARM Linker, 6220000: Last Updated: Wed Feb  5 11:38:03 2025
<BR><P>
<H3>Maximum Stack Usage =         88 bytes + Unknown(Functions without stacksize, Cycles, Untraceable Function Pointers)</H3><H3>
Call chain for Maximum Stack Depth:</H3>
osRtxTimerSetup &rArr; osRtxMessageQueueTimerSetup &rArr; svcRtxMessageQueueNew &rArr; osRtxMemoryPoolInit
<P>
<H3>
Functions with no stack information
</H3><UL>
 <LI><a href="#[6]">SVC_Handler</a>
 <LI><a href="#[8]">PendSV_Handler</a>
 <LI><a href="#[9]">SysTick_Handler</a>
 <LI><a href="#[1c2]">__user_initial_stackheap</a>
</UL>
</UL>
<P>
<H3>
Mutually Recursive functions
</H3> <LI><a href="#[37]">ledThread1</a>&nbsp;&nbsp;&nbsp;&rArr;&nbsp;&nbsp;&nbsp;<a href="#[37]">ledThread1</a><BR>
 <LI><a href="#[38]">ledThread2</a>&nbsp;&nbsp;&nbsp;&rArr;&nbsp;&nbsp;&nbsp;<a href="#[38]">ledThread2</a><BR>
 <LI><a href="#[c0]">osRtxErrorNotify</a>&nbsp;&nbsp;&nbsp;&rArr;&nbsp;&nbsp;&nbsp;<a href="#[c0]">osRtxErrorNotify</a><BR>
 <LI><a href="#[66]">osRtxIdleThread</a>&nbsp;&nbsp;&nbsp;&rArr;&nbsp;&nbsp;&nbsp;<a href="#[66]">osRtxIdleThread</a><BR>
 <LI><a href="#[1]">NMI_Handler</a>&nbsp;&nbsp;&nbsp;&rArr;&nbsp;&nbsp;&nbsp;<a href="#[1]">NMI_Handler</a><BR>
 <LI><a href="#[2]">HardFault_Handler</a>&nbsp;&nbsp;&nbsp;&rArr;&nbsp;&nbsp;&nbsp;<a href="#[2]">HardFault_Handler</a><BR>
 <LI><a href="#[3]">MemManage_Handler</a>&nbsp;&nbsp;&nbsp;&rArr;&nbsp;&nbsp;&nbsp;<a href="#[3]">MemManage_Handler</a><BR>
 <LI><a href="#[4]">BusFault_Handler</a>&nbsp;&nbsp;&nbsp;&rArr;&nbsp;&nbsp;&nbsp;<a href="#[4]">BusFault_Handler</a><BR>
 <LI><a href="#[5]">UsageFault_Handler</a>&nbsp;&nbsp;&nbsp;&rArr;&nbsp;&nbsp;&nbsp;<a href="#[5]">UsageFault_Handler</a><BR>
 <LI><a href="#[7]">DebugMon_Handler</a>&nbsp;&nbsp;&nbsp;&rArr;&nbsp;&nbsp;&nbsp;<a href="#[7]">DebugMon_Handler</a><BR>
 <LI><a href="#[1c]">ADC1_2_IRQHandler</a>&nbsp;&nbsp;&nbsp;&rArr;&nbsp;&nbsp;&nbsp;<a href="#[1c]">ADC1_2_IRQHandler</a><BR>
</UL>
<P>
<H3>
Function Pointers
</H3><UL>
 <LI><a href="#[1c]">ADC1_2_IRQHandler</a> from startup_stm32f10x_md.o(.text) referenced from startup_stm32f10x_md.o(RESET)
 <LI><a href="#[4]">BusFault_Handler</a> from startup_stm32f10x_md.o(.text) referenced from startup_stm32f10x_md.o(RESET)
 <LI><a href="#[1f]">CAN1_RX1_IRQHandler</a> from startup_stm32f10x_md.o(.text) referenced from startup_stm32f10x_md.o(RESET)
 <LI><a href="#[20]">CAN1_SCE_IRQHandler</a> from startup_stm32f10x_md.o(.text) referenced from startup_stm32f10x_md.o(RESET)
 <LI><a href="#[15]">DMA1_Channel1_IRQHandler</a> from startup_stm32f10x_md.o(.text) referenced from startup_stm32f10x_md.o(RESET)
 <LI><a href="#[16]">DMA1_Channel2_IRQHandler</a> from startup_stm32f10x_md.o(.text) referenced from startup_stm32f10x_md.o(RESET)
 <LI><a href="#[17]">DMA1_Channel3_IRQHandler</a> from startup_stm32f10x_md.o(.text) referenced from startup_stm32f10x_md.o(RESET)
 <LI><a href="#[18]">DMA1_Channel4_IRQHandler</a> from startup_stm32f10x_md.o(.text) referenced from startup_stm32f10x_md.o(RESET)
 <LI><a href="#[19]">DMA1_Channel5_IRQHandler</a> from startup_stm32f10x_md.o(.text) referenced from startup_stm32f10x_md.o(RESET)
 <LI><a href="#[1a]">DMA1_Channel6_IRQHandler</a> from startup_stm32f10x_md.o(.text) referenced from startup_stm32f10x_md.o(RESET)
 <LI><a href="#[1b]">DMA1_Channel7_IRQHandler</a> from startup_stm32f10x_md.o(.text) referenced from startup_stm32f10x_md.o(RESET)
 <LI><a href="#[7]">DebugMon_Handler</a> from startup_stm32f10x_md.o(.text) referenced from startup_stm32f10x_md.o(RESET)
 <LI><a href="#[10]">EXTI0_IRQHandler</a> from startup_stm32f10x_md.o(.text) referenced from startup_stm32f10x_md.o(RESET)
 <LI><a href="#[32]">EXTI15_10_IRQHandler</a> from startup_stm32f10x_md.o(.text) referenced from startup_stm32f10x_md.o(RESET)
 <LI><a href="#[11]">EXTI1_IRQHandler</a> from startup_stm32f10x_md.o(.text) referenced from startup_stm32f10x_md.o(RESET)
 <LI><a href="#[12]">EXTI2_IRQHandler</a> from startup_stm32f10x_md.o(.text) referenced from startup_stm32f10x_md.o(RESET)
 <LI><a href="#[13]">EXTI3_IRQHandler</a> from startup_stm32f10x_md.o(.text) referenced from startup_stm32f10x_md.o(RESET)
 <LI><a href="#[14]">EXTI4_IRQHandler</a> from startup_stm32f10x_md.o(.text) referenced from startup_stm32f10x_md.o(RESET)
 <LI><a href="#[21]">EXTI9_5_IRQHandler</a> from startup_stm32f10x_md.o(.text) referenced from startup_stm32f10x_md.o(RESET)
 <LI><a href="#[e]">FLASH_IRQHandler</a> from startup_stm32f10x_md.o(.text) referenced from startup_stm32f10x_md.o(RESET)
 <LI><a href="#[2]">HardFault_Handler</a> from startup_stm32f10x_md.o(.text) referenced from startup_stm32f10x_md.o(RESET)
 <LI><a href="#[2a]">I2C1_ER_IRQHandler</a> from startup_stm32f10x_md.o(.text) referenced from startup_stm32f10x_md.o(RESET)
 <LI><a href="#[29]">I2C1_EV_IRQHandler</a> from startup_stm32f10x_md.o(.text) referenced from startup_stm32f10x_md.o(RESET)
 <LI><a href="#[2c]">I2C2_ER_IRQHandler</a> from startup_stm32f10x_md.o(.text) referenced from startup_stm32f10x_md.o(RESET)
 <LI><a href="#[2b]">I2C2_EV_IRQHandler</a> from startup_stm32f10x_md.o(.text) referenced from startup_stm32f10x_md.o(RESET)
 <LI><a href="#[3]">MemManage_Handler</a> from startup_stm32f10x_md.o(.text) referenced from startup_stm32f10x_md.o(RESET)
 <LI><a href="#[1]">NMI_Handler</a> from startup_stm32f10x_md.o(.text) referenced from startup_stm32f10x_md.o(RESET)
 <LI><a href="#[b]">PVD_IRQHandler</a> from startup_stm32f10x_md.o(.text) referenced from startup_stm32f10x_md.o(RESET)
 <LI><a href="#[8]">PendSV_Handler</a> from irq_armv7m.o(.text) referenced from startup_stm32f10x_md.o(RESET)
 <LI><a href="#[f]">RCC_IRQHandler</a> from startup_stm32f10x_md.o(.text) referenced from startup_stm32f10x_md.o(RESET)
 <LI><a href="#[33]">RTCAlarm_IRQHandler</a> from startup_stm32f10x_md.o(.text) referenced from startup_stm32f10x_md.o(RESET)
 <LI><a href="#[d]">RTC_IRQHandler</a> from startup_stm32f10x_md.o(.text) referenced from startup_stm32f10x_md.o(RESET)
 <LI><a href="#[0]">Reset_Handler</a> from startup_stm32f10x_md.o(.text) referenced from startup_stm32f10x_md.o(RESET)
 <LI><a href="#[2d]">SPI1_IRQHandler</a> from startup_stm32f10x_md.o(.text) referenced from startup_stm32f10x_md.o(RESET)
 <LI><a href="#[2e]">SPI2_IRQHandler</a> from startup_stm32f10x_md.o(.text) referenced from startup_stm32f10x_md.o(RESET)
 <LI><a href="#[6]">SVC_Handler</a> from irq_armv7m.o(.text) referenced from startup_stm32f10x_md.o(RESET)
 <LI><a href="#[9]">SysTick_Handler</a> from irq_armv7m.o(.text) referenced 2 times from rtx_kernel.o(.text)
 <LI><a href="#[9]">SysTick_Handler</a> from irq_armv7m.o(.text) referenced from startup_stm32f10x_md.o(RESET)
 <LI><a href="#[8d]">SystemInit</a> from system_stm32f10x.o(.text) referenced from startup_stm32f10x_md.o(.text)
 <LI><a href="#[c]">TAMPER_IRQHandler</a> from startup_stm32f10x_md.o(.text) referenced from startup_stm32f10x_md.o(RESET)
 <LI><a href="#[22]">TIM1_BRK_IRQHandler</a> from startup_stm32f10x_md.o(.text) referenced from startup_stm32f10x_md.o(RESET)
 <LI><a href="#[25]">TIM1_CC_IRQHandler</a> from startup_stm32f10x_md.o(.text) referenced from startup_stm32f10x_md.o(RESET)
 <LI><a href="#[24]">TIM1_TRG_COM_IRQHandler</a> from startup_stm32f10x_md.o(.text) referenced from startup_stm32f10x_md.o(RESET)
 <LI><a href="#[23]">TIM1_UP_IRQHandler</a> from startup_stm32f10x_md.o(.text) referenced from startup_stm32f10x_md.o(RESET)
 <LI><a href="#[26]">TIM2_IRQHandler</a> from startup_stm32f10x_md.o(.text) referenced from startup_stm32f10x_md.o(RESET)
 <LI><a href="#[27]">TIM3_IRQHandler</a> from startup_stm32f10x_md.o(.text) referenced from startup_stm32f10x_md.o(RESET)
 <LI><a href="#[28]">TIM4_IRQHandler</a> from startup_stm32f10x_md.o(.text) referenced from startup_stm32f10x_md.o(RESET)
 <LI><a href="#[2f]">USART1_IRQHandler</a> from startup_stm32f10x_md.o(.text) referenced from startup_stm32f10x_md.o(RESET)
 <LI><a href="#[30]">USART2_IRQHandler</a> from startup_stm32f10x_md.o(.text) referenced from startup_stm32f10x_md.o(RESET)
 <LI><a href="#[31]">USART3_IRQHandler</a> from startup_stm32f10x_md.o(.text) referenced from startup_stm32f10x_md.o(RESET)
 <LI><a href="#[34]">USBWakeUp_IRQHandler</a> from startup_stm32f10x_md.o(.text) referenced from startup_stm32f10x_md.o(RESET)
 <LI><a href="#[1d]">USB_HP_CAN1_TX_IRQHandler</a> from startup_stm32f10x_md.o(.text) referenced from startup_stm32f10x_md.o(RESET)
 <LI><a href="#[1e]">USB_LP_CAN1_RX0_IRQHandler</a> from startup_stm32f10x_md.o(.text) referenced from startup_stm32f10x_md.o(RESET)
 <LI><a href="#[5]">UsageFault_Handler</a> from startup_stm32f10x_md.o(.text) referenced from startup_stm32f10x_md.o(RESET)
 <LI><a href="#[a]">WWDG_IRQHandler</a> from startup_stm32f10x_md.o(.text) referenced from startup_stm32f10x_md.o(RESET)
 <LI><a href="#[8e]">__main</a> from __main.o(!!!main) referenced from startup_stm32f10x_md.o(.text)
 <LI><a href="#[39]">app_main</a> from main.o(.text) referenced 2 times from main.o(.text)
 <LI><a href="#[35]">callback</a> from main.o(.text) referenced 2 times from main.o(.text)
 <LI><a href="#[36]">callback2</a> from main.o(.text) referenced 2 times from main.o(.text)
 <LI><a href="#[37]">ledThread1</a> from main.o(.text) referenced 2 times from main.o(.text)
 <LI><a href="#[38]">ledThread2</a> from main.o(.text) referenced 2 times from main.o(.text)
 <LI><a href="#[66]">osRtxIdleThread</a> from rtx_config.o(.text) referenced 2 times from rtx_thread.o(.text)
 <LI><a href="#[54]">osRtxMemoryPoolPostProcess</a> from rtx_mempool.o(.text) referenced 2 times from rtx_mempool.o(.text)
 <LI><a href="#[55]">osRtxMessageQueuePostProcess</a> from rtx_msgqueue.o(.text) referenced 2 times from rtx_msgqueue.o(.text)
 <LI><a href="#[68]">osRtxThreadPostProcess</a> from rtx_thread.o(.text) referenced 2 times from rtx_thread.o(.text)
 <LI><a href="#[90]">osRtxTimerSetup</a> from rtx_timer.o(.text) referenced from rtx_lib.o(.rodata)
 <LI><a href="#[8f]">osRtxTimerThread</a> from rtx_timer.o(.text) referenced from rtx_lib.o(.rodata)
 <LI><a href="#[86]">osRtxTimerTick</a> from rtx_timer.o(.text) referenced 2 times from rtx_timer.o(.text)
 <LI><a href="#[67]">osThreadEntry</a> from rtx_thread.o(.text) referenced 2 times from rtx_thread.o(.text)
 <LI><a href="#[3a]">svcRtxDelay</a> from rtx_delay.o(.text) referenced 2 times from rtx_delay.o(.text)
 <LI><a href="#[3b]">svcRtxDelayUntil</a> from rtx_delay.o(.text) referenced 2 times from rtx_delay.o(.text)
 <LI><a href="#[46]">svcRtxKernelDestroyClass</a> from rtx_kernel.o(.text) referenced 2 times from rtx_kernel.o(.text)
 <LI><a href="#[3d]">svcRtxKernelGetInfo</a> from rtx_kernel.o(.text) referenced 2 times from rtx_kernel.o(.text)
 <LI><a href="#[3e]">svcRtxKernelGetState</a> from rtx_kernel.o(.text) referenced 2 times from rtx_kernel.o(.text)
 <LI><a href="#[49]">svcRtxKernelGetSysTimerCount</a> from rtx_kernel.o(.text) referenced 2 times from rtx_kernel.o(.text)
 <LI><a href="#[4a]">svcRtxKernelGetSysTimerFreq</a> from rtx_kernel.o(.text) referenced 2 times from rtx_kernel.o(.text)
 <LI><a href="#[47]">svcRtxKernelGetTickCount</a> from rtx_kernel.o(.text) referenced 2 times from rtx_kernel.o(.text)
 <LI><a href="#[48]">svcRtxKernelGetTickFreq</a> from rtx_kernel.o(.text) referenced 2 times from rtx_kernel.o(.text)
 <LI><a href="#[3c]">svcRtxKernelInitialize</a> from rtx_kernel.o(.text) referenced 2 times from rtx_kernel.o(.text)
 <LI><a href="#[40]">svcRtxKernelLock</a> from rtx_kernel.o(.text) referenced 2 times from rtx_kernel.o(.text)
 <LI><a href="#[45]">svcRtxKernelProtect</a> from rtx_kernel.o(.text) referenced 2 times from rtx_kernel.o(.text)
 <LI><a href="#[42]">svcRtxKernelRestoreLock</a> from rtx_kernel.o(.text) referenced 2 times from rtx_kernel.o(.text)
 <LI><a href="#[44]">svcRtxKernelResume</a> from rtx_kernel.o(.text) referenced 2 times from rtx_kernel.o(.text)
 <LI><a href="#[3f]">svcRtxKernelStart</a> from rtx_kernel.o(.text) referenced 2 times from rtx_kernel.o(.text)
 <LI><a href="#[43]">svcRtxKernelSuspend</a> from rtx_kernel.o(.text) referenced 2 times from rtx_kernel.o(.text)
 <LI><a href="#[41]">svcRtxKernelUnlock</a> from rtx_kernel.o(.text) referenced 2 times from rtx_kernel.o(.text)
 <LI><a href="#[4d]">svcRtxMemoryPoolAlloc</a> from rtx_mempool.o(.text) referenced 2 times from rtx_mempool.o(.text)
 <LI><a href="#[53]">svcRtxMemoryPoolDelete</a> from rtx_mempool.o(.text) referenced 2 times from rtx_mempool.o(.text)
 <LI><a href="#[4e]">svcRtxMemoryPoolFree</a> from rtx_mempool.o(.text) referenced 2 times from rtx_mempool.o(.text)
 <LI><a href="#[50]">svcRtxMemoryPoolGetBlockSize</a> from rtx_mempool.o(.text) referenced 2 times from rtx_mempool.o(.text)
 <LI><a href="#[4f]">svcRtxMemoryPoolGetCapacity</a> from rtx_mempool.o(.text) referenced 2 times from rtx_mempool.o(.text)
 <LI><a href="#[51]">svcRtxMemoryPoolGetCount</a> from rtx_mempool.o(.text) referenced 2 times from rtx_mempool.o(.text)
 <LI><a href="#[4c]">svcRtxMemoryPoolGetName</a> from rtx_mempool.o(.text) referenced 2 times from rtx_mempool.o(.text)
 <LI><a href="#[52]">svcRtxMemoryPoolGetSpace</a> from rtx_mempool.o(.text) referenced 2 times from rtx_mempool.o(.text)
 <LI><a href="#[4b]">svcRtxMemoryPoolNew</a> from rtx_mempool.o(.text) referenced 2 times from rtx_mempool.o(.text)
 <LI><a href="#[5f]">svcRtxMessageQueueDelete</a> from rtx_msgqueue.o(.text) referenced 2 times from rtx_msgqueue.o(.text)
 <LI><a href="#[59]">svcRtxMessageQueueGet</a> from rtx_msgqueue.o(.text) referenced 2 times from rtx_msgqueue.o(.text)
 <LI><a href="#[5a]">svcRtxMessageQueueGetCapacity</a> from rtx_msgqueue.o(.text) referenced 2 times from rtx_msgqueue.o(.text)
 <LI><a href="#[5c]">svcRtxMessageQueueGetCount</a> from rtx_msgqueue.o(.text) referenced 2 times from rtx_msgqueue.o(.text)
 <LI><a href="#[5b]">svcRtxMessageQueueGetMsgSize</a> from rtx_msgqueue.o(.text) referenced 2 times from rtx_msgqueue.o(.text)
 <LI><a href="#[57]">svcRtxMessageQueueGetName</a> from rtx_msgqueue.o(.text) referenced 2 times from rtx_msgqueue.o(.text)
 <LI><a href="#[5d]">svcRtxMessageQueueGetSpace</a> from rtx_msgqueue.o(.text) referenced 2 times from rtx_msgqueue.o(.text)
 <LI><a href="#[56]">svcRtxMessageQueueNew</a> from rtx_msgqueue.o(.text) referenced 2 times from rtx_msgqueue.o(.text)
 <LI><a href="#[58]">svcRtxMessageQueuePut</a> from rtx_msgqueue.o(.text) referenced 2 times from rtx_msgqueue.o(.text)
 <LI><a href="#[5e]">svcRtxMessageQueueReset</a> from rtx_msgqueue.o(.text) referenced 2 times from rtx_msgqueue.o(.text)
 <LI><a href="#[62]">svcRtxMutexAcquire</a> from rtx_mutex.o(.text) referenced 2 times from rtx_mutex.o(.text)
 <LI><a href="#[65]">svcRtxMutexDelete</a> from rtx_mutex.o(.text) referenced 2 times from rtx_mutex.o(.text)
 <LI><a href="#[61]">svcRtxMutexGetName</a> from rtx_mutex.o(.text) referenced 2 times from rtx_mutex.o(.text)
 <LI><a href="#[64]">svcRtxMutexGetOwner</a> from rtx_mutex.o(.text) referenced 2 times from rtx_mutex.o(.text)
 <LI><a href="#[60]">svcRtxMutexNew</a> from rtx_mutex.o(.text) referenced 2 times from rtx_mutex.o(.text)
 <LI><a href="#[63]">svcRtxMutexRelease</a> from rtx_mutex.o(.text) referenced 2 times from rtx_mutex.o(.text)
 <LI><a href="#[76]">svcRtxThreadDetach</a> from rtx_thread.o(.text) referenced 2 times from rtx_thread.o(.text)
 <LI><a href="#[81]">svcRtxThreadEnumerate</a> from rtx_thread.o(.text) referenced 2 times from rtx_thread.o(.text)
 <LI><a href="#[78]">svcRtxThreadExit</a> from rtx_thread.o(.text) referenced 2 times from rtx_thread.o(.text)
 <LI><a href="#[7a]">svcRtxThreadFeedWatchdog</a> from rtx_thread.o(.text) referenced 2 times from rtx_thread.o(.text)
 <LI><a href="#[83]">svcRtxThreadFlagsClear</a> from rtx_thread.o(.text) referenced 2 times from rtx_thread.o(.text)
 <LI><a href="#[84]">svcRtxThreadFlagsGet</a> from rtx_thread.o(.text) referenced 2 times from rtx_thread.o(.text)
 <LI><a href="#[82]">svcRtxThreadFlagsSet</a> from rtx_thread.o(.text) referenced 2 times from rtx_thread.o(.text)
 <LI><a href="#[85]">svcRtxThreadFlagsWait</a> from rtx_thread.o(.text) referenced 2 times from rtx_thread.o(.text)
 <LI><a href="#[7f]">svcRtxThreadGetAffinityMask</a> from rtx_thread.o(.text) referenced 2 times from rtx_thread.o(.text)
 <LI><a href="#[6b]">svcRtxThreadGetClass</a> from rtx_thread.o(.text) referenced 2 times from rtx_thread.o(.text)
 <LI><a href="#[80]">svcRtxThreadGetCount</a> from rtx_thread.o(.text) referenced 2 times from rtx_thread.o(.text)
 <LI><a href="#[6d]">svcRtxThreadGetId</a> from rtx_thread.o(.text) referenced 2 times from rtx_thread.o(.text)
 <LI><a href="#[6a]">svcRtxThreadGetName</a> from rtx_thread.o(.text) referenced 2 times from rtx_thread.o(.text)
 <LI><a href="#[72]">svcRtxThreadGetPriority</a> from rtx_thread.o(.text) referenced 2 times from rtx_thread.o(.text)
 <LI><a href="#[6f]">svcRtxThreadGetStackSize</a> from rtx_thread.o(.text) referenced 2 times from rtx_thread.o(.text)
 <LI><a href="#[70]">svcRtxThreadGetStackSpace</a> from rtx_thread.o(.text) referenced 2 times from rtx_thread.o(.text)
 <LI><a href="#[6e]">svcRtxThreadGetState</a> from rtx_thread.o(.text) referenced 2 times from rtx_thread.o(.text)
 <LI><a href="#[6c]">svcRtxThreadGetZone</a> from rtx_thread.o(.text) referenced 2 times from rtx_thread.o(.text)
 <LI><a href="#[77]">svcRtxThreadJoin</a> from rtx_thread.o(.text) referenced 2 times from rtx_thread.o(.text)
 <LI><a href="#[69]">svcRtxThreadNew</a> from rtx_thread.o(.text) referenced 2 times from rtx_thread.o(.text)
 <LI><a href="#[7b]">svcRtxThreadProtectPrivileged</a> from rtx_thread.o(.text) referenced 2 times from rtx_thread.o(.text)
 <LI><a href="#[75]">svcRtxThreadResume</a> from rtx_thread.o(.text) referenced 2 times from rtx_thread.o(.text)
 <LI><a href="#[7d]">svcRtxThreadResumeClass</a> from rtx_thread.o(.text) referenced 2 times from rtx_thread.o(.text)
 <LI><a href="#[7e]">svcRtxThreadSetAffinityMask</a> from rtx_thread.o(.text) referenced 2 times from rtx_thread.o(.text)
 <LI><a href="#[71]">svcRtxThreadSetPriority</a> from rtx_thread.o(.text) referenced 2 times from rtx_thread.o(.text)
 <LI><a href="#[74]">svcRtxThreadSuspend</a> from rtx_thread.o(.text) referenced 2 times from rtx_thread.o(.text)
 <LI><a href="#[7c]">svcRtxThreadSuspendClass</a> from rtx_thread.o(.text) referenced 2 times from rtx_thread.o(.text)
 <LI><a href="#[79]">svcRtxThreadTerminate</a> from rtx_thread.o(.text) referenced 2 times from rtx_thread.o(.text)
 <LI><a href="#[73]">svcRtxThreadYield</a> from rtx_thread.o(.text) referenced 2 times from rtx_thread.o(.text)
 <LI><a href="#[8c]">svcRtxTimerDelete</a> from rtx_timer.o(.text) referenced 2 times from rtx_timer.o(.text)
 <LI><a href="#[88]">svcRtxTimerGetName</a> from rtx_timer.o(.text) referenced 2 times from rtx_timer.o(.text)
 <LI><a href="#[8b]">svcRtxTimerIsRunning</a> from rtx_timer.o(.text) referenced 2 times from rtx_timer.o(.text)
 <LI><a href="#[87]">svcRtxTimerNew</a> from rtx_timer.o(.text) referenced 2 times from rtx_timer.o(.text)
 <LI><a href="#[89]">svcRtxTimerStart</a> from rtx_timer.o(.text) referenced 2 times from rtx_timer.o(.text)
 <LI><a href="#[8a]">svcRtxTimerStop</a> from rtx_timer.o(.text) referenced 2 times from rtx_timer.o(.text)
</UL>
<P>
<H3>
Global Symbols
</H3>
<P><STRONG><a name="[8e]"></a>__main</STRONG> (Thumb, 8 bytes, Stack size 0 bytes, __main.o(!!!main))
<BR><BR>[Calls]<UL><LI><a href="#[96]">&gt;&gt;</a>&nbsp;&nbsp;&nbsp;__rt_entry
<LI><a href="#[95]">&gt;&gt;</a>&nbsp;&nbsp;&nbsp;__scatterload
</UL>
<BR>[Address Reference Count : 1]<UL><LI> startup_stm32f10x_md.o(.text)
</UL>
<P><STRONG><a name="[95]"></a>__scatterload</STRONG> (Thumb, 0 bytes, Stack size unknown bytes, __scatter.o(!!!scatter))
<BR><BR>[Called By]<UL><LI><a href="#[8e]">&gt;&gt;</a>&nbsp;&nbsp;&nbsp;__main
</UL>

<P><STRONG><a name="[97]"></a>__scatterload_rt2</STRONG> (Thumb, 84 bytes, Stack size unknown bytes, __scatter.o(!!!scatter), UNUSED)
<BR><BR>[Calls]<UL><LI><a href="#[96]">&gt;&gt;</a>&nbsp;&nbsp;&nbsp;__rt_entry
</UL>

<P><STRONG><a name="[1c4]"></a>__scatterload_rt2_thumb_only</STRONG> (Thumb, 0 bytes, Stack size unknown bytes, __scatter.o(!!!scatter), UNUSED)

<P><STRONG><a name="[1c5]"></a>__scatterload_loop</STRONG> (Thumb, 0 bytes, Stack size unknown bytes, __scatter.o(!!!scatter), UNUSED)

<P><STRONG><a name="[98]"></a>__scatterload_copy</STRONG> (Thumb, 26 bytes, Stack size unknown bytes, __scatter_copy.o(!!handler_copy), UNUSED)
<BR><BR>[Calls]<UL><LI><a href="#[98]">&gt;&gt;</a>&nbsp;&nbsp;&nbsp;__scatterload_copy
</UL>
<BR>[Called By]<UL><LI><a href="#[98]">&gt;&gt;</a>&nbsp;&nbsp;&nbsp;__scatterload_copy
</UL>

<P><STRONG><a name="[1c6]"></a>__scatterload_null</STRONG> (Thumb, 2 bytes, Stack size unknown bytes, __scatter.o(!!handler_null), UNUSED)

<P><STRONG><a name="[1c7]"></a>__scatterload_zeroinit</STRONG> (Thumb, 28 bytes, Stack size unknown bytes, __scatter_zi.o(!!handler_zi), UNUSED)

<P><STRONG><a name="[9e]"></a>__rt_lib_init</STRONG> (Thumb, 0 bytes, Stack size unknown bytes, libinit.o(.ARM.Collect$$libinit$$00000000))
<BR><BR>[Called By]<UL><LI><a href="#[9d]">&gt;&gt;</a>&nbsp;&nbsp;&nbsp;__rt_entry_li
</UL>

<P><STRONG><a name="[1c8]"></a>__rt_lib_init_alloca_1</STRONG> (Thumb, 0 bytes, Stack size unknown bytes, libinit2.o(.ARM.Collect$$libinit$$00000030))

<P><STRONG><a name="[1c9]"></a>__rt_lib_init_argv_1</STRONG> (Thumb, 0 bytes, Stack size unknown bytes, libinit2.o(.ARM.Collect$$libinit$$0000002E))

<P><STRONG><a name="[1ca]"></a>__rt_lib_init_atexit_1</STRONG> (Thumb, 0 bytes, Stack size unknown bytes, libinit2.o(.ARM.Collect$$libinit$$0000001D))

<P><STRONG><a name="[1cb]"></a>__rt_lib_init_clock_1</STRONG> (Thumb, 0 bytes, Stack size unknown bytes, libinit2.o(.ARM.Collect$$libinit$$00000023))

<P><STRONG><a name="[1cc]"></a>__rt_lib_init_cpp_1</STRONG> (Thumb, 0 bytes, Stack size unknown bytes, libinit2.o(.ARM.Collect$$libinit$$00000034))

<P><STRONG><a name="[1cd]"></a>__rt_lib_init_exceptions_1</STRONG> (Thumb, 0 bytes, Stack size unknown bytes, libinit2.o(.ARM.Collect$$libinit$$00000032))

<P><STRONG><a name="[1ce]"></a>__rt_lib_init_fp_1</STRONG> (Thumb, 0 bytes, Stack size unknown bytes, libinit2.o(.ARM.Collect$$libinit$$00000002))

<P><STRONG><a name="[1cf]"></a>__rt_lib_init_fp_trap_1</STRONG> (Thumb, 0 bytes, Stack size unknown bytes, libinit2.o(.ARM.Collect$$libinit$$00000021))

<P><STRONG><a name="[1d0]"></a>__rt_lib_init_getenv_1</STRONG> (Thumb, 0 bytes, Stack size unknown bytes, libinit2.o(.ARM.Collect$$libinit$$00000025))

<P><STRONG><a name="[1d1]"></a>__rt_lib_init_heap_1</STRONG> (Thumb, 0 bytes, Stack size unknown bytes, libinit2.o(.ARM.Collect$$libinit$$0000000C))

<P><STRONG><a name="[1d2]"></a>__rt_lib_init_lc_collate_1</STRONG> (Thumb, 0 bytes, Stack size unknown bytes, libinit2.o(.ARM.Collect$$libinit$$00000013))

<P><STRONG><a name="[1d3]"></a>__rt_lib_init_lc_ctype_1</STRONG> (Thumb, 0 bytes, Stack size unknown bytes, libinit2.o(.ARM.Collect$$libinit$$00000015))

<P><STRONG><a name="[1d4]"></a>__rt_lib_init_lc_monetary_1</STRONG> (Thumb, 0 bytes, Stack size unknown bytes, libinit2.o(.ARM.Collect$$libinit$$00000017))

<P><STRONG><a name="[1d5]"></a>__rt_lib_init_lc_numeric_1</STRONG> (Thumb, 0 bytes, Stack size unknown bytes, libinit2.o(.ARM.Collect$$libinit$$00000019))

<P><STRONG><a name="[1d6]"></a>__rt_lib_init_lc_time_1</STRONG> (Thumb, 0 bytes, Stack size unknown bytes, libinit2.o(.ARM.Collect$$libinit$$0000001B))

<P><STRONG><a name="[1d7]"></a>__rt_lib_init_preinit_1</STRONG> (Thumb, 0 bytes, Stack size unknown bytes, libinit2.o(.ARM.Collect$$libinit$$00000006))

<P><STRONG><a name="[1d8]"></a>__rt_lib_init_rand_1</STRONG> (Thumb, 0 bytes, Stack size unknown bytes, libinit2.o(.ARM.Collect$$libinit$$00000010))

<P><STRONG><a name="[1d9]"></a>__rt_lib_init_relocate_pie_1</STRONG> (Thumb, 0 bytes, Stack size unknown bytes, libinit2.o(.ARM.Collect$$libinit$$00000004))

<P><STRONG><a name="[1da]"></a>__rt_lib_init_return</STRONG> (Thumb, 0 bytes, Stack size unknown bytes, libinit2.o(.ARM.Collect$$libinit$$00000035))

<P><STRONG><a name="[1db]"></a>__rt_lib_init_signal_1</STRONG> (Thumb, 0 bytes, Stack size unknown bytes, libinit2.o(.ARM.Collect$$libinit$$0000001F))

<P><STRONG><a name="[1dc]"></a>__rt_lib_init_stdio_1</STRONG> (Thumb, 0 bytes, Stack size unknown bytes, libinit2.o(.ARM.Collect$$libinit$$00000027))

<P><STRONG><a name="[1dd]"></a>__rt_lib_init_user_alloc_1</STRONG> (Thumb, 0 bytes, Stack size unknown bytes, libinit2.o(.ARM.Collect$$libinit$$0000000E))

<P><STRONG><a name="[a3]"></a>__rt_lib_shutdown</STRONG> (Thumb, 0 bytes, Stack size unknown bytes, libshutdown.o(.ARM.Collect$$libshutdown$$00000000))
<BR><BR>[Called By]<UL><LI><a href="#[a2]">&gt;&gt;</a>&nbsp;&nbsp;&nbsp;__rt_exit_ls
</UL>

<P><STRONG><a name="[1de]"></a>__rt_lib_shutdown_cpp_1</STRONG> (Thumb, 0 bytes, Stack size unknown bytes, libshutdown2.o(.ARM.Collect$$libshutdown$$00000002))

<P><STRONG><a name="[1df]"></a>__rt_lib_shutdown_fp_trap_1</STRONG> (Thumb, 0 bytes, Stack size unknown bytes, libshutdown2.o(.ARM.Collect$$libshutdown$$00000007))

<P><STRONG><a name="[1e0]"></a>__rt_lib_shutdown_heap_1</STRONG> (Thumb, 0 bytes, Stack size unknown bytes, libshutdown2.o(.ARM.Collect$$libshutdown$$0000000F))

<P><STRONG><a name="[1e1]"></a>__rt_lib_shutdown_return</STRONG> (Thumb, 0 bytes, Stack size unknown bytes, libshutdown2.o(.ARM.Collect$$libshutdown$$00000010))

<P><STRONG><a name="[1e2]"></a>__rt_lib_shutdown_signal_1</STRONG> (Thumb, 0 bytes, Stack size unknown bytes, libshutdown2.o(.ARM.Collect$$libshutdown$$0000000A))

<P><STRONG><a name="[1e3]"></a>__rt_lib_shutdown_stdio_1</STRONG> (Thumb, 0 bytes, Stack size unknown bytes, libshutdown2.o(.ARM.Collect$$libshutdown$$00000004))

<P><STRONG><a name="[1e4]"></a>__rt_lib_shutdown_user_alloc_1</STRONG> (Thumb, 0 bytes, Stack size unknown bytes, libshutdown2.o(.ARM.Collect$$libshutdown$$0000000C))

<P><STRONG><a name="[96]"></a>__rt_entry</STRONG> (Thumb, 0 bytes, Stack size unknown bytes, __rtentry.o(.ARM.Collect$$rtentry$$00000000))
<BR><BR>[Called By]<UL><LI><a href="#[8e]">&gt;&gt;</a>&nbsp;&nbsp;&nbsp;__main
<LI><a href="#[97]">&gt;&gt;</a>&nbsp;&nbsp;&nbsp;__scatterload_rt2
</UL>

<P><STRONG><a name="[1e5]"></a>__rt_entry_presh_1</STRONG> (Thumb, 0 bytes, Stack size unknown bytes, __rtentry2.o(.ARM.Collect$$rtentry$$00000002))

<P><STRONG><a name="[99]"></a>__rt_entry_sh</STRONG> (Thumb, 0 bytes, Stack size unknown bytes, __rtentry4.o(.ARM.Collect$$rtentry$$00000004))
<BR><BR>[Stack]<UL><LI>Max Depth = 8 + Unknown Stack Size
<LI>Call Chain = __rt_entry_sh &rArr; __user_setup_stackheap
</UL>
<BR>[Calls]<UL><LI><a href="#[9a]">&gt;&gt;</a>&nbsp;&nbsp;&nbsp;__user_setup_stackheap
</UL>

<P><STRONG><a name="[9b]"></a>__rt_entry_postsh_1</STRONG> (Thumb, 0 bytes, Stack size unknown bytes, __rtentry2.o(.ARM.Collect$$rtentry$$00000008))
<BR><BR>[Stack]<UL><LI>Max Depth = 8 + Unknown Stack Size
<LI>Call Chain = __rt_entry_postsh_1 &rArr; _platform_post_stackheap_init &rArr; osKernelInitialize
</UL>
<BR>[Calls]<UL><LI><a href="#[9c]">&gt;&gt;</a>&nbsp;&nbsp;&nbsp;_platform_post_stackheap_init
</UL>

<P><STRONG><a name="[9d]"></a>__rt_entry_li</STRONG> (Thumb, 0 bytes, Stack size unknown bytes, __rtentry2.o(.ARM.Collect$$rtentry$$0000000A))
<BR><BR>[Calls]<UL><LI><a href="#[9e]">&gt;&gt;</a>&nbsp;&nbsp;&nbsp;__rt_lib_init
</UL>

<P><STRONG><a name="[9f]"></a>__rt_entry_main</STRONG> (Thumb, 0 bytes, Stack size unknown bytes, __rtentry2.o(.ARM.Collect$$rtentry$$0000000D))
<BR><BR>[Stack]<UL><LI>Max Depth = 40 + Unknown Stack Size
<LI>Call Chain = __rt_entry_main &rArr; main &rArr; LED_Initialize &rArr; GPIO_PinConfigure
</UL>
<BR>[Calls]<UL><LI><a href="#[a1]">&gt;&gt;</a>&nbsp;&nbsp;&nbsp;exit
<LI><a href="#[a0]">&gt;&gt;</a>&nbsp;&nbsp;&nbsp;main
</UL>

<P><STRONG><a name="[1e6]"></a>__rt_entry_postli_1</STRONG> (Thumb, 0 bytes, Stack size unknown bytes, __rtentry2.o(.ARM.Collect$$rtentry$$0000000C))

<P><STRONG><a name="[1c3]"></a>__rt_exit</STRONG> (Thumb, 0 bytes, Stack size unknown bytes, rtexit.o(.ARM.Collect$$rtexit$$00000000))
<BR><BR>[Called By]<UL><LI><a href="#[a1]">&gt;&gt;</a>&nbsp;&nbsp;&nbsp;exit
</UL>

<P><STRONG><a name="[a2]"></a>__rt_exit_ls</STRONG> (Thumb, 0 bytes, Stack size unknown bytes, rtexit2.o(.ARM.Collect$$rtexit$$00000003))
<BR><BR>[Calls]<UL><LI><a href="#[a3]">&gt;&gt;</a>&nbsp;&nbsp;&nbsp;__rt_lib_shutdown
</UL>

<P><STRONG><a name="[1e7]"></a>__rt_exit_prels_1</STRONG> (Thumb, 0 bytes, Stack size unknown bytes, rtexit2.o(.ARM.Collect$$rtexit$$00000002))

<P><STRONG><a name="[a4]"></a>__rt_exit_exit</STRONG> (Thumb, 0 bytes, Stack size unknown bytes, rtexit2.o(.ARM.Collect$$rtexit$$00000004))
<BR><BR>[Calls]<UL><LI><a href="#[a5]">&gt;&gt;</a>&nbsp;&nbsp;&nbsp;_sys_exit
</UL>

<P><STRONG><a name="[35]"></a>callback</STRONG> (Thumb, 30 bytes, Stack size 0 bytes, main.o(.text))
<BR>[Address Reference Count : 1]<UL><LI> main.o(.text)
</UL>
<P><STRONG><a name="[36]"></a>callback2</STRONG> (Thumb, 32 bytes, Stack size 0 bytes, main.o(.text))
<BR>[Address Reference Count : 1]<UL><LI> main.o(.text)
</UL>
<P><STRONG><a name="[37]"></a>ledThread1</STRONG> (Thumb, 30 bytes, Stack size 0 bytes, main.o(.text))
<BR><BR>[Stack]<UL><LI>Max Depth = 8 + In Cycle
<LI>Call Chain = ledThread1 &rArr;  ledThread1 (Cycle)
</UL>
<BR>[Calls]<UL><LI><a href="#[a8]">&gt;&gt;</a>&nbsp;&nbsp;&nbsp;LED_Off
<LI><a href="#[a7]">&gt;&gt;</a>&nbsp;&nbsp;&nbsp;LED_On
<LI><a href="#[a6]">&gt;&gt;</a>&nbsp;&nbsp;&nbsp;osDelay
<LI><a href="#[37]">&gt;&gt;</a>&nbsp;&nbsp;&nbsp;ledThread1
</UL>
<BR>[Called By]<UL><LI><a href="#[37]">&gt;&gt;</a>&nbsp;&nbsp;&nbsp;ledThread1
</UL>
<BR>[Address Reference Count : 1]<UL><LI> main.o(.text)
</UL>
<P><STRONG><a name="[38]"></a>ledThread2</STRONG> (Thumb, 30 bytes, Stack size 0 bytes, main.o(.text))
<BR><BR>[Stack]<UL><LI>Max Depth = 8 + In Cycle
<LI>Call Chain = ledThread2 &rArr;  ledThread2 (Cycle)
</UL>
<BR>[Calls]<UL><LI><a href="#[38]">&gt;&gt;</a>&nbsp;&nbsp;&nbsp;ledThread2
<LI><a href="#[a8]">&gt;&gt;</a>&nbsp;&nbsp;&nbsp;LED_Off
<LI><a href="#[a7]">&gt;&gt;</a>&nbsp;&nbsp;&nbsp;LED_On
<LI><a href="#[a6]">&gt;&gt;</a>&nbsp;&nbsp;&nbsp;osDelay
</UL>
<BR>[Called By]<UL><LI><a href="#[38]">&gt;&gt;</a>&nbsp;&nbsp;&nbsp;ledThread2
</UL>
<BR>[Address Reference Count : 1]<UL><LI> main.o(.text)
</UL>
<P><STRONG><a name="[39]"></a>app_main</STRONG> (Thumb, 220 bytes, Stack size 24 bytes, main.o(.text))
<BR><BR>[Stack]<UL><LI>Max Depth = 48<LI>Call Chain = app_main &rArr; osTimerNew
</UL>
<BR>[Calls]<UL><LI><a href="#[ab]">&gt;&gt;</a>&nbsp;&nbsp;&nbsp;osThreadNew
<LI><a href="#[aa]">&gt;&gt;</a>&nbsp;&nbsp;&nbsp;osTimerStart
<LI><a href="#[a9]">&gt;&gt;</a>&nbsp;&nbsp;&nbsp;osTimerNew
</UL>
<BR>[Address Reference Count : 1]<UL><LI> main.o(.text)
</UL>
<P><STRONG><a name="[a0]"></a>main</STRONG> (Thumb, 50 bytes, Stack size 0 bytes, main.o(.text))
<BR><BR>[Stack]<UL><LI>Max Depth = 40<LI>Call Chain = main &rArr; LED_Initialize &rArr; GPIO_PinConfigure
</UL>
<BR>[Calls]<UL><LI><a href="#[b0]">&gt;&gt;</a>&nbsp;&nbsp;&nbsp;osKernelStart
<LI><a href="#[af]">&gt;&gt;</a>&nbsp;&nbsp;&nbsp;osKernelGetState
<LI><a href="#[ae]">&gt;&gt;</a>&nbsp;&nbsp;&nbsp;osKernelInitialize
<LI><a href="#[ad]">&gt;&gt;</a>&nbsp;&nbsp;&nbsp;LED_Initialize
<LI><a href="#[ac]">&gt;&gt;</a>&nbsp;&nbsp;&nbsp;SystemCoreClockUpdate
<LI><a href="#[ab]">&gt;&gt;</a>&nbsp;&nbsp;&nbsp;osThreadNew
</UL>
<BR>[Called By]<UL><LI><a href="#[9f]">&gt;&gt;</a>&nbsp;&nbsp;&nbsp;__rt_entry_main
</UL>

<P><STRONG><a name="[ad]"></a>LED_Initialize</STRONG> (Thumb, 66 bytes, Stack size 24 bytes, led_mcbstm32e.o(.text))
<BR><BR>[Stack]<UL><LI>Max Depth = 40<LI>Call Chain = LED_Initialize &rArr; GPIO_PinConfigure
</UL>
<BR>[Calls]<UL><LI><a href="#[b2]">&gt;&gt;</a>&nbsp;&nbsp;&nbsp;GPIO_PinConfigure
<LI><a href="#[b1]">&gt;&gt;</a>&nbsp;&nbsp;&nbsp;GPIO_PortClock
</UL>
<BR>[Called By]<UL><LI><a href="#[a0]">&gt;&gt;</a>&nbsp;&nbsp;&nbsp;main
</UL>

<P><STRONG><a name="[b3]"></a>LED_Uninitialize</STRONG> (Thumb, 40 bytes, Stack size 16 bytes, led_mcbstm32e.o(.text), UNUSED)
<BR><BR>[Calls]<UL><LI><a href="#[b2]">&gt;&gt;</a>&nbsp;&nbsp;&nbsp;GPIO_PinConfigure
</UL>

<P><STRONG><a name="[a7]"></a>LED_On</STRONG> (Thumb, 40 bytes, Stack size 0 bytes, led_mcbstm32e.o(.text))
<BR><BR>[Called By]<UL><LI><a href="#[38]">&gt;&gt;</a>&nbsp;&nbsp;&nbsp;ledThread2
<LI><a href="#[37]">&gt;&gt;</a>&nbsp;&nbsp;&nbsp;ledThread1
</UL>

<P><STRONG><a name="[a8]"></a>LED_Off</STRONG> (Thumb, 42 bytes, Stack size 0 bytes, led_mcbstm32e.o(.text))
<BR><BR>[Called By]<UL><LI><a href="#[38]">&gt;&gt;</a>&nbsp;&nbsp;&nbsp;ledThread2
<LI><a href="#[37]">&gt;&gt;</a>&nbsp;&nbsp;&nbsp;ledThread1
</UL>

<P><STRONG><a name="[1e8]"></a>LED_SetOut</STRONG> (Thumb, 54 bytes, Stack size 8 bytes, led_mcbstm32e.o(.text), UNUSED)

<P><STRONG><a name="[1e9]"></a>LED_GetCount</STRONG> (Thumb, 4 bytes, Stack size 0 bytes, led_mcbstm32e.o(.text), UNUSED)

<P><STRONG><a name="[6]"></a>SVC_Handler</STRONG> (Thumb, 146 bytes, Stack size unknown bytes, irq_armv7m.o(.text))
<BR><BR>[Stack]<UL><LI>Max Depth = 16 + Unknown Stack Size
<LI>Call Chain = SVC_Handler &rArr; osRtxKernelErrorNotify
</UL>
<BR>[Calls]<UL><LI><a href="#[b5]">&gt;&gt;</a>&nbsp;&nbsp;&nbsp;osRtxKernelErrorNotify
<LI><a href="#[b4]">&gt;&gt;</a>&nbsp;&nbsp;&nbsp;osRtxThreadStackCheck
</UL>
<BR>[Address Reference Count : 1]<UL><LI> startup_stm32f10x_md.o(RESET)
</UL>
<P><STRONG><a name="[8]"></a>PendSV_Handler</STRONG> (Thumb, 16 bytes, Stack size unknown bytes, irq_armv7m.o(.text))
<BR><BR>[Stack]<UL><LI>Max Depth = 40 + Unknown Stack Size
<LI>Call Chain = PendSV_Handler &rArr; osRtxPendSV_Handler &rArr; osRtxThreadDispatch
</UL>
<BR>[Calls]<UL><LI><a href="#[b6]">&gt;&gt;</a>&nbsp;&nbsp;&nbsp;osRtxPendSV_Handler
</UL>
<BR>[Address Reference Count : 1]<UL><LI> startup_stm32f10x_md.o(RESET)
</UL>
<P><STRONG><a name="[9]"></a>SysTick_Handler</STRONG> (Thumb, 16 bytes, Stack size unknown bytes, irq_armv7m.o(.text))
<BR><BR>[Stack]<UL><LI>Max Depth = 48 + Unknown Stack Size
<LI>Call Chain = SysTick_Handler &rArr; osRtxTick_Handler &rArr; osRtxThreadDelayTick
</UL>
<BR>[Calls]<UL><LI><a href="#[b7]">&gt;&gt;</a>&nbsp;&nbsp;&nbsp;osRtxTick_Handler
</UL>
<BR>[Address Reference Count : 2]<UL><LI> rtx_kernel.o(.text)
<LI> startup_stm32f10x_md.o(RESET)
</UL>
<P><STRONG><a name="[a6]"></a>osDelay</STRONG> (Thumb, 54 bytes, Stack size 8 bytes, rtx_delay.o(.text))
<BR><BR>[Stack]<UL><LI>Max Depth = 8<LI>Call Chain = osDelay
</UL>
<BR>[Calls]<UL><LI><a href="#[b9]">&gt;&gt;</a>&nbsp;&nbsp;&nbsp;EvrRtxDelayError
<LI><a href="#[b8]">&gt;&gt;</a>&nbsp;&nbsp;&nbsp;EvrRtxDelay
</UL>
<BR>[Called By]<UL><LI><a href="#[38]">&gt;&gt;</a>&nbsp;&nbsp;&nbsp;ledThread2
<LI><a href="#[37]">&gt;&gt;</a>&nbsp;&nbsp;&nbsp;ledThread1
</UL>

<P><STRONG><a name="[ba]"></a>osDelayUntil</STRONG> (Thumb, 54 bytes, Stack size 8 bytes, rtx_delay.o(.text), UNUSED)
<BR><BR>[Calls]<UL><LI><a href="#[bb]">&gt;&gt;</a>&nbsp;&nbsp;&nbsp;EvrRtxDelayUntil
<LI><a href="#[b9]">&gt;&gt;</a>&nbsp;&nbsp;&nbsp;EvrRtxDelayError
</UL>

<P><STRONG><a name="[f9]"></a>EvrRtxMemoryInit</STRONG> (Thumb, 2 bytes, Stack size 0 bytes, rtx_evr.o(.text))
<BR><BR>[Called By]<UL><LI><a href="#[e6]">&gt;&gt;</a>&nbsp;&nbsp;&nbsp;osRtxMemoryInit
</UL>

<P><STRONG><a name="[fb]"></a>EvrRtxMemoryAlloc</STRONG> (Thumb, 2 bytes, Stack size 0 bytes, rtx_evr.o(.text))
<BR><BR>[Called By]<UL><LI><a href="#[fa]">&gt;&gt;</a>&nbsp;&nbsp;&nbsp;osRtxMemoryAlloc
</UL>

<P><STRONG><a name="[fd]"></a>EvrRtxMemoryFree</STRONG> (Thumb, 2 bytes, Stack size 0 bytes, rtx_evr.o(.text))
<BR><BR>[Called By]<UL><LI><a href="#[fc]">&gt;&gt;</a>&nbsp;&nbsp;&nbsp;osRtxMemoryFree
</UL>

<P><STRONG><a name="[fe]"></a>EvrRtxMemoryBlockInit</STRONG> (Thumb, 2 bytes, Stack size 0 bytes, rtx_evr.o(.text))
<BR><BR>[Called By]<UL><LI><a href="#[4b]">&gt;&gt;</a>&nbsp;&nbsp;&nbsp;svcRtxMemoryPoolNew
<LI><a href="#[e7]">&gt;&gt;</a>&nbsp;&nbsp;&nbsp;osRtxMemoryPoolInit
</UL>

<P><STRONG><a name="[100]"></a>EvrRtxMemoryBlockAlloc</STRONG> (Thumb, 2 bytes, Stack size 0 bytes, rtx_evr.o(.text))
<BR><BR>[Called By]<UL><LI><a href="#[108]">&gt;&gt;</a>&nbsp;&nbsp;&nbsp;osMemoryPoolAlloc
<LI><a href="#[54]">&gt;&gt;</a>&nbsp;&nbsp;&nbsp;osRtxMemoryPoolPostProcess
<LI><a href="#[4e]">&gt;&gt;</a>&nbsp;&nbsp;&nbsp;svcRtxMemoryPoolFree
<LI><a href="#[4d]">&gt;&gt;</a>&nbsp;&nbsp;&nbsp;svcRtxMemoryPoolAlloc
<LI><a href="#[4b]">&gt;&gt;</a>&nbsp;&nbsp;&nbsp;svcRtxMemoryPoolNew
<LI><a href="#[ff]">&gt;&gt;</a>&nbsp;&nbsp;&nbsp;osRtxMemoryPoolAlloc
</UL>

<P><STRONG><a name="[102]"></a>EvrRtxMemoryBlockFree</STRONG> (Thumb, 2 bytes, Stack size 0 bytes, rtx_evr.o(.text))
<BR><BR>[Called By]<UL><LI><a href="#[10c]">&gt;&gt;</a>&nbsp;&nbsp;&nbsp;osMemoryPoolFree
<LI><a href="#[53]">&gt;&gt;</a>&nbsp;&nbsp;&nbsp;svcRtxMemoryPoolDelete
<LI><a href="#[4e]">&gt;&gt;</a>&nbsp;&nbsp;&nbsp;svcRtxMemoryPoolFree
<LI><a href="#[101]">&gt;&gt;</a>&nbsp;&nbsp;&nbsp;osRtxMemoryPoolFree
</UL>

<P><STRONG><a name="[c3]"></a>EvrRtxKernelError</STRONG> (Thumb, 2 bytes, Stack size 0 bytes, rtx_evr.o(.text))
<BR><BR>[Called By]<UL><LI><a href="#[d7]">&gt;&gt;</a>&nbsp;&nbsp;&nbsp;osKernelDestroyClass
<LI><a href="#[d5]">&gt;&gt;</a>&nbsp;&nbsp;&nbsp;osKernelProtect
<LI><a href="#[d3]">&gt;&gt;</a>&nbsp;&nbsp;&nbsp;osKernelResume
<LI><a href="#[d1]">&gt;&gt;</a>&nbsp;&nbsp;&nbsp;osKernelSuspend
<LI><a href="#[ce]">&gt;&gt;</a>&nbsp;&nbsp;&nbsp;osKernelRestoreLock
<LI><a href="#[cc]">&gt;&gt;</a>&nbsp;&nbsp;&nbsp;osKernelUnlock
<LI><a href="#[ca]">&gt;&gt;</a>&nbsp;&nbsp;&nbsp;osKernelLock
<LI><a href="#[43]">&gt;&gt;</a>&nbsp;&nbsp;&nbsp;svcRtxKernelSuspend
<LI><a href="#[42]">&gt;&gt;</a>&nbsp;&nbsp;&nbsp;svcRtxKernelRestoreLock
<LI><a href="#[41]">&gt;&gt;</a>&nbsp;&nbsp;&nbsp;svcRtxKernelUnlock
<LI><a href="#[40]">&gt;&gt;</a>&nbsp;&nbsp;&nbsp;svcRtxKernelLock
<LI><a href="#[3f]">&gt;&gt;</a>&nbsp;&nbsp;&nbsp;svcRtxKernelStart
<LI><a href="#[3c]">&gt;&gt;</a>&nbsp;&nbsp;&nbsp;svcRtxKernelInitialize
<LI><a href="#[b0]">&gt;&gt;</a>&nbsp;&nbsp;&nbsp;osKernelStart
<LI><a href="#[ae]">&gt;&gt;</a>&nbsp;&nbsp;&nbsp;osKernelInitialize
</UL>

<P><STRONG><a name="[c2]"></a>EvrRtxKernelInitialize</STRONG> (Thumb, 2 bytes, Stack size 0 bytes, rtx_evr.o(.text))
<BR><BR>[Called By]<UL><LI><a href="#[ae]">&gt;&gt;</a>&nbsp;&nbsp;&nbsp;osKernelInitialize
</UL>

<P><STRONG><a name="[e8]"></a>EvrRtxKernelInitialized</STRONG> (Thumb, 2 bytes, Stack size 0 bytes, rtx_evr.o(.text))
<BR><BR>[Called By]<UL><LI><a href="#[3c]">&gt;&gt;</a>&nbsp;&nbsp;&nbsp;svcRtxKernelInitialize
</UL>

<P><STRONG><a name="[c5]"></a>EvrRtxKernelGetInfo</STRONG> (Thumb, 2 bytes, Stack size 0 bytes, rtx_evr.o(.text), UNUSED)
<BR><BR>[Called By]<UL><LI><a href="#[c4]">&gt;&gt;</a>&nbsp;&nbsp;&nbsp;osKernelGetInfo
</UL>

<P><STRONG><a name="[c7]"></a>EvrRtxKernelInfoRetrieved</STRONG> (Thumb, 2 bytes, Stack size 0 bytes, rtx_evr.o(.text))
<BR><BR>[Called By]<UL><LI><a href="#[c4]">&gt;&gt;</a>&nbsp;&nbsp;&nbsp;osKernelGetInfo
<LI><a href="#[3d]">&gt;&gt;</a>&nbsp;&nbsp;&nbsp;svcRtxKernelGetInfo
</UL>

<P><STRONG><a name="[c8]"></a>EvrRtxKernelGetState</STRONG> (Thumb, 2 bytes, Stack size 0 bytes, rtx_evr.o(.text))
<BR><BR>[Called By]<UL><LI><a href="#[3e]">&gt;&gt;</a>&nbsp;&nbsp;&nbsp;svcRtxKernelGetState
<LI><a href="#[af]">&gt;&gt;</a>&nbsp;&nbsp;&nbsp;osKernelGetState
</UL>

<P><STRONG><a name="[c9]"></a>EvrRtxKernelStart</STRONG> (Thumb, 2 bytes, Stack size 0 bytes, rtx_evr.o(.text))
<BR><BR>[Called By]<UL><LI><a href="#[b0]">&gt;&gt;</a>&nbsp;&nbsp;&nbsp;osKernelStart
</UL>

<P><STRONG><a name="[ef]"></a>EvrRtxKernelStarted</STRONG> (Thumb, 2 bytes, Stack size 0 bytes, rtx_evr.o(.text))
<BR><BR>[Called By]<UL><LI><a href="#[3f]">&gt;&gt;</a>&nbsp;&nbsp;&nbsp;svcRtxKernelStart
</UL>

<P><STRONG><a name="[cb]"></a>EvrRtxKernelLock</STRONG> (Thumb, 2 bytes, Stack size 0 bytes, rtx_evr.o(.text), UNUSED)
<BR><BR>[Called By]<UL><LI><a href="#[ca]">&gt;&gt;</a>&nbsp;&nbsp;&nbsp;osKernelLock
</UL>

<P><STRONG><a name="[f0]"></a>EvrRtxKernelLocked</STRONG> (Thumb, 2 bytes, Stack size 0 bytes, rtx_evr.o(.text))
<BR><BR>[Called By]<UL><LI><a href="#[40]">&gt;&gt;</a>&nbsp;&nbsp;&nbsp;svcRtxKernelLock
</UL>

<P><STRONG><a name="[cd]"></a>EvrRtxKernelUnlock</STRONG> (Thumb, 2 bytes, Stack size 0 bytes, rtx_evr.o(.text), UNUSED)
<BR><BR>[Called By]<UL><LI><a href="#[cc]">&gt;&gt;</a>&nbsp;&nbsp;&nbsp;osKernelUnlock
</UL>

<P><STRONG><a name="[f1]"></a>EvrRtxKernelUnlocked</STRONG> (Thumb, 2 bytes, Stack size 0 bytes, rtx_evr.o(.text))
<BR><BR>[Called By]<UL><LI><a href="#[41]">&gt;&gt;</a>&nbsp;&nbsp;&nbsp;svcRtxKernelUnlock
</UL>

<P><STRONG><a name="[cf]"></a>EvrRtxKernelRestoreLock</STRONG> (Thumb, 2 bytes, Stack size 0 bytes, rtx_evr.o(.text), UNUSED)
<BR><BR>[Called By]<UL><LI><a href="#[ce]">&gt;&gt;</a>&nbsp;&nbsp;&nbsp;osKernelRestoreLock
</UL>

<P><STRONG><a name="[d0]"></a>EvrRtxKernelLockRestored</STRONG> (Thumb, 2 bytes, Stack size 0 bytes, rtx_evr.o(.text))
<BR><BR>[Called By]<UL><LI><a href="#[ce]">&gt;&gt;</a>&nbsp;&nbsp;&nbsp;osKernelRestoreLock
<LI><a href="#[42]">&gt;&gt;</a>&nbsp;&nbsp;&nbsp;svcRtxKernelRestoreLock
</UL>

<P><STRONG><a name="[d2]"></a>EvrRtxKernelSuspend</STRONG> (Thumb, 2 bytes, Stack size 0 bytes, rtx_evr.o(.text), UNUSED)
<BR><BR>[Called By]<UL><LI><a href="#[d1]">&gt;&gt;</a>&nbsp;&nbsp;&nbsp;osKernelSuspend
</UL>

<P><STRONG><a name="[f3]"></a>EvrRtxKernelSuspended</STRONG> (Thumb, 2 bytes, Stack size 0 bytes, rtx_evr.o(.text))
<BR><BR>[Called By]<UL><LI><a href="#[43]">&gt;&gt;</a>&nbsp;&nbsp;&nbsp;svcRtxKernelSuspend
</UL>

<P><STRONG><a name="[d4]"></a>EvrRtxKernelResume</STRONG> (Thumb, 2 bytes, Stack size 0 bytes, rtx_evr.o(.text), UNUSED)
<BR><BR>[Called By]<UL><LI><a href="#[d3]">&gt;&gt;</a>&nbsp;&nbsp;&nbsp;osKernelResume
</UL>

<P><STRONG><a name="[f6]"></a>EvrRtxKernelResumed</STRONG> (Thumb, 2 bytes, Stack size 0 bytes, rtx_evr.o(.text))
<BR><BR>[Called By]<UL><LI><a href="#[44]">&gt;&gt;</a>&nbsp;&nbsp;&nbsp;svcRtxKernelResume
</UL>

<P><STRONG><a name="[d6]"></a>EvrRtxKernelProtect</STRONG> (Thumb, 2 bytes, Stack size 0 bytes, rtx_evr.o(.text), UNUSED)
<BR><BR>[Called By]<UL><LI><a href="#[d5]">&gt;&gt;</a>&nbsp;&nbsp;&nbsp;osKernelProtect
</UL>

<P><STRONG><a name="[1ea]"></a>EvrRtxKernelProtected</STRONG> (Thumb, 2 bytes, Stack size 0 bytes, rtx_evr.o(.text), UNUSED)

<P><STRONG><a name="[da]"></a>EvrRtxKernelGetTickCount</STRONG> (Thumb, 2 bytes, Stack size 0 bytes, rtx_evr.o(.text))
<BR><BR>[Called By]<UL><LI><a href="#[d9]">&gt;&gt;</a>&nbsp;&nbsp;&nbsp;osKernelGetTickCount
<LI><a href="#[47]">&gt;&gt;</a>&nbsp;&nbsp;&nbsp;svcRtxKernelGetTickCount
</UL>

<P><STRONG><a name="[dc]"></a>EvrRtxKernelGetTickFreq</STRONG> (Thumb, 2 bytes, Stack size 0 bytes, rtx_evr.o(.text))
<BR><BR>[Called By]<UL><LI><a href="#[db]">&gt;&gt;</a>&nbsp;&nbsp;&nbsp;osKernelGetTickFreq
<LI><a href="#[48]">&gt;&gt;</a>&nbsp;&nbsp;&nbsp;svcRtxKernelGetTickFreq
</UL>

<P><STRONG><a name="[e1]"></a>EvrRtxKernelGetSysTimerCount</STRONG> (Thumb, 2 bytes, Stack size 0 bytes, rtx_evr.o(.text))
<BR><BR>[Called By]<UL><LI><a href="#[dd]">&gt;&gt;</a>&nbsp;&nbsp;&nbsp;osKernelGetSysTimerCount
<LI><a href="#[49]">&gt;&gt;</a>&nbsp;&nbsp;&nbsp;svcRtxKernelGetSysTimerCount
</UL>

<P><STRONG><a name="[e4]"></a>EvrRtxKernelGetSysTimerFreq</STRONG> (Thumb, 2 bytes, Stack size 0 bytes, rtx_evr.o(.text))
<BR><BR>[Called By]<UL><LI><a href="#[e2]">&gt;&gt;</a>&nbsp;&nbsp;&nbsp;osKernelGetSysTimerFreq
<LI><a href="#[4a]">&gt;&gt;</a>&nbsp;&nbsp;&nbsp;svcRtxKernelGetSysTimerFreq
</UL>

<P><STRONG><a name="[bf]"></a>EvrRtxKernelErrorNotify</STRONG> (Thumb, 2 bytes, Stack size 0 bytes, rtx_evr.o(.text))
<BR><BR>[Called By]<UL><LI><a href="#[b5]">&gt;&gt;</a>&nbsp;&nbsp;&nbsp;osRtxKernelErrorNotify
</UL>

<P><STRONG><a name="[d8]"></a>EvrRtxKernelDestroyClass</STRONG> (Thumb, 2 bytes, Stack size 0 bytes, rtx_evr.o(.text), UNUSED)
<BR><BR>[Called By]<UL><LI><a href="#[d7]">&gt;&gt;</a>&nbsp;&nbsp;&nbsp;osKernelDestroyClass
</UL>

<P><STRONG><a name="[16d]"></a>EvrRtxThreadError</STRONG> (Thumb, 2 bytes, Stack size 0 bytes, rtx_evr.o(.text))
<BR><BR>[Called By]<UL><LI><a href="#[194]">&gt;&gt;</a>&nbsp;&nbsp;&nbsp;osThreadTerminateZone
<LI><a href="#[192]">&gt;&gt;</a>&nbsp;&nbsp;&nbsp;osThreadResumeClass
<LI><a href="#[190]">&gt;&gt;</a>&nbsp;&nbsp;&nbsp;osThreadSuspendClass
<LI><a href="#[18e]">&gt;&gt;</a>&nbsp;&nbsp;&nbsp;osThreadProtectPrivileged
<LI><a href="#[18c]">&gt;&gt;</a>&nbsp;&nbsp;&nbsp;osThreadFeedWatchdog
<LI><a href="#[18a]">&gt;&gt;</a>&nbsp;&nbsp;&nbsp;osThreadTerminate
<LI><a href="#[188]">&gt;&gt;</a>&nbsp;&nbsp;&nbsp;osThreadExit
<LI><a href="#[186]">&gt;&gt;</a>&nbsp;&nbsp;&nbsp;osThreadJoin
<LI><a href="#[184]">&gt;&gt;</a>&nbsp;&nbsp;&nbsp;osThreadDetach
<LI><a href="#[182]">&gt;&gt;</a>&nbsp;&nbsp;&nbsp;osThreadResume
<LI><a href="#[180]">&gt;&gt;</a>&nbsp;&nbsp;&nbsp;osThreadSuspend
<LI><a href="#[17e]">&gt;&gt;</a>&nbsp;&nbsp;&nbsp;osThreadYield
<LI><a href="#[17a]">&gt;&gt;</a>&nbsp;&nbsp;&nbsp;osThreadSetPriority
<LI><a href="#[79]">&gt;&gt;</a>&nbsp;&nbsp;&nbsp;svcRtxThreadTerminate
<LI><a href="#[77]">&gt;&gt;</a>&nbsp;&nbsp;&nbsp;svcRtxThreadJoin
<LI><a href="#[76]">&gt;&gt;</a>&nbsp;&nbsp;&nbsp;svcRtxThreadDetach
<LI><a href="#[75]">&gt;&gt;</a>&nbsp;&nbsp;&nbsp;svcRtxThreadResume
<LI><a href="#[74]">&gt;&gt;</a>&nbsp;&nbsp;&nbsp;svcRtxThreadSuspend
<LI><a href="#[71]">&gt;&gt;</a>&nbsp;&nbsp;&nbsp;svcRtxThreadSetPriority
<LI><a href="#[69]">&gt;&gt;</a>&nbsp;&nbsp;&nbsp;svcRtxThreadNew
<LI><a href="#[ab]">&gt;&gt;</a>&nbsp;&nbsp;&nbsp;osThreadNew
</UL>

<P><STRONG><a name="[170]"></a>EvrRtxThreadNew</STRONG> (Thumb, 2 bytes, Stack size 0 bytes, rtx_evr.o(.text))
<BR><BR>[Called By]<UL><LI><a href="#[ab]">&gt;&gt;</a>&nbsp;&nbsp;&nbsp;osThreadNew
</UL>

<P><STRONG><a name="[16f]"></a>EvrRtxThreadCreated</STRONG> (Thumb, 2 bytes, Stack size 0 bytes, rtx_evr.o(.text))
<BR><BR>[Called By]<UL><LI><a href="#[69]">&gt;&gt;</a>&nbsp;&nbsp;&nbsp;svcRtxThreadNew
</UL>

<P><STRONG><a name="[172]"></a>EvrRtxThreadGetName</STRONG> (Thumb, 2 bytes, Stack size 0 bytes, rtx_evr.o(.text))
<BR><BR>[Called By]<UL><LI><a href="#[171]">&gt;&gt;</a>&nbsp;&nbsp;&nbsp;osThreadGetName
<LI><a href="#[6a]">&gt;&gt;</a>&nbsp;&nbsp;&nbsp;svcRtxThreadGetName
</UL>

<P><STRONG><a name="[1eb]"></a>EvrRtxThreadGetClass</STRONG> (Thumb, 2 bytes, Stack size 0 bytes, rtx_evr.o(.text), UNUSED)

<P><STRONG><a name="[1ec]"></a>EvrRtxThreadGetZone</STRONG> (Thumb, 2 bytes, Stack size 0 bytes, rtx_evr.o(.text), UNUSED)

<P><STRONG><a name="[173]"></a>EvrRtxThreadGetId</STRONG> (Thumb, 2 bytes, Stack size 0 bytes, rtx_evr.o(.text))
<BR><BR>[Called By]<UL><LI><a href="#[6d]">&gt;&gt;</a>&nbsp;&nbsp;&nbsp;svcRtxThreadGetId
<LI><a href="#[f8]">&gt;&gt;</a>&nbsp;&nbsp;&nbsp;osThreadGetId
</UL>

<P><STRONG><a name="[175]"></a>EvrRtxThreadGetState</STRONG> (Thumb, 2 bytes, Stack size 0 bytes, rtx_evr.o(.text))
<BR><BR>[Called By]<UL><LI><a href="#[174]">&gt;&gt;</a>&nbsp;&nbsp;&nbsp;osThreadGetState
<LI><a href="#[6e]">&gt;&gt;</a>&nbsp;&nbsp;&nbsp;svcRtxThreadGetState
</UL>

<P><STRONG><a name="[177]"></a>EvrRtxThreadGetStackSize</STRONG> (Thumb, 2 bytes, Stack size 0 bytes, rtx_evr.o(.text))
<BR><BR>[Called By]<UL><LI><a href="#[176]">&gt;&gt;</a>&nbsp;&nbsp;&nbsp;osThreadGetStackSize
<LI><a href="#[6f]">&gt;&gt;</a>&nbsp;&nbsp;&nbsp;svcRtxThreadGetStackSize
</UL>

<P><STRONG><a name="[179]"></a>EvrRtxThreadGetStackSpace</STRONG> (Thumb, 2 bytes, Stack size 0 bytes, rtx_evr.o(.text))
<BR><BR>[Called By]<UL><LI><a href="#[178]">&gt;&gt;</a>&nbsp;&nbsp;&nbsp;osThreadGetStackSpace
<LI><a href="#[70]">&gt;&gt;</a>&nbsp;&nbsp;&nbsp;svcRtxThreadGetStackSpace
</UL>

<P><STRONG><a name="[17b]"></a>EvrRtxThreadSetPriority</STRONG> (Thumb, 2 bytes, Stack size 0 bytes, rtx_evr.o(.text), UNUSED)
<BR><BR>[Called By]<UL><LI><a href="#[17a]">&gt;&gt;</a>&nbsp;&nbsp;&nbsp;osThreadSetPriority
</UL>

<P><STRONG><a name="[1a5]"></a>EvrRtxThreadPriorityUpdated</STRONG> (Thumb, 2 bytes, Stack size 0 bytes, rtx_evr.o(.text))
<BR><BR>[Called By]<UL><LI><a href="#[71]">&gt;&gt;</a>&nbsp;&nbsp;&nbsp;svcRtxThreadSetPriority
</UL>

<P><STRONG><a name="[17d]"></a>EvrRtxThreadGetPriority</STRONG> (Thumb, 2 bytes, Stack size 0 bytes, rtx_evr.o(.text))
<BR><BR>[Called By]<UL><LI><a href="#[17c]">&gt;&gt;</a>&nbsp;&nbsp;&nbsp;osThreadGetPriority
<LI><a href="#[72]">&gt;&gt;</a>&nbsp;&nbsp;&nbsp;svcRtxThreadGetPriority
</UL>

<P><STRONG><a name="[17f]"></a>EvrRtxThreadYield</STRONG> (Thumb, 2 bytes, Stack size 0 bytes, rtx_evr.o(.text), UNUSED)
<BR><BR>[Called By]<UL><LI><a href="#[17e]">&gt;&gt;</a>&nbsp;&nbsp;&nbsp;osThreadYield
</UL>

<P><STRONG><a name="[181]"></a>EvrRtxThreadSuspend</STRONG> (Thumb, 2 bytes, Stack size 0 bytes, rtx_evr.o(.text), UNUSED)
<BR><BR>[Called By]<UL><LI><a href="#[180]">&gt;&gt;</a>&nbsp;&nbsp;&nbsp;osThreadSuspend
</UL>

<P><STRONG><a name="[1a6]"></a>EvrRtxThreadSuspended</STRONG> (Thumb, 2 bytes, Stack size 0 bytes, rtx_evr.o(.text))
<BR><BR>[Called By]<UL><LI><a href="#[74]">&gt;&gt;</a>&nbsp;&nbsp;&nbsp;svcRtxThreadSuspend
</UL>

<P><STRONG><a name="[183]"></a>EvrRtxThreadResume</STRONG> (Thumb, 2 bytes, Stack size 0 bytes, rtx_evr.o(.text), UNUSED)
<BR><BR>[Called By]<UL><LI><a href="#[182]">&gt;&gt;</a>&nbsp;&nbsp;&nbsp;osThreadResume
</UL>

<P><STRONG><a name="[1a7]"></a>EvrRtxThreadResumed</STRONG> (Thumb, 2 bytes, Stack size 0 bytes, rtx_evr.o(.text))
<BR><BR>[Called By]<UL><LI><a href="#[75]">&gt;&gt;</a>&nbsp;&nbsp;&nbsp;svcRtxThreadResume
</UL>

<P><STRONG><a name="[185]"></a>EvrRtxThreadDetach</STRONG> (Thumb, 2 bytes, Stack size 0 bytes, rtx_evr.o(.text), UNUSED)
<BR><BR>[Called By]<UL><LI><a href="#[184]">&gt;&gt;</a>&nbsp;&nbsp;&nbsp;osThreadDetach
</UL>

<P><STRONG><a name="[1a8]"></a>EvrRtxThreadDetached</STRONG> (Thumb, 2 bytes, Stack size 0 bytes, rtx_evr.o(.text))
<BR><BR>[Called By]<UL><LI><a href="#[76]">&gt;&gt;</a>&nbsp;&nbsp;&nbsp;svcRtxThreadDetach
</UL>

<P><STRONG><a name="[187]"></a>EvrRtxThreadJoin</STRONG> (Thumb, 2 bytes, Stack size 0 bytes, rtx_evr.o(.text), UNUSED)
<BR><BR>[Called By]<UL><LI><a href="#[186]">&gt;&gt;</a>&nbsp;&nbsp;&nbsp;osThreadJoin
</UL>

<P><STRONG><a name="[1a9]"></a>EvrRtxThreadJoinPending</STRONG> (Thumb, 2 bytes, Stack size 0 bytes, rtx_evr.o(.text))
<BR><BR>[Called By]<UL><LI><a href="#[77]">&gt;&gt;</a>&nbsp;&nbsp;&nbsp;svcRtxThreadJoin
</UL>

<P><STRONG><a name="[168]"></a>EvrRtxThreadJoined</STRONG> (Thumb, 2 bytes, Stack size 0 bytes, rtx_evr.o(.text))
<BR><BR>[Called By]<UL><LI><a href="#[167]">&gt;&gt;</a>&nbsp;&nbsp;&nbsp;osRtxThreadJoinWakeup
<LI><a href="#[79]">&gt;&gt;</a>&nbsp;&nbsp;&nbsp;svcRtxThreadTerminate
<LI><a href="#[78]">&gt;&gt;</a>&nbsp;&nbsp;&nbsp;svcRtxThreadExit
<LI><a href="#[77]">&gt;&gt;</a>&nbsp;&nbsp;&nbsp;svcRtxThreadJoin
</UL>

<P><STRONG><a name="[166]"></a>EvrRtxThreadBlocked</STRONG> (Thumb, 2 bytes, Stack size 0 bytes, rtx_evr.o(.text))
<BR><BR>[Called By]<UL><LI><a href="#[77]">&gt;&gt;</a>&nbsp;&nbsp;&nbsp;svcRtxThreadJoin
<LI><a href="#[bc]">&gt;&gt;</a>&nbsp;&nbsp;&nbsp;osRtxThreadWaitEnter
</UL>

<P><STRONG><a name="[164]"></a>EvrRtxThreadUnblocked</STRONG> (Thumb, 2 bytes, Stack size 0 bytes, rtx_evr.o(.text))
<BR><BR>[Called By]<UL><LI><a href="#[82]">&gt;&gt;</a>&nbsp;&nbsp;&nbsp;svcRtxThreadFlagsSet
<LI><a href="#[f4]">&gt;&gt;</a>&nbsp;&nbsp;&nbsp;osRtxThreadDelayTick
<LI><a href="#[11d]">&gt;&gt;</a>&nbsp;&nbsp;&nbsp;osRtxThreadWaitExit
</UL>

<P><STRONG><a name="[15f]"></a>EvrRtxThreadPreempted</STRONG> (Thumb, 2 bytes, Stack size 0 bytes, rtx_evr.o(.text))
<BR><BR>[Called By]<UL><LI><a href="#[73]">&gt;&gt;</a>&nbsp;&nbsp;&nbsp;svcRtxThreadYield
<LI><a href="#[f5]">&gt;&gt;</a>&nbsp;&nbsp;&nbsp;osRtxThreadDispatch
<LI><a href="#[b7]">&gt;&gt;</a>&nbsp;&nbsp;&nbsp;osRtxTick_Handler
</UL>

<P><STRONG><a name="[165]"></a>EvrRtxThreadSwitched</STRONG> (Thumb, 2 bytes, Stack size 0 bytes, rtx_evr.o(.text))
<BR><BR>[Called By]<UL><LI><a href="#[79]">&gt;&gt;</a>&nbsp;&nbsp;&nbsp;svcRtxThreadTerminate
<LI><a href="#[78]">&gt;&gt;</a>&nbsp;&nbsp;&nbsp;svcRtxThreadExit
<LI><a href="#[77]">&gt;&gt;</a>&nbsp;&nbsp;&nbsp;svcRtxThreadJoin
<LI><a href="#[74]">&gt;&gt;</a>&nbsp;&nbsp;&nbsp;svcRtxThreadSuspend
<LI><a href="#[73]">&gt;&gt;</a>&nbsp;&nbsp;&nbsp;svcRtxThreadYield
<LI><a href="#[ee]">&gt;&gt;</a>&nbsp;&nbsp;&nbsp;osRtxThreadSwitch
<LI><a href="#[f5]">&gt;&gt;</a>&nbsp;&nbsp;&nbsp;osRtxThreadDispatch
<LI><a href="#[bc]">&gt;&gt;</a>&nbsp;&nbsp;&nbsp;osRtxThreadWaitEnter
</UL>

<P><STRONG><a name="[189]"></a>EvrRtxThreadExit</STRONG> (Thumb, 2 bytes, Stack size 0 bytes, rtx_evr.o(.text))
<BR><BR>[Called By]<UL><LI><a href="#[188]">&gt;&gt;</a>&nbsp;&nbsp;&nbsp;osThreadExit
</UL>

<P><STRONG><a name="[18b]"></a>EvrRtxThreadTerminate</STRONG> (Thumb, 2 bytes, Stack size 0 bytes, rtx_evr.o(.text), UNUSED)
<BR><BR>[Called By]<UL><LI><a href="#[18a]">&gt;&gt;</a>&nbsp;&nbsp;&nbsp;osThreadTerminate
</UL>

<P><STRONG><a name="[16b]"></a>EvrRtxThreadDestroyed</STRONG> (Thumb, 2 bytes, Stack size 0 bytes, rtx_evr.o(.text))
<BR><BR>[Called By]<UL><LI><a href="#[169]">&gt;&gt;</a>&nbsp;&nbsp;&nbsp;osRtxThreadDestroy
<LI><a href="#[79]">&gt;&gt;</a>&nbsp;&nbsp;&nbsp;svcRtxThreadTerminate
<LI><a href="#[78]">&gt;&gt;</a>&nbsp;&nbsp;&nbsp;svcRtxThreadExit
</UL>

<P><STRONG><a name="[18d]"></a>EvrRtxThreadFeedWatchdog</STRONG> (Thumb, 2 bytes, Stack size 0 bytes, rtx_evr.o(.text), UNUSED)
<BR><BR>[Called By]<UL><LI><a href="#[18c]">&gt;&gt;</a>&nbsp;&nbsp;&nbsp;osThreadFeedWatchdog
</UL>

<P><STRONG><a name="[1ed]"></a>EvrRtxThreadFeedWatchdogDone</STRONG> (Thumb, 2 bytes, Stack size 0 bytes, rtx_evr.o(.text), UNUSED)

<P><STRONG><a name="[18f]"></a>EvrRtxThreadProtectPrivileged</STRONG> (Thumb, 2 bytes, Stack size 0 bytes, rtx_evr.o(.text), UNUSED)
<BR><BR>[Called By]<UL><LI><a href="#[18e]">&gt;&gt;</a>&nbsp;&nbsp;&nbsp;osThreadProtectPrivileged
</UL>

<P><STRONG><a name="[1ee]"></a>EvrRtxThreadPrivilegedProtected</STRONG> (Thumb, 2 bytes, Stack size 0 bytes, rtx_evr.o(.text), UNUSED)

<P><STRONG><a name="[197]"></a>EvrRtxThreadGetCount</STRONG> (Thumb, 2 bytes, Stack size 0 bytes, rtx_evr.o(.text))
<BR><BR>[Called By]<UL><LI><a href="#[196]">&gt;&gt;</a>&nbsp;&nbsp;&nbsp;osThreadGetCount
<LI><a href="#[80]">&gt;&gt;</a>&nbsp;&nbsp;&nbsp;svcRtxThreadGetCount
</UL>

<P><STRONG><a name="[199]"></a>EvrRtxThreadEnumerate</STRONG> (Thumb, 2 bytes, Stack size 0 bytes, rtx_evr.o(.text))
<BR><BR>[Called By]<UL><LI><a href="#[198]">&gt;&gt;</a>&nbsp;&nbsp;&nbsp;osThreadEnumerate
<LI><a href="#[81]">&gt;&gt;</a>&nbsp;&nbsp;&nbsp;svcRtxThreadEnumerate
</UL>

<P><STRONG><a name="[191]"></a>EvrRtxThreadSuspendClass</STRONG> (Thumb, 2 bytes, Stack size 0 bytes, rtx_evr.o(.text), UNUSED)
<BR><BR>[Called By]<UL><LI><a href="#[190]">&gt;&gt;</a>&nbsp;&nbsp;&nbsp;osThreadSuspendClass
</UL>

<P><STRONG><a name="[193]"></a>EvrRtxThreadResumeClass</STRONG> (Thumb, 2 bytes, Stack size 0 bytes, rtx_evr.o(.text), UNUSED)
<BR><BR>[Called By]<UL><LI><a href="#[192]">&gt;&gt;</a>&nbsp;&nbsp;&nbsp;osThreadResumeClass
</UL>

<P><STRONG><a name="[195]"></a>EvrRtxThreadTerminateZone</STRONG> (Thumb, 2 bytes, Stack size 0 bytes, rtx_evr.o(.text), UNUSED)
<BR><BR>[Called By]<UL><LI><a href="#[194]">&gt;&gt;</a>&nbsp;&nbsp;&nbsp;osThreadTerminateZone
</UL>

<P><STRONG><a name="[1ef]"></a>EvrRtxThreadWatchdogExpired</STRONG> (Thumb, 2 bytes, Stack size 0 bytes, rtx_evr.o(.text), UNUSED)

<P><STRONG><a name="[19c]"></a>EvrRtxThreadFlagsError</STRONG> (Thumb, 2 bytes, Stack size 0 bytes, rtx_evr.o(.text))
<BR><BR>[Called By]<UL><LI><a href="#[1a2]">&gt;&gt;</a>&nbsp;&nbsp;&nbsp;osThreadFlagsWait
<LI><a href="#[19e]">&gt;&gt;</a>&nbsp;&nbsp;&nbsp;osThreadFlagsClear
<LI><a href="#[19a]">&gt;&gt;</a>&nbsp;&nbsp;&nbsp;osThreadFlagsSet
<LI><a href="#[85]">&gt;&gt;</a>&nbsp;&nbsp;&nbsp;svcRtxThreadFlagsWait
<LI><a href="#[83]">&gt;&gt;</a>&nbsp;&nbsp;&nbsp;svcRtxThreadFlagsClear
<LI><a href="#[82]">&gt;&gt;</a>&nbsp;&nbsp;&nbsp;svcRtxThreadFlagsSet
</UL>

<P><STRONG><a name="[19b]"></a>EvrRtxThreadFlagsSet</STRONG> (Thumb, 2 bytes, Stack size 0 bytes, rtx_evr.o(.text), UNUSED)
<BR><BR>[Called By]<UL><LI><a href="#[19a]">&gt;&gt;</a>&nbsp;&nbsp;&nbsp;osThreadFlagsSet
</UL>

<P><STRONG><a name="[19d]"></a>EvrRtxThreadFlagsSetDone</STRONG> (Thumb, 2 bytes, Stack size 0 bytes, rtx_evr.o(.text))
<BR><BR>[Called By]<UL><LI><a href="#[19a]">&gt;&gt;</a>&nbsp;&nbsp;&nbsp;osThreadFlagsSet
<LI><a href="#[82]">&gt;&gt;</a>&nbsp;&nbsp;&nbsp;svcRtxThreadFlagsSet
</UL>

<P><STRONG><a name="[19f]"></a>EvrRtxThreadFlagsClear</STRONG> (Thumb, 2 bytes, Stack size 0 bytes, rtx_evr.o(.text), UNUSED)
<BR><BR>[Called By]<UL><LI><a href="#[19e]">&gt;&gt;</a>&nbsp;&nbsp;&nbsp;osThreadFlagsClear
</UL>

<P><STRONG><a name="[1aa]"></a>EvrRtxThreadFlagsClearDone</STRONG> (Thumb, 2 bytes, Stack size 0 bytes, rtx_evr.o(.text))
<BR><BR>[Called By]<UL><LI><a href="#[83]">&gt;&gt;</a>&nbsp;&nbsp;&nbsp;svcRtxThreadFlagsClear
</UL>

<P><STRONG><a name="[1a1]"></a>EvrRtxThreadFlagsGet</STRONG> (Thumb, 2 bytes, Stack size 0 bytes, rtx_evr.o(.text))
<BR><BR>[Called By]<UL><LI><a href="#[1a0]">&gt;&gt;</a>&nbsp;&nbsp;&nbsp;osThreadFlagsGet
<LI><a href="#[84]">&gt;&gt;</a>&nbsp;&nbsp;&nbsp;svcRtxThreadFlagsGet
</UL>

<P><STRONG><a name="[1a3]"></a>EvrRtxThreadFlagsWait</STRONG> (Thumb, 2 bytes, Stack size 0 bytes, rtx_evr.o(.text), UNUSED)
<BR><BR>[Called By]<UL><LI><a href="#[1a2]">&gt;&gt;</a>&nbsp;&nbsp;&nbsp;osThreadFlagsWait
</UL>

<P><STRONG><a name="[1ab]"></a>EvrRtxThreadFlagsWaitPending</STRONG> (Thumb, 2 bytes, Stack size 0 bytes, rtx_evr.o(.text))
<BR><BR>[Called By]<UL><LI><a href="#[85]">&gt;&gt;</a>&nbsp;&nbsp;&nbsp;svcRtxThreadFlagsWait
</UL>

<P><STRONG><a name="[161]"></a>EvrRtxThreadFlagsWaitTimeout</STRONG> (Thumb, 2 bytes, Stack size 0 bytes, rtx_evr.o(.text))
<BR><BR>[Called By]<UL><LI><a href="#[85]">&gt;&gt;</a>&nbsp;&nbsp;&nbsp;svcRtxThreadFlagsWait
<LI><a href="#[f4]">&gt;&gt;</a>&nbsp;&nbsp;&nbsp;osRtxThreadDelayTick
</UL>

<P><STRONG><a name="[1a4]"></a>EvrRtxThreadFlagsWaitCompleted</STRONG> (Thumb, 2 bytes, Stack size 0 bytes, rtx_evr.o(.text))
<BR><BR>[Called By]<UL><LI><a href="#[85]">&gt;&gt;</a>&nbsp;&nbsp;&nbsp;svcRtxThreadFlagsWait
<LI><a href="#[82]">&gt;&gt;</a>&nbsp;&nbsp;&nbsp;svcRtxThreadFlagsSet
<LI><a href="#[68]">&gt;&gt;</a>&nbsp;&nbsp;&nbsp;osRtxThreadPostProcess
</UL>

<P><STRONG><a name="[1ac]"></a>EvrRtxThreadFlagsWaitNotCompleted</STRONG> (Thumb, 2 bytes, Stack size 0 bytes, rtx_evr.o(.text))
<BR><BR>[Called By]<UL><LI><a href="#[85]">&gt;&gt;</a>&nbsp;&nbsp;&nbsp;svcRtxThreadFlagsWait
</UL>

<P><STRONG><a name="[b9]"></a>EvrRtxDelayError</STRONG> (Thumb, 2 bytes, Stack size 0 bytes, rtx_evr.o(.text))
<BR><BR>[Called By]<UL><LI><a href="#[ba]">&gt;&gt;</a>&nbsp;&nbsp;&nbsp;osDelayUntil
<LI><a href="#[3b]">&gt;&gt;</a>&nbsp;&nbsp;&nbsp;svcRtxDelayUntil
<LI><a href="#[3a]">&gt;&gt;</a>&nbsp;&nbsp;&nbsp;svcRtxDelay
<LI><a href="#[a6]">&gt;&gt;</a>&nbsp;&nbsp;&nbsp;osDelay
</UL>

<P><STRONG><a name="[b8]"></a>EvrRtxDelay</STRONG> (Thumb, 2 bytes, Stack size 0 bytes, rtx_evr.o(.text))
<BR><BR>[Called By]<UL><LI><a href="#[a6]">&gt;&gt;</a>&nbsp;&nbsp;&nbsp;osDelay
</UL>

<P><STRONG><a name="[bb]"></a>EvrRtxDelayUntil</STRONG> (Thumb, 2 bytes, Stack size 0 bytes, rtx_evr.o(.text), UNUSED)
<BR><BR>[Called By]<UL><LI><a href="#[ba]">&gt;&gt;</a>&nbsp;&nbsp;&nbsp;osDelayUntil
</UL>

<P><STRONG><a name="[bd]"></a>EvrRtxDelayStarted</STRONG> (Thumb, 2 bytes, Stack size 0 bytes, rtx_evr.o(.text))
<BR><BR>[Called By]<UL><LI><a href="#[3a]">&gt;&gt;</a>&nbsp;&nbsp;&nbsp;svcRtxDelay
</UL>

<P><STRONG><a name="[be]"></a>EvrRtxDelayUntilStarted</STRONG> (Thumb, 2 bytes, Stack size 0 bytes, rtx_evr.o(.text))
<BR><BR>[Called By]<UL><LI><a href="#[3b]">&gt;&gt;</a>&nbsp;&nbsp;&nbsp;svcRtxDelayUntil
</UL>

<P><STRONG><a name="[160]"></a>EvrRtxDelayCompleted</STRONG> (Thumb, 2 bytes, Stack size 0 bytes, rtx_evr.o(.text))
<BR><BR>[Called By]<UL><LI><a href="#[f4]">&gt;&gt;</a>&nbsp;&nbsp;&nbsp;osRtxThreadDelayTick
</UL>

<P><STRONG><a name="[1af]"></a>EvrRtxTimerError</STRONG> (Thumb, 2 bytes, Stack size 0 bytes, rtx_evr.o(.text))
<BR><BR>[Called By]<UL><LI><a href="#[1b7]">&gt;&gt;</a>&nbsp;&nbsp;&nbsp;osTimerDelete
<LI><a href="#[1b3]">&gt;&gt;</a>&nbsp;&nbsp;&nbsp;osTimerStop
<LI><a href="#[8c]">&gt;&gt;</a>&nbsp;&nbsp;&nbsp;svcRtxTimerDelete
<LI><a href="#[8a]">&gt;&gt;</a>&nbsp;&nbsp;&nbsp;svcRtxTimerStop
<LI><a href="#[89]">&gt;&gt;</a>&nbsp;&nbsp;&nbsp;svcRtxTimerStart
<LI><a href="#[87]">&gt;&gt;</a>&nbsp;&nbsp;&nbsp;svcRtxTimerNew
<LI><a href="#[aa]">&gt;&gt;</a>&nbsp;&nbsp;&nbsp;osTimerStart
<LI><a href="#[a9]">&gt;&gt;</a>&nbsp;&nbsp;&nbsp;osTimerNew
</UL>

<P><STRONG><a name="[1ad]"></a>EvrRtxTimerCallback</STRONG> (Thumb, 2 bytes, Stack size 0 bytes, rtx_evr.o(.text))
<BR><BR>[Called By]<UL><LI><a href="#[8f]">&gt;&gt;</a>&nbsp;&nbsp;&nbsp;osRtxTimerThread
</UL>

<P><STRONG><a name="[1ae]"></a>EvrRtxTimerNew</STRONG> (Thumb, 2 bytes, Stack size 0 bytes, rtx_evr.o(.text))
<BR><BR>[Called By]<UL><LI><a href="#[a9]">&gt;&gt;</a>&nbsp;&nbsp;&nbsp;osTimerNew
</UL>

<P><STRONG><a name="[1b9]"></a>EvrRtxTimerCreated</STRONG> (Thumb, 2 bytes, Stack size 0 bytes, rtx_evr.o(.text))
<BR><BR>[Called By]<UL><LI><a href="#[87]">&gt;&gt;</a>&nbsp;&nbsp;&nbsp;svcRtxTimerNew
</UL>

<P><STRONG><a name="[1b1]"></a>EvrRtxTimerGetName</STRONG> (Thumb, 2 bytes, Stack size 0 bytes, rtx_evr.o(.text))
<BR><BR>[Called By]<UL><LI><a href="#[1b0]">&gt;&gt;</a>&nbsp;&nbsp;&nbsp;osTimerGetName
<LI><a href="#[88]">&gt;&gt;</a>&nbsp;&nbsp;&nbsp;svcRtxTimerGetName
</UL>

<P><STRONG><a name="[1b2]"></a>EvrRtxTimerStart</STRONG> (Thumb, 2 bytes, Stack size 0 bytes, rtx_evr.o(.text))
<BR><BR>[Called By]<UL><LI><a href="#[aa]">&gt;&gt;</a>&nbsp;&nbsp;&nbsp;osTimerStart
</UL>

<P><STRONG><a name="[1ba]"></a>EvrRtxTimerStarted</STRONG> (Thumb, 2 bytes, Stack size 0 bytes, rtx_evr.o(.text))
<BR><BR>[Called By]<UL><LI><a href="#[89]">&gt;&gt;</a>&nbsp;&nbsp;&nbsp;svcRtxTimerStart
</UL>

<P><STRONG><a name="[1b4]"></a>EvrRtxTimerStop</STRONG> (Thumb, 2 bytes, Stack size 0 bytes, rtx_evr.o(.text), UNUSED)
<BR><BR>[Called By]<UL><LI><a href="#[1b3]">&gt;&gt;</a>&nbsp;&nbsp;&nbsp;osTimerStop
</UL>

<P><STRONG><a name="[1bb]"></a>EvrRtxTimerStopped</STRONG> (Thumb, 2 bytes, Stack size 0 bytes, rtx_evr.o(.text))
<BR><BR>[Called By]<UL><LI><a href="#[8a]">&gt;&gt;</a>&nbsp;&nbsp;&nbsp;svcRtxTimerStop
</UL>

<P><STRONG><a name="[1b6]"></a>EvrRtxTimerIsRunning</STRONG> (Thumb, 2 bytes, Stack size 0 bytes, rtx_evr.o(.text))
<BR><BR>[Called By]<UL><LI><a href="#[1b5]">&gt;&gt;</a>&nbsp;&nbsp;&nbsp;osTimerIsRunning
<LI><a href="#[8b]">&gt;&gt;</a>&nbsp;&nbsp;&nbsp;svcRtxTimerIsRunning
</UL>

<P><STRONG><a name="[1b8]"></a>EvrRtxTimerDelete</STRONG> (Thumb, 2 bytes, Stack size 0 bytes, rtx_evr.o(.text), UNUSED)
<BR><BR>[Called By]<UL><LI><a href="#[1b7]">&gt;&gt;</a>&nbsp;&nbsp;&nbsp;osTimerDelete
</UL>

<P><STRONG><a name="[1bc]"></a>EvrRtxTimerDestroyed</STRONG> (Thumb, 2 bytes, Stack size 0 bytes, rtx_evr.o(.text))
<BR><BR>[Called By]<UL><LI><a href="#[8c]">&gt;&gt;</a>&nbsp;&nbsp;&nbsp;svcRtxTimerDelete
</UL>

<P><STRONG><a name="[1f0]"></a>EvrRtxEventFlagsError</STRONG> (Thumb, 2 bytes, Stack size 0 bytes, rtx_evr.o(.text), UNUSED)

<P><STRONG><a name="[1f1]"></a>EvrRtxEventFlagsNew</STRONG> (Thumb, 2 bytes, Stack size 0 bytes, rtx_evr.o(.text), UNUSED)

<P><STRONG><a name="[1f2]"></a>EvrRtxEventFlagsCreated</STRONG> (Thumb, 2 bytes, Stack size 0 bytes, rtx_evr.o(.text), UNUSED)

<P><STRONG><a name="[1f3]"></a>EvrRtxEventFlagsGetName</STRONG> (Thumb, 2 bytes, Stack size 0 bytes, rtx_evr.o(.text), UNUSED)

<P><STRONG><a name="[1f4]"></a>EvrRtxEventFlagsSet</STRONG> (Thumb, 2 bytes, Stack size 0 bytes, rtx_evr.o(.text), UNUSED)

<P><STRONG><a name="[1f5]"></a>EvrRtxEventFlagsSetDone</STRONG> (Thumb, 2 bytes, Stack size 0 bytes, rtx_evr.o(.text), UNUSED)

<P><STRONG><a name="[1f6]"></a>EvrRtxEventFlagsClear</STRONG> (Thumb, 2 bytes, Stack size 0 bytes, rtx_evr.o(.text), UNUSED)

<P><STRONG><a name="[1f7]"></a>EvrRtxEventFlagsClearDone</STRONG> (Thumb, 2 bytes, Stack size 0 bytes, rtx_evr.o(.text), UNUSED)

<P><STRONG><a name="[1f8]"></a>EvrRtxEventFlagsGet</STRONG> (Thumb, 2 bytes, Stack size 0 bytes, rtx_evr.o(.text), UNUSED)

<P><STRONG><a name="[1f9]"></a>EvrRtxEventFlagsWait</STRONG> (Thumb, 2 bytes, Stack size 0 bytes, rtx_evr.o(.text), UNUSED)

<P><STRONG><a name="[1fa]"></a>EvrRtxEventFlagsWaitPending</STRONG> (Thumb, 2 bytes, Stack size 0 bytes, rtx_evr.o(.text), UNUSED)

<P><STRONG><a name="[162]"></a>EvrRtxEventFlagsWaitTimeout</STRONG> (Thumb, 2 bytes, Stack size 0 bytes, rtx_evr.o(.text))
<BR><BR>[Called By]<UL><LI><a href="#[f4]">&gt;&gt;</a>&nbsp;&nbsp;&nbsp;osRtxThreadDelayTick
</UL>

<P><STRONG><a name="[1fb]"></a>EvrRtxEventFlagsWaitCompleted</STRONG> (Thumb, 2 bytes, Stack size 0 bytes, rtx_evr.o(.text), UNUSED)

<P><STRONG><a name="[1fc]"></a>EvrRtxEventFlagsWaitNotCompleted</STRONG> (Thumb, 2 bytes, Stack size 0 bytes, rtx_evr.o(.text), UNUSED)

<P><STRONG><a name="[1fd]"></a>EvrRtxEventFlagsDelete</STRONG> (Thumb, 2 bytes, Stack size 0 bytes, rtx_evr.o(.text), UNUSED)

<P><STRONG><a name="[1fe]"></a>EvrRtxEventFlagsDestroyed</STRONG> (Thumb, 2 bytes, Stack size 0 bytes, rtx_evr.o(.text), UNUSED)

<P><STRONG><a name="[14c]"></a>EvrRtxMutexError</STRONG> (Thumb, 2 bytes, Stack size 0 bytes, rtx_evr.o(.text))
<BR><BR>[Called By]<UL><LI><a href="#[65]">&gt;&gt;</a>&nbsp;&nbsp;&nbsp;svcRtxMutexDelete
<LI><a href="#[63]">&gt;&gt;</a>&nbsp;&nbsp;&nbsp;svcRtxMutexRelease
<LI><a href="#[62]">&gt;&gt;</a>&nbsp;&nbsp;&nbsp;svcRtxMutexAcquire
<LI><a href="#[60]">&gt;&gt;</a>&nbsp;&nbsp;&nbsp;svcRtxMutexNew
<LI><a href="#[155]">&gt;&gt;</a>&nbsp;&nbsp;&nbsp;osMutexDelete
<LI><a href="#[151]">&gt;&gt;</a>&nbsp;&nbsp;&nbsp;osMutexRelease
<LI><a href="#[14f]">&gt;&gt;</a>&nbsp;&nbsp;&nbsp;osMutexAcquire
<LI><a href="#[14a]">&gt;&gt;</a>&nbsp;&nbsp;&nbsp;osMutexNew
</UL>

<P><STRONG><a name="[14b]"></a>EvrRtxMutexNew</STRONG> (Thumb, 2 bytes, Stack size 0 bytes, rtx_evr.o(.text), UNUSED, KEPT)
<BR><BR>[Called By]<UL><LI><a href="#[14a]">&gt;&gt;</a>&nbsp;&nbsp;&nbsp;osMutexNew
</UL>

<P><STRONG><a name="[157]"></a>EvrRtxMutexCreated</STRONG> (Thumb, 2 bytes, Stack size 0 bytes, rtx_evr.o(.text))
<BR><BR>[Called By]<UL><LI><a href="#[60]">&gt;&gt;</a>&nbsp;&nbsp;&nbsp;svcRtxMutexNew
</UL>

<P><STRONG><a name="[14e]"></a>EvrRtxMutexGetName</STRONG> (Thumb, 2 bytes, Stack size 0 bytes, rtx_evr.o(.text))
<BR><BR>[Called By]<UL><LI><a href="#[14d]">&gt;&gt;</a>&nbsp;&nbsp;&nbsp;osMutexGetName
<LI><a href="#[61]">&gt;&gt;</a>&nbsp;&nbsp;&nbsp;svcRtxMutexGetName
</UL>

<P><STRONG><a name="[150]"></a>EvrRtxMutexAcquire</STRONG> (Thumb, 2 bytes, Stack size 0 bytes, rtx_evr.o(.text), UNUSED, KEPT)
<BR><BR>[Called By]<UL><LI><a href="#[14f]">&gt;&gt;</a>&nbsp;&nbsp;&nbsp;osMutexAcquire
</UL>

<P><STRONG><a name="[158]"></a>EvrRtxMutexAcquirePending</STRONG> (Thumb, 2 bytes, Stack size 0 bytes, rtx_evr.o(.text))
<BR><BR>[Called By]<UL><LI><a href="#[62]">&gt;&gt;</a>&nbsp;&nbsp;&nbsp;svcRtxMutexAcquire
</UL>

<P><STRONG><a name="[15a]"></a>EvrRtxMutexAcquireTimeout</STRONG> (Thumb, 2 bytes, Stack size 0 bytes, rtx_evr.o(.text))
<BR><BR>[Called By]<UL><LI><a href="#[62]">&gt;&gt;</a>&nbsp;&nbsp;&nbsp;svcRtxMutexAcquire
<LI><a href="#[f4]">&gt;&gt;</a>&nbsp;&nbsp;&nbsp;osRtxThreadDelayTick
</UL>

<P><STRONG><a name="[147]"></a>EvrRtxMutexAcquired</STRONG> (Thumb, 2 bytes, Stack size 0 bytes, rtx_evr.o(.text))
<BR><BR>[Called By]<UL><LI><a href="#[145]">&gt;&gt;</a>&nbsp;&nbsp;&nbsp;osRtxMutexOwnerRelease
<LI><a href="#[63]">&gt;&gt;</a>&nbsp;&nbsp;&nbsp;svcRtxMutexRelease
<LI><a href="#[62]">&gt;&gt;</a>&nbsp;&nbsp;&nbsp;svcRtxMutexAcquire
</UL>

<P><STRONG><a name="[159]"></a>EvrRtxMutexNotAcquired</STRONG> (Thumb, 2 bytes, Stack size 0 bytes, rtx_evr.o(.text))
<BR><BR>[Called By]<UL><LI><a href="#[62]">&gt;&gt;</a>&nbsp;&nbsp;&nbsp;svcRtxMutexAcquire
</UL>

<P><STRONG><a name="[152]"></a>EvrRtxMutexRelease</STRONG> (Thumb, 2 bytes, Stack size 0 bytes, rtx_evr.o(.text), UNUSED, KEPT)
<BR><BR>[Called By]<UL><LI><a href="#[151]">&gt;&gt;</a>&nbsp;&nbsp;&nbsp;osMutexRelease
</UL>

<P><STRONG><a name="[146]"></a>EvrRtxMutexReleased</STRONG> (Thumb, 2 bytes, Stack size 0 bytes, rtx_evr.o(.text))
<BR><BR>[Called By]<UL><LI><a href="#[145]">&gt;&gt;</a>&nbsp;&nbsp;&nbsp;osRtxMutexOwnerRelease
<LI><a href="#[63]">&gt;&gt;</a>&nbsp;&nbsp;&nbsp;svcRtxMutexRelease
</UL>

<P><STRONG><a name="[154]"></a>EvrRtxMutexGetOwner</STRONG> (Thumb, 2 bytes, Stack size 0 bytes, rtx_evr.o(.text))
<BR><BR>[Called By]<UL><LI><a href="#[153]">&gt;&gt;</a>&nbsp;&nbsp;&nbsp;osMutexGetOwner
<LI><a href="#[64]">&gt;&gt;</a>&nbsp;&nbsp;&nbsp;svcRtxMutexGetOwner
</UL>

<P><STRONG><a name="[156]"></a>EvrRtxMutexDelete</STRONG> (Thumb, 2 bytes, Stack size 0 bytes, rtx_evr.o(.text), UNUSED, KEPT)
<BR><BR>[Called By]<UL><LI><a href="#[155]">&gt;&gt;</a>&nbsp;&nbsp;&nbsp;osMutexDelete
</UL>

<P><STRONG><a name="[15b]"></a>EvrRtxMutexDestroyed</STRONG> (Thumb, 2 bytes, Stack size 0 bytes, rtx_evr.o(.text))
<BR><BR>[Called By]<UL><LI><a href="#[65]">&gt;&gt;</a>&nbsp;&nbsp;&nbsp;svcRtxMutexDelete
</UL>

<P><STRONG><a name="[1ff]"></a>EvrRtxSemaphoreError</STRONG> (Thumb, 2 bytes, Stack size 0 bytes, rtx_evr.o(.text), UNUSED)

<P><STRONG><a name="[200]"></a>EvrRtxSemaphoreNew</STRONG> (Thumb, 2 bytes, Stack size 0 bytes, rtx_evr.o(.text), UNUSED)

<P><STRONG><a name="[201]"></a>EvrRtxSemaphoreCreated</STRONG> (Thumb, 2 bytes, Stack size 0 bytes, rtx_evr.o(.text), UNUSED)

<P><STRONG><a name="[202]"></a>EvrRtxSemaphoreGetName</STRONG> (Thumb, 2 bytes, Stack size 0 bytes, rtx_evr.o(.text), UNUSED)

<P><STRONG><a name="[203]"></a>EvrRtxSemaphoreAcquire</STRONG> (Thumb, 2 bytes, Stack size 0 bytes, rtx_evr.o(.text), UNUSED)

<P><STRONG><a name="[204]"></a>EvrRtxSemaphoreAcquirePending</STRONG> (Thumb, 2 bytes, Stack size 0 bytes, rtx_evr.o(.text), UNUSED)

<P><STRONG><a name="[163]"></a>EvrRtxSemaphoreAcquireTimeout</STRONG> (Thumb, 2 bytes, Stack size 0 bytes, rtx_evr.o(.text))
<BR><BR>[Called By]<UL><LI><a href="#[f4]">&gt;&gt;</a>&nbsp;&nbsp;&nbsp;osRtxThreadDelayTick
</UL>

<P><STRONG><a name="[205]"></a>EvrRtxSemaphoreAcquired</STRONG> (Thumb, 2 bytes, Stack size 0 bytes, rtx_evr.o(.text), UNUSED)

<P><STRONG><a name="[206]"></a>EvrRtxSemaphoreNotAcquired</STRONG> (Thumb, 2 bytes, Stack size 0 bytes, rtx_evr.o(.text), UNUSED)

<P><STRONG><a name="[207]"></a>EvrRtxSemaphoreRelease</STRONG> (Thumb, 2 bytes, Stack size 0 bytes, rtx_evr.o(.text), UNUSED)

<P><STRONG><a name="[208]"></a>EvrRtxSemaphoreReleased</STRONG> (Thumb, 2 bytes, Stack size 0 bytes, rtx_evr.o(.text), UNUSED)

<P><STRONG><a name="[209]"></a>EvrRtxSemaphoreGetCount</STRONG> (Thumb, 2 bytes, Stack size 0 bytes, rtx_evr.o(.text), UNUSED)

<P><STRONG><a name="[20a]"></a>EvrRtxSemaphoreDelete</STRONG> (Thumb, 2 bytes, Stack size 0 bytes, rtx_evr.o(.text), UNUSED)

<P><STRONG><a name="[20b]"></a>EvrRtxSemaphoreDestroyed</STRONG> (Thumb, 2 bytes, Stack size 0 bytes, rtx_evr.o(.text), UNUSED)

<P><STRONG><a name="[105]"></a>EvrRtxMemoryPoolError</STRONG> (Thumb, 2 bytes, Stack size 0 bytes, rtx_evr.o(.text))
<BR><BR>[Called By]<UL><LI><a href="#[119]">&gt;&gt;</a>&nbsp;&nbsp;&nbsp;osMemoryPoolDelete
<LI><a href="#[10c]">&gt;&gt;</a>&nbsp;&nbsp;&nbsp;osMemoryPoolFree
<LI><a href="#[108]">&gt;&gt;</a>&nbsp;&nbsp;&nbsp;osMemoryPoolAlloc
<LI><a href="#[103]">&gt;&gt;</a>&nbsp;&nbsp;&nbsp;osMemoryPoolNew
<LI><a href="#[53]">&gt;&gt;</a>&nbsp;&nbsp;&nbsp;svcRtxMemoryPoolDelete
<LI><a href="#[4e]">&gt;&gt;</a>&nbsp;&nbsp;&nbsp;svcRtxMemoryPoolFree
<LI><a href="#[4d]">&gt;&gt;</a>&nbsp;&nbsp;&nbsp;svcRtxMemoryPoolAlloc
<LI><a href="#[4b]">&gt;&gt;</a>&nbsp;&nbsp;&nbsp;svcRtxMemoryPoolNew
</UL>

<P><STRONG><a name="[104]"></a>EvrRtxMemoryPoolNew</STRONG> (Thumb, 2 bytes, Stack size 0 bytes, rtx_evr.o(.text), UNUSED)
<BR><BR>[Called By]<UL><LI><a href="#[103]">&gt;&gt;</a>&nbsp;&nbsp;&nbsp;osMemoryPoolNew
</UL>

<P><STRONG><a name="[11c]"></a>EvrRtxMemoryPoolCreated</STRONG> (Thumb, 2 bytes, Stack size 0 bytes, rtx_evr.o(.text))
<BR><BR>[Called By]<UL><LI><a href="#[4b]">&gt;&gt;</a>&nbsp;&nbsp;&nbsp;svcRtxMemoryPoolNew
</UL>

<P><STRONG><a name="[107]"></a>EvrRtxMemoryPoolGetName</STRONG> (Thumb, 2 bytes, Stack size 0 bytes, rtx_evr.o(.text))
<BR><BR>[Called By]<UL><LI><a href="#[106]">&gt;&gt;</a>&nbsp;&nbsp;&nbsp;osMemoryPoolGetName
<LI><a href="#[4c]">&gt;&gt;</a>&nbsp;&nbsp;&nbsp;svcRtxMemoryPoolGetName
</UL>

<P><STRONG><a name="[109]"></a>EvrRtxMemoryPoolAlloc</STRONG> (Thumb, 2 bytes, Stack size 0 bytes, rtx_evr.o(.text), UNUSED)
<BR><BR>[Called By]<UL><LI><a href="#[108]">&gt;&gt;</a>&nbsp;&nbsp;&nbsp;osMemoryPoolAlloc
</UL>

<P><STRONG><a name="[11e]"></a>EvrRtxMemoryPoolAllocPending</STRONG> (Thumb, 2 bytes, Stack size 0 bytes, rtx_evr.o(.text))
<BR><BR>[Called By]<UL><LI><a href="#[4d]">&gt;&gt;</a>&nbsp;&nbsp;&nbsp;svcRtxMemoryPoolAlloc
</UL>

<P><STRONG><a name="[120]"></a>EvrRtxMemoryPoolAllocTimeout</STRONG> (Thumb, 2 bytes, Stack size 0 bytes, rtx_evr.o(.text))
<BR><BR>[Called By]<UL><LI><a href="#[4d]">&gt;&gt;</a>&nbsp;&nbsp;&nbsp;svcRtxMemoryPoolAlloc
<LI><a href="#[f4]">&gt;&gt;</a>&nbsp;&nbsp;&nbsp;osRtxThreadDelayTick
</UL>

<P><STRONG><a name="[10a]"></a>EvrRtxMemoryPoolAllocated</STRONG> (Thumb, 2 bytes, Stack size 0 bytes, rtx_evr.o(.text))
<BR><BR>[Called By]<UL><LI><a href="#[108]">&gt;&gt;</a>&nbsp;&nbsp;&nbsp;osMemoryPoolAlloc
<LI><a href="#[54]">&gt;&gt;</a>&nbsp;&nbsp;&nbsp;osRtxMemoryPoolPostProcess
<LI><a href="#[4e]">&gt;&gt;</a>&nbsp;&nbsp;&nbsp;svcRtxMemoryPoolFree
<LI><a href="#[4d]">&gt;&gt;</a>&nbsp;&nbsp;&nbsp;svcRtxMemoryPoolAlloc
</UL>

<P><STRONG><a name="[10b]"></a>EvrRtxMemoryPoolAllocFailed</STRONG> (Thumb, 2 bytes, Stack size 0 bytes, rtx_evr.o(.text))
<BR><BR>[Called By]<UL><LI><a href="#[108]">&gt;&gt;</a>&nbsp;&nbsp;&nbsp;osMemoryPoolAlloc
<LI><a href="#[4d]">&gt;&gt;</a>&nbsp;&nbsp;&nbsp;svcRtxMemoryPoolAlloc
</UL>

<P><STRONG><a name="[10d]"></a>EvrRtxMemoryPoolFree</STRONG> (Thumb, 2 bytes, Stack size 0 bytes, rtx_evr.o(.text), UNUSED)
<BR><BR>[Called By]<UL><LI><a href="#[10c]">&gt;&gt;</a>&nbsp;&nbsp;&nbsp;osMemoryPoolFree
</UL>

<P><STRONG><a name="[10f]"></a>EvrRtxMemoryPoolDeallocated</STRONG> (Thumb, 2 bytes, Stack size 0 bytes, rtx_evr.o(.text))
<BR><BR>[Called By]<UL><LI><a href="#[10c]">&gt;&gt;</a>&nbsp;&nbsp;&nbsp;osMemoryPoolFree
<LI><a href="#[4e]">&gt;&gt;</a>&nbsp;&nbsp;&nbsp;svcRtxMemoryPoolFree
</UL>

<P><STRONG><a name="[110]"></a>EvrRtxMemoryPoolFreeFailed</STRONG> (Thumb, 2 bytes, Stack size 0 bytes, rtx_evr.o(.text))
<BR><BR>[Called By]<UL><LI><a href="#[10c]">&gt;&gt;</a>&nbsp;&nbsp;&nbsp;osMemoryPoolFree
<LI><a href="#[4e]">&gt;&gt;</a>&nbsp;&nbsp;&nbsp;svcRtxMemoryPoolFree
</UL>

<P><STRONG><a name="[112]"></a>EvrRtxMemoryPoolGetCapacity</STRONG> (Thumb, 2 bytes, Stack size 0 bytes, rtx_evr.o(.text))
<BR><BR>[Called By]<UL><LI><a href="#[111]">&gt;&gt;</a>&nbsp;&nbsp;&nbsp;osMemoryPoolGetCapacity
<LI><a href="#[4f]">&gt;&gt;</a>&nbsp;&nbsp;&nbsp;svcRtxMemoryPoolGetCapacity
</UL>

<P><STRONG><a name="[114]"></a>EvrRtxMemoryPoolGetBlockSize</STRONG> (Thumb, 2 bytes, Stack size 0 bytes, rtx_evr.o(.text))
<BR><BR>[Called By]<UL><LI><a href="#[113]">&gt;&gt;</a>&nbsp;&nbsp;&nbsp;osMemoryPoolGetBlockSize
<LI><a href="#[50]">&gt;&gt;</a>&nbsp;&nbsp;&nbsp;svcRtxMemoryPoolGetBlockSize
</UL>

<P><STRONG><a name="[116]"></a>EvrRtxMemoryPoolGetCount</STRONG> (Thumb, 2 bytes, Stack size 0 bytes, rtx_evr.o(.text))
<BR><BR>[Called By]<UL><LI><a href="#[115]">&gt;&gt;</a>&nbsp;&nbsp;&nbsp;osMemoryPoolGetCount
<LI><a href="#[51]">&gt;&gt;</a>&nbsp;&nbsp;&nbsp;svcRtxMemoryPoolGetCount
</UL>

<P><STRONG><a name="[118]"></a>EvrRtxMemoryPoolGetSpace</STRONG> (Thumb, 2 bytes, Stack size 0 bytes, rtx_evr.o(.text))
<BR><BR>[Called By]<UL><LI><a href="#[117]">&gt;&gt;</a>&nbsp;&nbsp;&nbsp;osMemoryPoolGetSpace
<LI><a href="#[52]">&gt;&gt;</a>&nbsp;&nbsp;&nbsp;svcRtxMemoryPoolGetSpace
</UL>

<P><STRONG><a name="[11a]"></a>EvrRtxMemoryPoolDelete</STRONG> (Thumb, 2 bytes, Stack size 0 bytes, rtx_evr.o(.text), UNUSED)
<BR><BR>[Called By]<UL><LI><a href="#[119]">&gt;&gt;</a>&nbsp;&nbsp;&nbsp;osMemoryPoolDelete
</UL>

<P><STRONG><a name="[121]"></a>EvrRtxMemoryPoolDestroyed</STRONG> (Thumb, 2 bytes, Stack size 0 bytes, rtx_evr.o(.text))
<BR><BR>[Called By]<UL><LI><a href="#[53]">&gt;&gt;</a>&nbsp;&nbsp;&nbsp;svcRtxMemoryPoolDelete
</UL>

<P><STRONG><a name="[123]"></a>EvrRtxMessageQueueError</STRONG> (Thumb, 2 bytes, Stack size 0 bytes, rtx_evr.o(.text))
<BR><BR>[Called By]<UL><LI><a href="#[13b]">&gt;&gt;</a>&nbsp;&nbsp;&nbsp;osMessageQueueDelete
<LI><a href="#[139]">&gt;&gt;</a>&nbsp;&nbsp;&nbsp;osMessageQueueReset
<LI><a href="#[12d]">&gt;&gt;</a>&nbsp;&nbsp;&nbsp;osMessageQueueGet
<LI><a href="#[129]">&gt;&gt;</a>&nbsp;&nbsp;&nbsp;osMessageQueuePut
<LI><a href="#[125]">&gt;&gt;</a>&nbsp;&nbsp;&nbsp;osMessageQueueNew
<LI><a href="#[5f]">&gt;&gt;</a>&nbsp;&nbsp;&nbsp;svcRtxMessageQueueDelete
<LI><a href="#[5e]">&gt;&gt;</a>&nbsp;&nbsp;&nbsp;svcRtxMessageQueueReset
<LI><a href="#[59]">&gt;&gt;</a>&nbsp;&nbsp;&nbsp;svcRtxMessageQueueGet
<LI><a href="#[58]">&gt;&gt;</a>&nbsp;&nbsp;&nbsp;svcRtxMessageQueuePut
<LI><a href="#[56]">&gt;&gt;</a>&nbsp;&nbsp;&nbsp;svcRtxMessageQueueNew
</UL>

<P><STRONG><a name="[126]"></a>EvrRtxMessageQueueNew</STRONG> (Thumb, 2 bytes, Stack size 0 bytes, rtx_evr.o(.text), UNUSED)
<BR><BR>[Called By]<UL><LI><a href="#[125]">&gt;&gt;</a>&nbsp;&nbsp;&nbsp;osMessageQueueNew
</UL>

<P><STRONG><a name="[124]"></a>EvrRtxMessageQueueCreated</STRONG> (Thumb, 2 bytes, Stack size 0 bytes, rtx_evr.o(.text))
<BR><BR>[Called By]<UL><LI><a href="#[56]">&gt;&gt;</a>&nbsp;&nbsp;&nbsp;svcRtxMessageQueueNew
</UL>

<P><STRONG><a name="[128]"></a>EvrRtxMessageQueueGetName</STRONG> (Thumb, 2 bytes, Stack size 0 bytes, rtx_evr.o(.text))
<BR><BR>[Called By]<UL><LI><a href="#[127]">&gt;&gt;</a>&nbsp;&nbsp;&nbsp;osMessageQueueGetName
<LI><a href="#[57]">&gt;&gt;</a>&nbsp;&nbsp;&nbsp;svcRtxMessageQueueGetName
</UL>

<P><STRONG><a name="[12a]"></a>EvrRtxMessageQueuePut</STRONG> (Thumb, 2 bytes, Stack size 0 bytes, rtx_evr.o(.text))
<BR><BR>[Called By]<UL><LI><a href="#[129]">&gt;&gt;</a>&nbsp;&nbsp;&nbsp;osMessageQueuePut
</UL>

<P><STRONG><a name="[13f]"></a>EvrRtxMessageQueuePutPending</STRONG> (Thumb, 2 bytes, Stack size 0 bytes, rtx_evr.o(.text))
<BR><BR>[Called By]<UL><LI><a href="#[58]">&gt;&gt;</a>&nbsp;&nbsp;&nbsp;svcRtxMessageQueuePut
</UL>

<P><STRONG><a name="[140]"></a>EvrRtxMessageQueuePutTimeout</STRONG> (Thumb, 2 bytes, Stack size 0 bytes, rtx_evr.o(.text))
<BR><BR>[Called By]<UL><LI><a href="#[58]">&gt;&gt;</a>&nbsp;&nbsp;&nbsp;svcRtxMessageQueuePut
<LI><a href="#[f4]">&gt;&gt;</a>&nbsp;&nbsp;&nbsp;osRtxThreadDelayTick
</UL>

<P><STRONG><a name="[12b]"></a>EvrRtxMessageQueueInsertPending</STRONG> (Thumb, 2 bytes, Stack size 0 bytes, rtx_evr.o(.text))
<BR><BR>[Called By]<UL><LI><a href="#[129]">&gt;&gt;</a>&nbsp;&nbsp;&nbsp;osMessageQueuePut
</UL>

<P><STRONG><a name="[13e]"></a>EvrRtxMessageQueueInserted</STRONG> (Thumb, 2 bytes, Stack size 0 bytes, rtx_evr.o(.text))
<BR><BR>[Called By]<UL><LI><a href="#[5e]">&gt;&gt;</a>&nbsp;&nbsp;&nbsp;svcRtxMessageQueueReset
<LI><a href="#[59]">&gt;&gt;</a>&nbsp;&nbsp;&nbsp;svcRtxMessageQueueGet
<LI><a href="#[58]">&gt;&gt;</a>&nbsp;&nbsp;&nbsp;svcRtxMessageQueuePut
<LI><a href="#[55]">&gt;&gt;</a>&nbsp;&nbsp;&nbsp;osRtxMessageQueuePostProcess
</UL>

<P><STRONG><a name="[12c]"></a>EvrRtxMessageQueueNotInserted</STRONG> (Thumb, 2 bytes, Stack size 0 bytes, rtx_evr.o(.text))
<BR><BR>[Called By]<UL><LI><a href="#[129]">&gt;&gt;</a>&nbsp;&nbsp;&nbsp;osMessageQueuePut
[...]
<LI><a href="#[bc]">&gt;&gt;</a>&nbsp;&nbsp;&nbsp;osRtxThreadWaitEnter
</UL>
<BR>[Address Reference Count : 1]<UL><LI> rtx_mutex.o(.text)
</UL>
<P><STRONG><a name="[63]"></a>svcRtxMutexRelease</STRONG> (Thumb, 234 bytes, Stack size 16 bytes, rtx_mutex.o(.text))
<BR><BR>[Stack]<UL><LI>Max Depth = 48<LI>Call Chain = svcRtxMutexRelease &rArr; osRtxThreadWaitExit &rArr; osRtxThreadDispatch
</UL>
<BR>[Calls]<UL><LI><a href="#[146]">&gt;&gt;</a>&nbsp;&nbsp;&nbsp;EvrRtxMutexReleased
<LI><a href="#[147]">&gt;&gt;</a>&nbsp;&nbsp;&nbsp;EvrRtxMutexAcquired
<LI><a href="#[14c]">&gt;&gt;</a>&nbsp;&nbsp;&nbsp;EvrRtxMutexError
<LI><a href="#[ed]">&gt;&gt;</a>&nbsp;&nbsp;&nbsp;osRtxThreadListGet
<LI><a href="#[f5]">&gt;&gt;</a>&nbsp;&nbsp;&nbsp;osRtxThreadDispatch
<LI><a href="#[11d]">&gt;&gt;</a>&nbsp;&nbsp;&nbsp;osRtxThreadWaitExit
</UL>
<BR>[Address Reference Count : 1]<UL><LI> rtx_mutex.o(.text)
</UL>
<P><STRONG><a name="[64]"></a>svcRtxMutexGetOwner</STRONG> (Thumb, 38 bytes, Stack size 8 bytes, rtx_mutex.o(.text))
<BR><BR>[Stack]<UL><LI>Max Depth = 8<LI>Call Chain = svcRtxMutexGetOwner
</UL>
<BR>[Calls]<UL><LI><a href="#[154]">&gt;&gt;</a>&nbsp;&nbsp;&nbsp;EvrRtxMutexGetOwner
</UL>
<BR>[Address Reference Count : 1]<UL><LI> rtx_mutex.o(.text)
</UL>
<P><STRONG><a name="[65]"></a>svcRtxMutexDelete</STRONG> (Thumb, 210 bytes, Stack size 16 bytes, rtx_mutex.o(.text))
<BR><BR>[Stack]<UL><LI>Max Depth = 48<LI>Call Chain = svcRtxMutexDelete &rArr; osRtxThreadWaitExit &rArr; osRtxThreadDispatch
</UL>
<BR>[Calls]<UL><LI><a href="#[149]">&gt;&gt;</a>&nbsp;&nbsp;&nbsp;osRtxThreadListSort
<LI><a href="#[15b]">&gt;&gt;</a>&nbsp;&nbsp;&nbsp;EvrRtxMutexDestroyed
<LI><a href="#[14c]">&gt;&gt;</a>&nbsp;&nbsp;&nbsp;EvrRtxMutexError
<LI><a href="#[fc]">&gt;&gt;</a>&nbsp;&nbsp;&nbsp;osRtxMemoryFree
<LI><a href="#[101]">&gt;&gt;</a>&nbsp;&nbsp;&nbsp;osRtxMemoryPoolFree
<LI><a href="#[ed]">&gt;&gt;</a>&nbsp;&nbsp;&nbsp;osRtxThreadListGet
<LI><a href="#[f5]">&gt;&gt;</a>&nbsp;&nbsp;&nbsp;osRtxThreadDispatch
<LI><a href="#[11d]">&gt;&gt;</a>&nbsp;&nbsp;&nbsp;osRtxThreadWaitExit
</UL>
<BR>[Address Reference Count : 1]<UL><LI> rtx_mutex.o(.text)
</UL>
<P><STRONG><a name="[16a]"></a>osRtxThreadFree</STRONG> (Thumb, 102 bytes, Stack size 8 bytes, rtx_thread.o(.text))
<BR><BR>[Stack]<UL><LI>Max Depth = 24<LI>Call Chain = osRtxThreadFree &rArr; osRtxMemoryPoolFree
</UL>
<BR>[Calls]<UL><LI><a href="#[16c]">&gt;&gt;</a>&nbsp;&nbsp;&nbsp;osRtxThreadBeforeFree
<LI><a href="#[fc]">&gt;&gt;</a>&nbsp;&nbsp;&nbsp;osRtxMemoryFree
<LI><a href="#[101]">&gt;&gt;</a>&nbsp;&nbsp;&nbsp;osRtxMemoryPoolFree
</UL>
<BR>[Called By]<UL><LI><a href="#[169]">&gt;&gt;</a>&nbsp;&nbsp;&nbsp;osRtxThreadDestroy
<LI><a href="#[79]">&gt;&gt;</a>&nbsp;&nbsp;&nbsp;svcRtxThreadTerminate
<LI><a href="#[78]">&gt;&gt;</a>&nbsp;&nbsp;&nbsp;svcRtxThreadExit
<LI><a href="#[77]">&gt;&gt;</a>&nbsp;&nbsp;&nbsp;svcRtxThreadJoin
<LI><a href="#[76]">&gt;&gt;</a>&nbsp;&nbsp;&nbsp;svcRtxThreadDetach
</UL>

<P><STRONG><a name="[69]"></a>svcRtxThreadNew</STRONG> (Thumb, 600 bytes, Stack size 40 bytes, rtx_thread.o(.text))
<BR><BR>[Stack]<UL><LI>Max Depth = 56 + Unknown Stack Size
<LI>Call Chain = svcRtxThreadNew &rArr; osRtxMemoryPoolFree
</UL>
<BR>[Calls]<UL><LI><a href="#[e5]">&gt;&gt;</a>&nbsp;&nbsp;&nbsp;__aeabi_memclr4
<LI><a href="#[16e]">&gt;&gt;</a>&nbsp;&nbsp;&nbsp;__aeabi_memset4
<LI><a href="#[16f]">&gt;&gt;</a>&nbsp;&nbsp;&nbsp;EvrRtxThreadCreated
<LI><a href="#[16d]">&gt;&gt;</a>&nbsp;&nbsp;&nbsp;EvrRtxThreadError
<LI><a href="#[fc]">&gt;&gt;</a>&nbsp;&nbsp;&nbsp;osRtxMemoryFree
<LI><a href="#[101]">&gt;&gt;</a>&nbsp;&nbsp;&nbsp;osRtxMemoryPoolFree
<LI><a href="#[f5]">&gt;&gt;</a>&nbsp;&nbsp;&nbsp;osRtxThreadDispatch
<LI><a href="#[fa]">&gt;&gt;</a>&nbsp;&nbsp;&nbsp;osRtxMemoryAlloc
<LI><a href="#[ff]">&gt;&gt;</a>&nbsp;&nbsp;&nbsp;osRtxMemoryPoolAlloc
</UL>
<BR>[Called By]<UL><LI><a href="#[e9]">&gt;&gt;</a>&nbsp;&nbsp;&nbsp;osRtxThreadStartup
</UL>
<BR>[Address Reference Count : 1]<UL><LI> rtx_thread.o(.text)
</UL>
<P><STRONG><a name="[67]"></a>osThreadEntry</STRONG> (Thumb, 6 bytes, Stack size 0 bytes, rtx_thread.o(.text))
<BR><BR>[Calls]<UL><LI><a href="#[188]">&gt;&gt;</a>&nbsp;&nbsp;&nbsp;osThreadExit
</UL>
<BR>[Address Reference Count : 1]<UL><LI> rtx_thread.o(.text)
</UL>
<P><STRONG><a name="[68]"></a>osRtxThreadPostProcess</STRONG> (Thumb, 156 bytes, Stack size 16 bytes, rtx_thread.o(.text))
<BR><BR>[Stack]<UL><LI>Max Depth = 48<LI>Call Chain = osRtxThreadPostProcess &rArr; osRtxThreadWaitExit &rArr; osRtxThreadDispatch
</UL>
<BR>[Calls]<UL><LI><a href="#[1a4]">&gt;&gt;</a>&nbsp;&nbsp;&nbsp;EvrRtxThreadFlagsWaitCompleted
<LI><a href="#[11d]">&gt;&gt;</a>&nbsp;&nbsp;&nbsp;osRtxThreadWaitExit
</UL>
<BR>[Address Reference Count : 1]<UL><LI> rtx_thread.o(.text)
</UL>
<P><STRONG><a name="[6a]"></a>svcRtxThreadGetName</STRONG> (Thumb, 34 bytes, Stack size 8 bytes, rtx_thread.o(.text))
<BR><BR>[Stack]<UL><LI>Max Depth = 8<LI>Call Chain = svcRtxThreadGetName
</UL>
<BR>[Calls]<UL><LI><a href="#[172]">&gt;&gt;</a>&nbsp;&nbsp;&nbsp;EvrRtxThreadGetName
</UL>
<BR>[Address Reference Count : 1]<UL><LI> rtx_thread.o(.text)
</UL>
<P><STRONG><a name="[6b]"></a>svcRtxThreadGetClass</STRONG> (Thumb, 6 bytes, Stack size 0 bytes, rtx_thread.o(.text))
<BR>[Address Reference Count : 1]<UL><LI> rtx_thread.o(.text)
</UL>
<P><STRONG><a name="[6c]"></a>svcRtxThreadGetZone</STRONG> (Thumb, 6 bytes, Stack size 0 bytes, rtx_thread.o(.text))
<BR>[Address Reference Count : 1]<UL><LI> rtx_thread.o(.text)
</UL>
<P><STRONG><a name="[6d]"></a>svcRtxThreadGetId</STRONG> (Thumb, 22 bytes, Stack size 8 bytes, rtx_thread.o(.text))
<BR><BR>[Stack]<UL><LI>Max Depth = 8<LI>Call Chain = svcRtxThreadGetId
</UL>
<BR>[Calls]<UL><LI><a href="#[173]">&gt;&gt;</a>&nbsp;&nbsp;&nbsp;EvrRtxThreadGetId
</UL>
<BR>[Address Reference Count : 1]<UL><LI> rtx_thread.o(.text)
</UL>
<P><STRONG><a name="[6e]"></a>svcRtxThreadGetState</STRONG> (Thumb, 36 bytes, Stack size 8 bytes, rtx_thread.o(.text))
<BR><BR>[Stack]<UL><LI>Max Depth = 8<LI>Call Chain = svcRtxThreadGetState
</UL>
<BR>[Calls]<UL><LI><a href="#[175]">&gt;&gt;</a>&nbsp;&nbsp;&nbsp;EvrRtxThreadGetState
</UL>
<BR>[Address Reference Count : 1]<UL><LI> rtx_thread.o(.text)
</UL>
<P><STRONG><a name="[6f]"></a>svcRtxThreadGetStackSize</STRONG> (Thumb, 34 bytes, Stack size 8 bytes, rtx_thread.o(.text))
<BR><BR>[Stack]<UL><LI>Max Depth = 8<LI>Call Chain = svcRtxThreadGetStackSize
</UL>
<BR>[Calls]<UL><LI><a href="#[177]">&gt;&gt;</a>&nbsp;&nbsp;&nbsp;EvrRtxThreadGetStackSize
</UL>
<BR>[Address Reference Count : 1]<UL><LI> rtx_thread.o(.text)
</UL>
<P><STRONG><a name="[70]"></a>svcRtxThreadGetStackSpace</STRONG> (Thumb, 82 bytes, Stack size 8 bytes, rtx_thread.o(.text))
<BR><BR>[Stack]<UL><LI>Max Depth = 8<LI>Call Chain = svcRtxThreadGetStackSpace
</UL>
<BR>[Calls]<UL><LI><a href="#[179]">&gt;&gt;</a>&nbsp;&nbsp;&nbsp;EvrRtxThreadGetStackSpace
</UL>
<BR>[Address Reference Count : 1]<UL><LI> rtx_thread.o(.text)
</UL>
<P><STRONG><a name="[71]"></a>svcRtxThreadSetPriority</STRONG> (Thumb, 184 bytes, Stack size 8 bytes, rtx_thread.o(.text))
<BR><BR>[Stack]<UL><LI>Max Depth = 24<LI>Call Chain = svcRtxThreadSetPriority &rArr; osRtxThreadDispatch
</UL>
<BR>[Calls]<UL><LI><a href="#[1a5]">&gt;&gt;</a>&nbsp;&nbsp;&nbsp;EvrRtxThreadPriorityUpdated
<LI><a href="#[16d]">&gt;&gt;</a>&nbsp;&nbsp;&nbsp;EvrRtxThreadError
<LI><a href="#[f5]">&gt;&gt;</a>&nbsp;&nbsp;&nbsp;osRtxThreadDispatch
</UL>
<BR>[Address Reference Count : 1]<UL><LI> rtx_thread.o(.text)
</UL>
<P><STRONG><a name="[72]"></a>svcRtxThreadGetPriority</STRONG> (Thumb, 40 bytes, Stack size 8 bytes, rtx_thread.o(.text))
<BR><BR>[Stack]<UL><LI>Max Depth = 8<LI>Call Chain = svcRtxThreadGetPriority
</UL>
<BR>[Calls]<UL><LI><a href="#[17d]">&gt;&gt;</a>&nbsp;&nbsp;&nbsp;EvrRtxThreadGetPriority
</UL>
<BR>[Address Reference Count : 1]<UL><LI> rtx_thread.o(.text)
</UL>
<P><STRONG><a name="[73]"></a>svcRtxThreadYield</STRONG> (Thumb, 138 bytes, Stack size 16 bytes, rtx_thread.o(.text))
<BR><BR>[Stack]<UL><LI>Max Depth = 16<LI>Call Chain = svcRtxThreadYield
</UL>
<BR>[Calls]<UL><LI><a href="#[165]">&gt;&gt;</a>&nbsp;&nbsp;&nbsp;EvrRtxThreadSwitched
<LI><a href="#[15f]">&gt;&gt;</a>&nbsp;&nbsp;&nbsp;EvrRtxThreadPreempted
</UL>
<BR>[Address Reference Count : 1]<UL><LI> rtx_thread.o(.text)
</UL>
<P><STRONG><a name="[74]"></a>svcRtxThreadSuspend</STRONG> (Thumb, 342 bytes, Stack size 16 bytes, rtx_thread.o(.text))
<BR><BR>[Stack]<UL><LI>Max Depth = 16<LI>Call Chain = svcRtxThreadSuspend
</UL>
<BR>[Calls]<UL><LI><a href="#[165]">&gt;&gt;</a>&nbsp;&nbsp;&nbsp;EvrRtxThreadSwitched
<LI><a href="#[1a6]">&gt;&gt;</a>&nbsp;&nbsp;&nbsp;EvrRtxThreadSuspended
<LI><a href="#[16d]">&gt;&gt;</a>&nbsp;&nbsp;&nbsp;EvrRtxThreadError
</UL>
<BR>[Address Reference Count : 1]<UL><LI> rtx_thread.o(.text)
</UL>
<P><STRONG><a name="[75]"></a>svcRtxThreadResume</STRONG> (Thumb, 152 bytes, Stack size 8 bytes, rtx_thread.o(.text))
<BR><BR>[Stack]<UL><LI>Max Depth = 24<LI>Call Chain = svcRtxThreadResume &rArr; osRtxThreadDispatch
</UL>
<BR>[Calls]<UL><LI><a href="#[1a7]">&gt;&gt;</a>&nbsp;&nbsp;&nbsp;EvrRtxThreadResumed
<LI><a href="#[16d]">&gt;&gt;</a>&nbsp;&nbsp;&nbsp;EvrRtxThreadError
<LI><a href="#[f5]">&gt;&gt;</a>&nbsp;&nbsp;&nbsp;osRtxThreadDispatch
</UL>
<BR>[Address Reference Count : 1]<UL><LI> rtx_thread.o(.text)
</UL>
<P><STRONG><a name="[76]"></a>svcRtxThreadDetach</STRONG> (Thumb, 108 bytes, Stack size 8 bytes, rtx_thread.o(.text))
<BR><BR>[Stack]<UL><LI>Max Depth = 32<LI>Call Chain = svcRtxThreadDetach &rArr; osRtxThreadFree &rArr; osRtxMemoryPoolFree
</UL>
<BR>[Calls]<UL><LI><a href="#[16a]">&gt;&gt;</a>&nbsp;&nbsp;&nbsp;osRtxThreadFree
<LI><a href="#[1a8]">&gt;&gt;</a>&nbsp;&nbsp;&nbsp;EvrRtxThreadDetached
<LI><a href="#[16d]">&gt;&gt;</a>&nbsp;&nbsp;&nbsp;EvrRtxThreadError
</UL>
<BR>[Address Reference Count : 1]<UL><LI> rtx_thread.o(.text)
</UL>
<P><STRONG><a name="[77]"></a>svcRtxThreadJoin</STRONG> (Thumb, 286 bytes, Stack size 24 bytes, rtx_thread.o(.text))
<BR><BR>[Stack]<UL><LI>Max Depth = 48<LI>Call Chain = svcRtxThreadJoin &rArr; osRtxThreadFree &rArr; osRtxMemoryPoolFree
</UL>
<BR>[Calls]<UL><LI><a href="#[16a]">&gt;&gt;</a>&nbsp;&nbsp;&nbsp;osRtxThreadFree
<LI><a href="#[165]">&gt;&gt;</a>&nbsp;&nbsp;&nbsp;EvrRtxThreadSwitched
<LI><a href="#[166]">&gt;&gt;</a>&nbsp;&nbsp;&nbsp;EvrRtxThreadBlocked
<LI><a href="#[168]">&gt;&gt;</a>&nbsp;&nbsp;&nbsp;EvrRtxThreadJoined
<LI><a href="#[1a9]">&gt;&gt;</a>&nbsp;&nbsp;&nbsp;EvrRtxThreadJoinPending
<LI><a href="#[16d]">&gt;&gt;</a>&nbsp;&nbsp;&nbsp;EvrRtxThreadError
</UL>
<BR>[Address Reference Count : 1]<UL><LI> rtx_thread.o(.text)
</UL>
<P><STRONG><a name="[78]"></a>svcRtxThreadExit</STRONG> (Thumb, 196 bytes, Stack size 16 bytes, rtx_thread.o(.text))
<BR><BR>[Stack]<UL><LI>Max Depth = 72<LI>Call Chain = svcRtxThreadExit &rArr; osRtxMutexOwnerRelease &rArr; osRtxThreadWaitExit &rArr; osRtxThreadDispatch
</UL>
<BR>[Calls]<UL><LI><a href="#[16a]">&gt;&gt;</a>&nbsp;&nbsp;&nbsp;osRtxThreadFree
<LI><a href="#[145]">&gt;&gt;</a>&nbsp;&nbsp;&nbsp;osRtxMutexOwnerRelease
<LI><a href="#[16b]">&gt;&gt;</a>&nbsp;&nbsp;&nbsp;EvrRtxThreadDestroyed
<LI><a href="#[165]">&gt;&gt;</a>&nbsp;&nbsp;&nbsp;EvrRtxThreadSwitched
<LI><a href="#[168]">&gt;&gt;</a>&nbsp;&nbsp;&nbsp;EvrRtxThreadJoined
<LI><a href="#[11d]">&gt;&gt;</a>&nbsp;&nbsp;&nbsp;osRtxThreadWaitExit
<LI><a href="#[b5]">&gt;&gt;</a>&nbsp;&nbsp;&nbsp;osRtxKernelErrorNotify
</UL>
<BR>[Address Reference Count : 1]<UL><LI> rtx_thread.o(.text)
</UL>
<P><STRONG><a name="[79]"></a>svcRtxThreadTerminate</STRONG> (Thumb, 412 bytes, Stack size 16 bytes, rtx_thread.o(.text))
<BR><BR>[Stack]<UL><LI>Max Depth = 72<LI>Call Chain = svcRtxThreadTerminate &rArr; osRtxMutexOwnerRelease &rArr; osRtxThreadWaitExit &rArr; osRtxThreadDispatch
</UL>
<BR>[Calls]<UL><LI><a href="#[16a]">&gt;&gt;</a>&nbsp;&nbsp;&nbsp;osRtxThreadFree
<LI><a href="#[145]">&gt;&gt;</a>&nbsp;&nbsp;&nbsp;osRtxMutexOwnerRelease
<LI><a href="#[16b]">&gt;&gt;</a>&nbsp;&nbsp;&nbsp;EvrRtxThreadDestroyed
<LI><a href="#[165]">&gt;&gt;</a>&nbsp;&nbsp;&nbsp;EvrRtxThreadSwitched
<LI><a href="#[168]">&gt;&gt;</a>&nbsp;&nbsp;&nbsp;EvrRtxThreadJoined
<LI><a href="#[16d]">&gt;&gt;</a>&nbsp;&nbsp;&nbsp;EvrRtxThreadError
<LI><a href="#[f5]">&gt;&gt;</a>&nbsp;&nbsp;&nbsp;osRtxThreadDispatch
<LI><a href="#[11d]">&gt;&gt;</a>&nbsp;&nbsp;&nbsp;osRtxThreadWaitExit
<LI><a href="#[b5]">&gt;&gt;</a>&nbsp;&nbsp;&nbsp;osRtxKernelErrorNotify
</UL>
<BR>[Address Reference Count : 1]<UL><LI> rtx_thread.o(.text)
</UL>
<P><STRONG><a name="[7a]"></a>svcRtxThreadFeedWatchdog</STRONG> (Thumb, 6 bytes, Stack size 0 bytes, rtx_thread.o(.text))
<BR>[Address Reference Count : 1]<UL><LI> rtx_thread.o(.text)
</UL>
<P><STRONG><a name="[7b]"></a>svcRtxThreadProtectPrivileged</STRONG> (Thumb, 6 bytes, Stack size 0 bytes, rtx_thread.o(.text))
<BR>[Address Reference Count : 1]<UL><LI> rtx_thread.o(.text)
</UL>
<P><STRONG><a name="[7c]"></a>svcRtxThreadSuspendClass</STRONG> (Thumb, 6 bytes, Stack size 0 bytes, rtx_thread.o(.text))
<BR>[Address Reference Count : 1]<UL><LI> rtx_thread.o(.text)
</UL>
<P><STRONG><a name="[7d]"></a>svcRtxThreadResumeClass</STRONG> (Thumb, 6 bytes, Stack size 0 bytes, rtx_thread.o(.text))
<BR>[Address Reference Count : 1]<UL><LI> rtx_thread.o(.text)
</UL>
<P><STRONG><a name="[7e]"></a>svcRtxThreadSetAffinityMask</STRONG> (Thumb, 6 bytes, Stack size 0 bytes, rtx_thread.o(.text))
<BR>[Address Reference Count : 1]<UL><LI> rtx_thread.o(.text)
</UL>
<P><STRONG><a name="[7f]"></a>svcRtxThreadGetAffinityMask</STRONG> (Thumb, 4 bytes, Stack size 0 bytes, rtx_thread.o(.text))
<BR>[Address Reference Count : 1]<UL><LI> rtx_thread.o(.text)
</UL>
<P><STRONG><a name="[80]"></a>svcRtxThreadGetCount</STRONG> (Thumb, 58 bytes, Stack size 8 bytes, rtx_thread.o(.text))
<BR><BR>[Stack]<UL><LI>Max Depth = 8<LI>Call Chain = svcRtxThreadGetCount
</UL>
<BR>[Calls]<UL><LI><a href="#[197]">&gt;&gt;</a>&nbsp;&nbsp;&nbsp;EvrRtxThreadGetCount
</UL>
<BR>[Address Reference Count : 1]<UL><LI> rtx_thread.o(.text)
</UL>
<P><STRONG><a name="[81]"></a>svcRtxThreadEnumerate</STRONG> (Thumb, 122 bytes, Stack size 8 bytes, rtx_thread.o(.text))
<BR><BR>[Stack]<UL><LI>Max Depth = 8<LI>Call Chain = svcRtxThreadEnumerate
</UL>
<BR>[Calls]<UL><LI><a href="#[199]">&gt;&gt;</a>&nbsp;&nbsp;&nbsp;EvrRtxThreadEnumerate
</UL>
<BR>[Address Reference Count : 1]<UL><LI> rtx_thread.o(.text)
</UL>
<P><STRONG><a name="[82]"></a>svcRtxThreadFlagsSet</STRONG> (Thumb, 320 bytes, Stack size 16 bytes, rtx_thread.o(.text))
<BR><BR>[Stack]<UL><LI>Max Depth = 32<LI>Call Chain = svcRtxThreadFlagsSet &rArr; osRtxThreadDispatch
</UL>
<BR>[Calls]<UL><LI><a href="#[1a4]">&gt;&gt;</a>&nbsp;&nbsp;&nbsp;EvrRtxThreadFlagsWaitCompleted
<LI><a href="#[19d]">&gt;&gt;</a>&nbsp;&nbsp;&nbsp;EvrRtxThreadFlagsSetDone
<LI><a href="#[19c]">&gt;&gt;</a>&nbsp;&nbsp;&nbsp;EvrRtxThreadFlagsError
<LI><a href="#[164]">&gt;&gt;</a>&nbsp;&nbsp;&nbsp;EvrRtxThreadUnblocked
<LI><a href="#[f5]">&gt;&gt;</a>&nbsp;&nbsp;&nbsp;osRtxThreadDispatch
</UL>
<BR>[Address Reference Count : 1]<UL><LI> rtx_thread.o(.text)
</UL>
<P><STRONG><a name="[83]"></a>svcRtxThreadFlagsClear</STRONG> (Thumb, 82 bytes, Stack size 8 bytes, rtx_thread.o(.text))
<BR><BR>[Stack]<UL><LI>Max Depth = 8<LI>Call Chain = svcRtxThreadFlagsClear
</UL>
<BR>[Calls]<UL><LI><a href="#[1aa]">&gt;&gt;</a>&nbsp;&nbsp;&nbsp;EvrRtxThreadFlagsClearDone
<LI><a href="#[19c]">&gt;&gt;</a>&nbsp;&nbsp;&nbsp;EvrRtxThreadFlagsError
</UL>
<BR>[Address Reference Count : 1]<UL><LI> rtx_thread.o(.text)
</UL>
<P><STRONG><a name="[84]"></a>svcRtxThreadFlagsGet</STRONG> (Thumb, 36 bytes, Stack size 8 bytes, rtx_thread.o(.text))
<BR><BR>[Stack]<UL><LI>Max Depth = 8<LI>Call Chain = svcRtxThreadFlagsGet
</UL>
<BR>[Calls]<UL><LI><a href="#[1a1]">&gt;&gt;</a>&nbsp;&nbsp;&nbsp;EvrRtxThreadFlagsGet
</UL>
<BR>[Address Reference Count : 1]<UL><LI> rtx_thread.o(.text)
</UL>
<P><STRONG><a name="[85]"></a>svcRtxThreadFlagsWait</STRONG> (Thumb, 230 bytes, Stack size 24 bytes, rtx_thread.o(.text))
<BR><BR>[Stack]<UL><LI>Max Depth = 48<LI>Call Chain = svcRtxThreadFlagsWait &rArr; osRtxThreadWaitEnter
</UL>
<BR>[Calls]<UL><LI><a href="#[1ac]">&gt;&gt;</a>&nbsp;&nbsp;&nbsp;EvrRtxThreadFlagsWaitNotCompleted
<LI><a href="#[1a4]">&gt;&gt;</a>&nbsp;&nbsp;&nbsp;EvrRtxThreadFlagsWaitCompleted
<LI><a href="#[161]">&gt;&gt;</a>&nbsp;&nbsp;&nbsp;EvrRtxThreadFlagsWaitTimeout
<LI><a href="#[1ab]">&gt;&gt;</a>&nbsp;&nbsp;&nbsp;EvrRtxThreadFlagsWaitPending
<LI><a href="#[19c]">&gt;&gt;</a>&nbsp;&nbsp;&nbsp;EvrRtxThreadFlagsError
<LI><a href="#[bc]">&gt;&gt;</a>&nbsp;&nbsp;&nbsp;osRtxThreadWaitEnter
</UL>
<BR>[Address Reference Count : 1]<UL><LI> rtx_thread.o(.text)
</UL>
<P><STRONG><a name="[86]"></a>osRtxTimerTick</STRONG> (Thumb, 198 bytes, Stack size 24 bytes, rtx_timer.o(.text))
<BR><BR>[Stack]<UL><LI>Max Depth = 80<LI>Call Chain = osRtxTimerTick &rArr; osMessageQueuePut &rArr; osRtxPostProcess &rArr; osRtxKernelErrorNotify
</UL>
<BR>[Calls]<UL><LI><a href="#[129]">&gt;&gt;</a>&nbsp;&nbsp;&nbsp;osMessageQueuePut
<LI><a href="#[b5]">&gt;&gt;</a>&nbsp;&nbsp;&nbsp;osRtxKernelErrorNotify
</UL>
<BR>[Address Reference Count : 1]<UL><LI> rtx_timer.o(.text)
</UL>
<P><STRONG><a name="[87]"></a>svcRtxTimerNew</STRONG> (Thumb, 202 bytes, Stack size 32 bytes, rtx_timer.o(.text))
<BR><BR>[Stack]<UL><LI>Max Depth = 48<LI>Call Chain = svcRtxTimerNew &rArr; osRtxMemoryAlloc
</UL>
<BR>[Calls]<UL><LI><a href="#[1b9]">&gt;&gt;</a>&nbsp;&nbsp;&nbsp;EvrRtxTimerCreated
<LI><a href="#[1af]">&gt;&gt;</a>&nbsp;&nbsp;&nbsp;EvrRtxTimerError
<LI><a href="#[fa]">&gt;&gt;</a>&nbsp;&nbsp;&nbsp;osRtxMemoryAlloc
<LI><a href="#[ff]">&gt;&gt;</a>&nbsp;&nbsp;&nbsp;osRtxMemoryPoolAlloc
</UL>
<BR>[Address Reference Count : 1]<UL><LI> rtx_timer.o(.text)
</UL>
<P><STRONG><a name="[88]"></a>svcRtxTimerGetName</STRONG> (Thumb, 34 bytes, Stack size 8 bytes, rtx_timer.o(.text))
<BR><BR>[Stack]<UL><LI>Max Depth = 8<LI>Call Chain = svcRtxTimerGetName
</UL>
<BR>[Calls]<UL><LI><a href="#[1b1]">&gt;&gt;</a>&nbsp;&nbsp;&nbsp;EvrRtxTimerGetName
</UL>
<BR>[Address Reference Count : 1]<UL><LI> rtx_timer.o(.text)
</UL>
<P><STRONG><a name="[89]"></a>svcRtxTimerStart</STRONG> (Thumb, 194 bytes, Stack size 8 bytes, rtx_timer.o(.text))
<BR><BR>[Stack]<UL><LI>Max Depth = 8<LI>Call Chain = svcRtxTimerStart
</UL>
<BR>[Calls]<UL><LI><a href="#[1ba]">&gt;&gt;</a>&nbsp;&nbsp;&nbsp;EvrRtxTimerStarted
<LI><a href="#[1af]">&gt;&gt;</a>&nbsp;&nbsp;&nbsp;EvrRtxTimerError
</UL>
<BR>[Address Reference Count : 1]<UL><LI> rtx_timer.o(.text)
</UL>
<P><STRONG><a name="[8a]"></a>svcRtxTimerStop</STRONG> (Thumb, 94 bytes, Stack size 8 bytes, rtx_timer.o(.text))
<BR><BR>[Stack]<UL><LI>Max Depth = 8<LI>Call Chain = svcRtxTimerStop
</UL>
<BR>[Calls]<UL><LI><a href="#[1bb]">&gt;&gt;</a>&nbsp;&nbsp;&nbsp;EvrRtxTimerStopped
<LI><a href="#[1af]">&gt;&gt;</a>&nbsp;&nbsp;&nbsp;EvrRtxTimerError
</UL>
<BR>[Address Reference Count : 1]<UL><LI> rtx_timer.o(.text)
</UL>
<P><STRONG><a name="[8b]"></a>svcRtxTimerIsRunning</STRONG> (Thumb, 34 bytes, Stack size 8 bytes, rtx_timer.o(.text))
<BR><BR>[Stack]<UL><LI>Max Depth = 8<LI>Call Chain = svcRtxTimerIsRunning
</UL>
<BR>[Calls]<UL><LI><a href="#[1b6]">&gt;&gt;</a>&nbsp;&nbsp;&nbsp;EvrRtxTimerIsRunning
</UL>
<BR>[Address Reference Count : 1]<UL><LI> rtx_timer.o(.text)
</UL>
<P><STRONG><a name="[8c]"></a>svcRtxTimerDelete</STRONG> (Thumb, 118 bytes, Stack size 8 bytes, rtx_timer.o(.text))
<BR><BR>[Stack]<UL><LI>Max Depth = 24<LI>Call Chain = svcRtxTimerDelete &rArr; osRtxMemoryPoolFree
</UL>
<BR>[Calls]<UL><LI><a href="#[1bc]">&gt;&gt;</a>&nbsp;&nbsp;&nbsp;EvrRtxTimerDestroyed
<LI><a href="#[1af]">&gt;&gt;</a>&nbsp;&nbsp;&nbsp;EvrRtxTimerError
<LI><a href="#[fc]">&gt;&gt;</a>&nbsp;&nbsp;&nbsp;osRtxMemoryFree
<LI><a href="#[101]">&gt;&gt;</a>&nbsp;&nbsp;&nbsp;osRtxMemoryPoolFree
</UL>
<BR>[Address Reference Count : 1]<UL><LI> rtx_timer.o(.text)
</UL><P>
<H3>
Undefined Global Symbols
</H3><HR></body></html>
