Component: Arm Compiler for Embedded 6.22 Tool: armlink [5ee90200]

==============================================================================

Section Cross References

    application.o(.text.Application_Setup) refers to application.o(.bss.reference) for reference
    application.o(.text.Application_Setup) refers to application.o(.bss.velocity) for velocity
    application.o(.text.Application_Setup) refers to application.o(.bss.control) for control
    application.o(.text.Application_Setup) refers to application.o(.bss.millisec) for millisec
    application.o(.text.Application_Setup) refers to peripherals.o(.text.Peripheral_GPIO_EnableMotor) for Peripheral_GPIO_EnableMotor
    application.o(.text.Application_Setup) refers to controller.o(.text.Controller_Reset) for Controller_Reset
    application.o(.ARM.exidx.text.Application_Setup) refers to application.o(.text.Application_Setup) for [Anonymous Symbol]
    application.o(.text.Application_Loop) refers to main.o(.text.Main_GetTickMillisec) for Main_GetTickMillisec
    application.o(.text.Application_Loop) refers to application.o(.bss.millisec) for millisec
    application.o(.text.Application_Loop) refers to application.o(.bss.reference) for reference
    application.o(.text.Application_Loop) refers to peripherals.o(.text.Peripheral_Encoder_CalculateVelocity) for Peripheral_Encoder_CalculateVelocity
    application.o(.text.Application_Loop) refers to application.o(.bss.velocity) for velocity
    application.o(.text.Application_Loop) refers to controller.o(.text.Controller_PIController) for Controller_PIController
    application.o(.text.Application_Loop) refers to application.o(.bss.control) for control
    application.o(.text.Application_Loop) refers to peripherals.o(.text.Peripheral_PWM_ActuateMotor) for Peripheral_PWM_ActuateMotor
    application.o(.ARM.exidx.text.Application_Loop) refers to application.o(.text.Application_Loop) for [Anonymous Symbol]
    controller.o(.text.Controller_PIController) refers to controller.o(.bss.prev_ms) for prev_ms
    controller.o(.text.Controller_PIController) refers to controller.o(.bss.delta_ms) for delta_ms
    controller.o(.text.Controller_PIController) refers to controller.o(.bss.err) for err
    controller.o(.text.Controller_PIController) refers to controller.o(.data.Ki) for Ki
    controller.o(.text.Controller_PIController) refers to controller.o(.bss.I) for I
    controller.o(.text.Controller_PIController) refers to controller.o(.data.Kp) for Kp
    controller.o(.text.Controller_PIController) refers to controller.o(.bss.P) for P
    controller.o(.text.Controller_PIController) refers to controller.o(.bss.control_value) for control_value
    controller.o(.text.Controller_PIController) refers to controller.o(.bss.reset) for reset
    controller.o(.ARM.exidx.text.Controller_PIController) refers to controller.o(.text.Controller_PIController) for [Anonymous Symbol]
    controller.o(.text.Controller_Reset) refers to controller.o(.bss.reset) for reset
    controller.o(.ARM.exidx.text.Controller_Reset) refers to controller.o(.text.Controller_Reset) for [Anonymous Symbol]
    peripherals.o(.ARM.exidx.text.Peripheral_GPIO_EnableMotor) refers to peripherals.o(.text.Peripheral_GPIO_EnableMotor) for [Anonymous Symbol]
    peripherals.o(.ARM.exidx.text.Peripheral_GPIO_DisableMotor) refers to peripherals.o(.text.Peripheral_GPIO_DisableMotor) for [Anonymous Symbol]
    peripherals.o(.text.Peripheral_PWM_ActuateMotor) refers to peripherals.o(.bss.scaled_vel) for scaled_vel
    peripherals.o(.text.Peripheral_PWM_ActuateMotor) refers to peripherals.o(.bss.vel_debug) for vel_debug
    peripherals.o(.ARM.exidx.text.Peripheral_PWM_ActuateMotor) refers to peripherals.o(.text.Peripheral_PWM_ActuateMotor) for [Anonymous Symbol]
    peripherals.o(.text.Peripheral_Encoder_CalculateVelocity) refers to peripherals.o(.bss.encoder) for encoder
    peripherals.o(.text.Peripheral_Encoder_CalculateVelocity) refers to peripherals.o(.bss.Peripheral_Encoder_CalculateVelocity.lastcycle_encoder) for Peripheral_Encoder_CalculateVelocity.lastcycle_encoder
    peripherals.o(.text.Peripheral_Encoder_CalculateVelocity) refers to peripherals.o(.bss.difference_debug) for difference_debug
    peripherals.o(.text.Peripheral_Encoder_CalculateVelocity) refers to peripherals.o(.bss.Peripheral_Encoder_CalculateVelocity.lastcycle_ms) for Peripheral_Encoder_CalculateVelocity.lastcycle_ms
    peripherals.o(.ARM.exidx.text.Peripheral_Encoder_CalculateVelocity) refers to peripherals.o(.text.Peripheral_Encoder_CalculateVelocity) for [Anonymous Symbol]
    main.o(.text.Main_GetTickMillisec) refers to rtx_kernel.o(.text.osKernelGetTickCount) for osKernelGetTickCount
    main.o(.ARM.exidx.text.Main_GetTickMillisec) refers to main.o(.text.Main_GetTickMillisec) for [Anonymous Symbol]
    main.o(.text.main) refers to stm32l4xx_hal.o(.text.HAL_Init) for HAL_Init
    main.o(.text.main) refers to main.o(.text.SystemClock_Config) for SystemClock_Config
[...]
    [Anonymous Symbol]                       0x08002ab4   Section        0  eventrecorder.o(.text.IncrementRecordsDumped)
    IncrementRecordsWritten                  0x08002ac9   Thumb Code    18  eventrecorder.o(.text.IncrementRecordsWritten)
    [Anonymous Symbol]                       0x08002ac8   Section        0  eventrecorder.o(.text.IncrementRecordsWritten)
    IsException                              0x08002add   Thumb Code    20  rtx_kernel.o(.text.IsException)
    [Anonymous Symbol]                       0x08002adc   Section        0  rtx_kernel.o(.text.IsException)
    IsException                              0x08002af1   Thumb Code    20  rtx_msgqueue.o(.text.IsException)
    [Anonymous Symbol]                       0x08002af0   Section        0  rtx_msgqueue.o(.text.IsException)
    IsIrqMasked                              0x08002b05   Thumb Code    46  rtx_kernel.o(.text.IsIrqMasked)
    [Anonymous Symbol]                       0x08002b04   Section        0  rtx_kernel.o(.text.IsIrqMasked)
    IsIrqMasked                              0x08002b35   Thumb Code    46  rtx_msgqueue.o(.text.IsIrqMasked)
    [Anonymous Symbol]                       0x08002b34   Section        0  rtx_msgqueue.o(.text.IsIrqMasked)
    IsMessageQueuePtrValid                   0x08002b65   Thumb Code    34  rtx_msgqueue.o(.text.IsMessageQueuePtrValid)
    [Anonymous Symbol]                       0x08002b64   Section        0  rtx_msgqueue.o(.text.IsMessageQueuePtrValid)
    LockRecord                               0x08002b89   Thumb Code   140  eventrecorder.o(.text.LockRecord)
    [Anonymous Symbol]                       0x08002b88   Section        0  eventrecorder.o(.text.LockRecord)
    MX_GPIO_Init                             0x08002c15   Thumb Code   150  main.o(.text.MX_GPIO_Init)
    [Anonymous Symbol]                       0x08002c14   Section        0  main.o(.text.MX_GPIO_Init)
    MX_TIM1_Init                             0x08002cad   Thumb Code   158  main.o(.text.MX_TIM1_Init)
    [Anonymous Symbol]                       0x08002cac   Section        0  main.o(.text.MX_TIM1_Init)
    MX_TIM3_Init                             0x08002d4d   Thumb Code   200  main.o(.text.MX_TIM3_Init)
    [Anonymous Symbol]                       0x08002d4c   Section        0  main.o(.text.MX_TIM3_Init)
    [Anonymous Symbol]                       0x08002e14   Section        0  main.o(.text.Main_GetTickMillisec)
    MemBlockPtr                              0x08002e1d   Thumb Code    24  rtx_memory.o(.text.MemBlockPtr)
    [Anonymous Symbol]                       0x08002e1c   Section        0  rtx_memory.o(.text.MemBlockPtr)
    MemHeadPtr                               0x08002e35   Thumb Code    10  rtx_memory.o(.text.MemHeadPtr)
    [Anonymous Symbol]                       0x08002e34   Section        0  rtx_memory.o(.text.MemHeadPtr)
    [Anonymous Symbol]                       0x08002e40   Section        0  stm32l4xx_it.o(.text.MemManage_Handler)
    MessageQueueGet                          0x08002e45   Thumb Code    82  rtx_msgqueue.o(.text.MessageQueueGet)
    [Anonymous Symbol]                       0x08002e44   Section        0  rtx_msgqueue.o(.text.MessageQueueGet)
    MessageQueuePut                          0x08002e99   Thumb Code   172  rtx_msgqueue.o(.text.MessageQueuePut)
    [Anonymous Symbol]                       0x08002e98   Section        0  rtx_msgqueue.o(.text.MessageQueuePut)
    MessageQueueRemove                       0x08002f45   Thumb Code    66  rtx_msgqueue.o(.text.MessageQueueRemove)
    [Anonymous Symbol]                       0x08002f44   Section        0  rtx_msgqueue.o(.text.MessageQueueRemove)
    [Anonymous Symbol]                       0x08002f88   Section        0  stm32l4xx_it.o(.text.NMI_Handler)
    NVIC_EncodePriority                      0x08002f8d   Thumb Code   108  stm32l4xx_hal_cortex.o(.text.NVIC_EncodePriority)
    [Anonymous Symbol]                       0x08002f8c   Section        0  stm32l4xx_hal_cortex.o(.text.NVIC_EncodePriority)
    [Anonymous Symbol]                       0x08002ff8   Section        0  os_systick.o(.text.OS_Tick_AcknowledgeIRQ)
    [Anonymous Symbol]                       0x08003004   Section        0  peripherals.o(.text.Peripheral_Encoder_CalculateVelocity)
    [Anonymous Symbol]                       0x08003080   Section        0  peripherals.o(.text.Peripheral_GPIO_EnableMotor)
    [Anonymous Symbol]                       0x08003090   Section        0  peripherals.o(.text.Peripheral_PWM_ActuateMotor)
    RCC_SetFlashLatencyFromMSIRange          0x08003101   Thumb Code   238  stm32l4xx_hal_rcc.o(.text.RCC_SetFlashLatencyFromMSIRange)
    [Anonymous Symbol]                       0x08003100   Section        0  stm32l4xx_hal_rcc.o(.text.RCC_SetFlashLatencyFromMSIRange)
    SetPendSV                                0x080031f1   Thumb Code    16  rtx_system.o(.text.SetPendSV)
    [Anonymous Symbol]                       0x080031f0   Section        0  rtx_system.o(.text.SetPendSV)
    SetPrivileged                            0x08003201   Thumb Code    52  rtx_thread.o(.text.SetPrivileged)
    [Anonymous Symbol]                       0x08003200   Section        0  rtx_thread.o(.text.SetPrivileged)
    StackOffsetR0                            0x08003235   Thumb Code    24  rtx_thread.o(.text.StackOffsetR0)
    [Anonymous Symbol]                       0x08003234   Section        0  rtx_thread.o(.text.StackOffsetR0)
    SysTick_Config                           0x0800324d   Thumb Code    82  stm32l4xx_hal_cortex.o(.text.SysTick_Config)
    [Anonymous Symbol]                       0x0800324c   Section        0  stm32l4xx_hal_cortex.o(.text.SysTick_Config)
    [Anonymous Symbol]                       0x080032a0   Section        0  main.o(.text.SystemClock_Config)
    [Anonymous Symbol]                       0x08003324   Section        0  system_stm32l4xx.o(.text.SystemInit)
    [Anonymous Symbol]                       0x08003338   Section        0  stm32l4xx_hal_tim.o(.text.TIM_Base_SetConfig)
    [Anonymous Symbol]                       0x080034d8   Section        0  stm32l4xx_hal_tim.o(.text.TIM_CCxChannelCmd)
    TIM_OC1_SetConfig                        0x08003511   Thumb Code   340  stm32l4xx_hal_tim.o(.text.TIM_OC1_SetConfig)
    [Anonymous Symbol]                       0x08003510   Section        0  stm32l4xx_hal_tim.o(.text.TIM_OC1_SetConfig)
    [Anonymous Symbol]                       0x08003664   Section        0  stm32l4xx_hal_tim.o(.text.TIM_OC2_SetConfig)
    TIM_OC3_SetConfig                        0x080037d5   Thumb Code   366  stm32l4xx_hal_tim.o(.text.TIM_OC3_SetConfig)
    [Anonymous Symbol]                       0x080037d4   Section        0  stm32l4xx_hal_tim.o(.text.TIM_OC3_SetConfig)
    TIM_OC4_SetConfig                        0x08003945   Thumb Code   220  stm32l4xx_hal_tim.o(.text.TIM_OC4_SetConfig)
    [Anonymous Symbol]                       0x08003944   Section        0  stm32l4xx_hal_tim.o(.text.TIM_OC4_SetConfig)
    TIM_OC5_SetConfig                        0x08003a21   Thumb Code   210  stm32l4xx_hal_tim.o(.text.TIM_OC5_SetConfig)
    [Anonymous Symbol]                       0x08003a20   Section        0  stm32l4xx_hal_tim.o(.text.TIM_OC5_SetConfig)
    TIM_OC6_SetConfig                        0x08003af5   Thumb Code   212  stm32l4xx_hal_tim.o(.text.TIM_OC6_SetConfig)
    [Anonymous Symbol]                       0x08003af4   Section        0  stm32l4xx_hal_tim.o(.text.TIM_OC6_SetConfig)
    TimerInsert                              0x08003bc9   Thumb Code   158  rtx_timer.o(.text.TimerInsert)
    [Anonymous Symbol]                       0x08003bc8   Section        0  rtx_timer.o(.text.TimerInsert)
    TimerUnlink                              0x08003c69   Thumb Code    40  rtx_timer.o(.text.TimerUnlink)
    [Anonymous Symbol]                       0x08003c68   Section        0  rtx_timer.o(.text.TimerUnlink)
    UnlockRecord                             0x08003c91   Thumb Code    86  eventrecorder.o(.text.UnlockRecord)
    [Anonymous Symbol]                       0x08003c90   Section        0  eventrecorder.o(.text.UnlockRecord)
    [Anonymous Symbol]                       0x08003ce8   Section        0  stm32l4xx_it.o(.text.UsageFault_Handler)
    __NVIC_GetPriorityGrouping               0x08003ced   Thumb Code    16  stm32l4xx_hal_cortex.o(.text.__NVIC_GetPriorityGrouping)
    [Anonymous Symbol]                       0x08003cec   Section        0  stm32l4xx_hal_cortex.o(.text.__NVIC_GetPriorityGrouping)
    __NVIC_SetPriority                       0x08003cfd   Thumb Code    66  stm32l4xx_hal_cortex.o(.text.__NVIC_SetPriority)
    [Anonymous Symbol]                       0x08003cfc   Section        0  stm32l4xx_hal_cortex.o(.text.__NVIC_SetPriority)
    __NVIC_SetPriorityGrouping               0x08003d41   Thumb Code    60  stm32l4xx_hal_cortex.o(.text.__NVIC_SetPriorityGrouping)
    [Anonymous Symbol]                       0x08003d40   Section        0  stm32l4xx_hal_cortex.o(.text.__NVIC_SetPriorityGrouping)
    atomic_cmp_xch_32                        0x08003d7d   Thumb Code    96  eventrecorder.o(.text.atomic_cmp_xch_32)
    [Anonymous Symbol]                       0x08003d7c   Section        0  eventrecorder.o(.text.atomic_cmp_xch_32)
    atomic_dec16_nz                          0x08003ddd   Thumb Code    44  rtx_system.o(.text.atomic_dec16_nz)
    [Anonymous Symbol]                       0x08003ddc   Section        0  rtx_system.o(.text.atomic_dec16_nz)
    atomic_dec32                             0x08003e09   Thumb Code    32  rtx_mempool.o(.text.atomic_dec32)
    [Anonymous Symbol]                       0x08003e08   Section        0  rtx_mempool.o(.text.atomic_dec32)
    atomic_dec32_nz                          0x08003e29   Thumb Code    40  rtx_msgqueue.o(.text.atomic_dec32_nz)
    [Anonymous Symbol]                       0x08003e28   Section        0  rtx_msgqueue.o(.text.atomic_dec32_nz)
    atomic_inc16_lim                         0x08003e51   Thumb Code    52  rtx_system.o(.text.atomic_inc16_lim)
    [Anonymous Symbol]                       0x08003e50   Section        0  rtx_system.o(.text.atomic_inc16_lim)
    atomic_inc16_lt                          0x08003e85   Thumb Code    56  rtx_system.o(.text.atomic_inc16_lt)
    [Anonymous Symbol]                       0x08003e84   Section        0  rtx_system.o(.text.atomic_inc16_lt)
    atomic_inc32                             0x08003ebd   Thumb Code    32  rtx_mempool.o(.text.atomic_inc32)
    [Anonymous Symbol]                       0x08003ebc   Section        0  rtx_mempool.o(.text.atomic_inc32)
    atomic_inc32                             0x08003edd   Thumb Code    32  rtx_msgqueue.o(.text.atomic_inc32)
    [Anonymous Symbol]                       0x08003edc   Section        0  rtx_msgqueue.o(.text.atomic_inc32)
    atomic_inc_32                            0x08003efd   Thumb Code    76  eventrecorder.o(.text.atomic_inc_32)
    [Anonymous Symbol]                       0x08003efc   Section        0  eventrecorder.o(.text.atomic_inc_32)
    atomic_inc_8                             0x08003f49   Thumb Code    88  eventrecorder.o(.text.atomic_inc_8)
    [Anonymous Symbol]                       0x08003f48   Section        0  eventrecorder.o(.text.atomic_inc_8)
    atomic_link_get                          0x08003fa1   Thumb Code    40  rtx_mempool.o(.text.atomic_link_get)
    [Anonymous Symbol]                       0x08003fa0   Section        0  rtx_mempool.o(.text.atomic_link_get)
    atomic_link_put                          0x08003fc9   Thumb Code    48  rtx_mempool.o(.text.atomic_link_put)
    [Anonymous Symbol]                       0x08003fc8   Section        0  rtx_mempool.o(.text.atomic_link_put)
    atomic_wr8                               0x08003ff9   Thumb Code    40  rtx_msgqueue.o(.text.atomic_wr8)
    [Anonymous Symbol]                       0x08003ff8   Section        0  rtx_msgqueue.o(.text.atomic_wr8)
    isrRtxMessageQueueGet                    0x08004021   Thumb Code   172  rtx_msgqueue.o(.text.isrRtxMessageQueueGet)
    [Anonymous Symbol]                       0x08004020   Section        0  rtx_msgqueue.o(.text.isrRtxMessageQueueGet)
    isrRtxMessageQueuePut                    0x080040cd   Thumb Code   188  rtx_msgqueue.o(.text.isrRtxMessageQueuePut)
    [Anonymous Symbol]                       0x080040cc   Section        0  rtx_msgqueue.o(.text.isrRtxMessageQueuePut)
    isr_queue_get                            0x08004189   Thumb Code    84  rtx_system.o(.text.isr_queue_get)
    [Anonymous Symbol]                       0x08004188   Section        0  rtx_system.o(.text.isr_queue_get)
    isr_queue_put                            0x080041dd   Thumb Code    94  rtx_system.o(.text.isr_queue_put)
    [Anonymous Symbol]                       0x080041dc   Section        0  rtx_system.o(.text.isr_queue_put)
    [Anonymous Symbol]                       0x0800423c   Section        0  main.o(.text.main)
    [Anonymous Symbol]                       0x08004264   Section        0  rtx_kernel.o(.text.osKernelGetTickCount)
    [Anonymous Symbol]                       0x080042a0   Section        0  rtx_msgqueue.o(.text.osMessageQueueGet)
    [Anonymous Symbol]                       0x08004320   Section        0  rtx_msgqueue.o(.text.osMessageQueuePut)
    [Anonymous Symbol]                       0x080043ac   Section        0  rtx_config.o(.text.osRtxErrorNotify)
    osRtxEventFlagsObject                    0x080043dd   Thumb Code    10  rtx_system.o(.text.osRtxEventFlagsObject)
    [Anonymous Symbol]                       0x080043dc   Section        0  rtx_system.o(.text.osRtxEventFlagsObject)
    [Anonymous Symbol]                       0x080043e8   Section        0  rtx_kernel.o(.text.osRtxKernelErrorNotify)
    osRtxKernelGetState                      0x08004405   Thumb Code    12  rtx_system.o(.text.osRtxKernelGetState)
    [Anonymous Symbol]                       0x08004404   Section        0  rtx_system.o(.text.osRtxKernelGetState)
    osRtxKernelGetState                      0x08004411   Thumb Code    12  rtx_thread.o(.text.osRtxKernelGetState)
    [Anonymous Symbol]                       0x08004410   Section        0  rtx_thread.o(.text.osRtxKernelGetState)
    [Anonymous Symbol]                       0x0800441c   Section        0  rtx_memory.o(.text.osRtxMemoryAlloc)
    [Anonymous Symbol]                       0x08004568   Section        0  rtx_memory.o(.text.osRtxMemoryFree)
    [Anonymous Symbol]                       0x0800462c   Section        0  rtx_mempool.o(.text.osRtxMemoryPoolAlloc)
    [Anonymous Symbol]                       0x08004678   Section        0  rtx_mempool.o(.text.osRtxMemoryPoolFree)
    [Anonymous Symbol]                       0x080046dc   Section        0  rtx_mempool.o(.text.osRtxMemoryPoolInit)
    osRtxMemoryPoolObject                    0x08004775   Thumb Code    10  rtx_system.o(.text.osRtxMemoryPoolObject)
    [Anonymous Symbol]                       0x08004774   Section        0  rtx_system.o(.text.osRtxMemoryPoolObject)
    osRtxMessageObject                       0x08004781   Thumb Code    10  rtx_system.o(.text.osRtxMessageObject)
    [Anonymous Symbol]                       0x08004780   Section        0  rtx_system.o(.text.osRtxMessageObject)
    osRtxMessageQueueId                      0x0800478d   Thumb Code    10  rtx_msgqueue.o(.text.osRtxMessageQueueId)
    [Anonymous Symbol]                       0x0800478c   Section        0  rtx_msgqueue.o(.text.osRtxMessageQueueId)
    osRtxMessageQueuePostProcess             0x08004799   Thumb Code   324  rtx_msgqueue.o(.text.osRtxMessageQueuePostProcess)
    [Anonymous Symbol]                       0x08004798   Section        0  rtx_msgqueue.o(.text.osRtxMessageQueuePostProcess)
    [Anonymous Symbol]                       0x080048dc   Section        0  rtx_msgqueue.o(.text.osRtxMessageQueueTimerSetup)
    osRtxMutexObject                         0x0800491d   Thumb Code    10  rtx_thread.o(.text.osRtxMutexObject)
    [Anonymous Symbol]                       0x0800491c   Section        0  rtx_thread.o(.text.osRtxMutexObject)
    [Anonymous Symbol]                       0x08004928   Section        0  rtx_mutex.o(.text.osRtxMutexOwnerRestore)
    osRtxObject                              0x080049d5   Thumb Code    10  rtx_msgqueue.o(.text.osRtxObject)
    [Anonymous Symbol]                       0x080049d4   Section        0  rtx_msgqueue.o(.text.osRtxObject)
    osRtxObject                              0x080049e1   Thumb Code    10  rtx_system.o(.text.osRtxObject)
    [Anonymous Symbol]                       0x080049e0   Section        0  rtx_system.o(.text.osRtxObject)
    osRtxObject                              0x080049ed   Thumb Code    10  rtx_thread.o(.text.osRtxObject)
    [Anonymous Symbol]                       0x080049ec   Section        0  rtx_thread.o(.text.osRtxObject)
    [Anonymous Symbol]                       0x080049f8   Section        0  rtx_system.o(.text.osRtxPendSV_Handler)
    [Anonymous Symbol]                       0x08004ab0   Section        0  rtx_system.o(.text.osRtxPostProcess)
    osRtxSemaphoreObject                     0x08004af5   Thumb Code    10  rtx_system.o(.text.osRtxSemaphoreObject)
    [Anonymous Symbol]                       0x08004af4   Section        0  rtx_system.o(.text.osRtxSemaphoreObject)
    osRtxThreadBlock                         0x08004b01   Thumb Code   136  rtx_thread.o(.text.osRtxThreadBlock)
    [Anonymous Symbol]                       0x08004b00   Section        0  rtx_thread.o(.text.osRtxThreadBlock)
    osRtxThreadDelayInsert                   0x08004b89   Thumb Code   250  rtx_thread.o(.text.osRtxThreadDelayInsert)
    [Anonymous Symbol]                       0x08004b88   Section        0  rtx_thread.o(.text.osRtxThreadDelayInsert)
    [Anonymous Symbol]                       0x08004c84   Section        0  rtx_thread.o(.text.osRtxThreadDelayRemove)
    [Anonymous Symbol]                       0x08004d20   Section        0  rtx_thread.o(.text.osRtxThreadDelayTick)
    [Anonymous Symbol]                       0x08004e70   Section        0  rtx_thread.o(.text.osRtxThreadDispatch)
    osRtxThreadGetRunning                    0x08004f09   Thumb Code    12  rtx_msgqueue.o(.text.osRtxThreadGetRunning)
    [Anonymous Symbol]                       0x08004f08   Section        0  rtx_msgqueue.o(.text.osRtxThreadGetRunning)
    osRtxThreadGetRunning                    0x08004f15   Thumb Code    12  rtx_thread.o(.text.osRtxThreadGetRunning)
    [Anonymous Symbol]                       0x08004f14   Section        0  rtx_thread.o(.text.osRtxThreadGetRunning)
    osRtxThreadGetRunning                    0x08004f21   Thumb Code    12  rtx_timer.o(.text.osRtxThreadGetRunning)
    [Anonymous Symbol]                       0x08004f20   Section        0  rtx_timer.o(.text.osRtxThreadGetRunning)
    [Anonymous Symbol]                       0x08004f2c   Section        0  rtx_thread.o(.text.osRtxThreadListGet)
    [Anonymous Symbol]                       0x08004f64   Section        0  rtx_thread.o(.text.osRtxThreadListPut)
    [Anonymous Symbol]                       0x08004fdc   Section        0  rtx_thread.o(.text.osRtxThreadListRemove)
    osRtxThreadListRoot                      0x08005011   Thumb Code    34  rtx_thread.o(.text.osRtxThreadListRoot)
    [Anonymous Symbol]                       0x08005010   Section        0  rtx_thread.o(.text.osRtxThreadListRoot)
    [Anonymous Symbol]                       0x08005034   Section        0  rtx_thread.o(.text.osRtxThreadListSort)
    osRtxThreadObject                        0x0800508d   Thumb Code    10  rtx_system.o(.text.osRtxThreadObject)
    [Anonymous Symbol]                       0x0800508c   Section        0  rtx_system.o(.text.osRtxThreadObject)
    osRtxThreadObject                        0x08005099   Thumb Code    10  rtx_thread.o(.text.osRtxThreadObject)
    [Anonymous Symbol]                       0x08005098   Section        0  rtx_thread.o(.text.osRtxThreadObject)
    [Anonymous Symbol]                       0x080050a4   Section        0  rtx_thread.o(.text.osRtxThreadReadyPut)
    [Anonymous Symbol]                       0x080050c4   Section        0  rtx_thread.o(.text.osRtxThreadRegPtr)
    osRtxThreadSetRunning                    0x080050e9   Thumb Code    20  rtx_timer.o(.text.osRtxThreadSetRunning)
    [Anonymous Symbol]                       0x080050e8   Section        0  rtx_timer.o(.text.osRtxThreadSetRunning)
    [Anonymous Symbol]                       0x080050fc   Section        0  rtx_thread.o(.text.osRtxThreadStackCheck)
    [Anonymous Symbol]                       0x08005138   Section        0  rtx_thread.o(.text.osRtxThreadSwitch)
    [Anonymous Symbol]                       0x08005168   Section        0  rtx_thread.o(.text.osRtxThreadWaitEnter)
    [Anonymous Symbol]                       0x080051e0   Section        0  rtx_thread.o(.text.osRtxThreadWaitExit)
    [Anonymous Symbol]                       0x08005228   Section        0  rtx_system.o(.text.osRtxTick_Handler)
    [Anonymous Symbol]                       0x08005338   Section        0  rtx_timer.o(.text.osRtxTimerSetup)
    [Anonymous Symbol]                       0x08005368   Section        0  rtx_timer.o(.text.osRtxTimerThread)
    osRtxTimerTick                           0x0800539d   Thumb Code   220  rtx_timer.o(.text.osRtxTimerTick)
    [Anonymous Symbol]                       0x0800539c   Section        0  rtx_timer.o(.text.osRtxTimerTick)
    svcRtxKernelGetTickCount                 0x08005479   Thumb Code    28  rtx_kernel.o(.text.svcRtxKernelGetTickCount)
    [Anonymous Symbol]                       0x08005478   Section        0  rtx_kernel.o(.text.svcRtxKernelGetTickCount)
    svcRtxMessageQueueGet                    0x08005495   Thumb Code   360  rtx_msgqueue.o(.text.svcRtxMessageQueueGet)
    [Anonymous Symbol]                       0x08005494   Section        0  rtx_msgqueue.o(.text.svcRtxMessageQueueGet)
    svcRtxMessageQueueNew                    0x080055fd   Thumb Code   656  rtx_msgqueue.o(.text.svcRtxMessageQueueNew)
    [Anonymous Symbol]                       0x080055fc   Section        0  rtx_msgqueue.o(.text.svcRtxMessageQueueNew)
    svcRtxMessageQueuePut                    0x0800588d   Thumb Code   348  rtx_msgqueue.o(.text.svcRtxMessageQueuePut)
    [Anonymous Symbol]                       0x0800588c   Section        0  rtx_msgqueue.o(.text.svcRtxMessageQueuePut)
    i.__scatterload_copy                     0x080059e8   Section       14  handlers.o(i.__scatterload_copy)
    i.__scatterload_null                     0x080059f6   Section        2  handlers.o(i.__scatterload_null)
    i.__scatterload_zeroinit                 0x080059f8   Section       14  handlers.o(i.__scatterload_zeroinit)
    __tagsym$$used.0                         0x08005a08   Number         0  rtx_lib.o(.rodata)
    __tagsym$$used.1                         0x08005a78   Number         0  rtx_lib.o(.rodata)
    __tagsym$$used.0                         0x08005ac0   Number         0  eventrecorder.o(.rodata.EventRecorderInfo)
    os_idle_thread_attr                      0x08005b0c   Data          36  rtx_lib.o(.rodata.os_idle_thread_attr)
    [Anonymous Symbol]                       0x08005b0c   Section        0  rtx_lib.o(.rodata.os_idle_thread_attr)
    os_timer_mq_attr                         0x08005b30   Data          24  rtx_lib.o(.rodata.os_timer_mq_attr)
    [Anonymous Symbol]                       0x08005b30   Section        0  rtx_lib.o(.rodata.os_timer_mq_attr)
    os_timer_thread_attr                     0x08005b48   Data          36  rtx_lib.o(.rodata.os_timer_thread_attr)
    [Anonymous Symbol]                       0x08005b48   Section        0  rtx_lib.o(.rodata.os_timer_thread_attr)
    .L.str                                   0x08005b6c   Data          11  rtx_kernel.o(.rodata.str1.1)
    [Anonymous Symbol]                       0x08005b6c   Section        0  rtx_kernel.o(.rodata.str1.1)
    Peripheral_Encoder_CalculateVelocity.lastcycle_encoder 0x200000c8   Data           2  peripherals.o(.bss.Peripheral_Encoder_CalculateVelocity.lastcycle_encoder)
    [Anonymous Symbol]                       0x200000c8   Section        0  peripherals.o(.bss.Peripheral_Encoder_CalculateVelocity.lastcycle_encoder)
    Peripheral_Encoder_CalculateVelocity.lastcycle_ms 0x200000cc   Data           4  peripherals.o(.bss.Peripheral_Encoder_CalculateVelocity.lastcycle_ms)
    [Anonymous Symbol]                       0x200000cc   Section        0  peripherals.o(.bss.Peripheral_Encoder_CalculateVelocity.lastcycle_ms)
    EventBuffer                              0x20000180   Data        1024  eventrecorder.o(.bss.noinit)
    [Anonymous Symbol]                       0x20000180   Section        0  eventrecorder.o(.bss.noinit)
    EventFilter                              0x20000580   Data         128  eventrecorder.o(.bss.noinit)
    EventStatus                              0x20000600   Data          36  eventrecorder.o(.bss.noinit)
    os_isr_queue                             0x20000628   Data          64  rtx_lib.o(.bss.os)
    [Anonymous Symbol]                       0x20000628   Section        0  rtx_lib.o(.bss.os)
    os_mem                                   0x20000668   Data       32768  rtx_lib.o(.bss.os)
    os_timer_mq_cb                           0x20008668   Data          52  rtx_lib.o(.bss.os.msgqueue.cb)
    [Anonymous Symbol]                       0x20008668   Section        0  rtx_lib.o(.bss.os.msgqueue.cb)
    os_timer_mq_data                         0x2000869c   Data          80  rtx_lib.o(.bss.os.msgqueue.mem)
    [Anonymous Symbol]                       0x2000869c   Section        0  rtx_lib.o(.bss.os.msgqueue.mem)
    os_idle_thread_cb                        0x200086ec   Data          80  rtx_lib.o(.bss.os.thread.cb)
    [Anonymous Symbol]                       0x200086ec   Section        0  rtx_lib.o(.bss.os.thread.cb)
    os_timer_thread_cb                       0x2000873c   Data          80  rtx_lib.o(.bss.os.thread.cb)
    os_idle_thread_stack                     0x20008790   Data         512  rtx_lib.o(.bss.os.thread.idle.stack)
    [Anonymous Symbol]                       0x20008790   Section        0  rtx_lib.o(.bss.os.thread.idle.stack)
    os_timer_thread_stack                    0x20008990   Data         512  rtx_lib.o(.bss.os.thread.timer.stack)
    [Anonymous Symbol]                       0x20008990   Section        0  rtx_lib.o(.bss.os.thread.timer.stack)
    STACK                                    0x20008bb0   Section     1024  startup_stm32l476xx.o(STACK)
    FPCCR                                    0xe000ef34   Number         0  irq_armv7m.o ABSOLUTE

    Global Symbols

    Symbol Name                              Value     Ov Type        Size  Object(Section)

    BuildAttributes$$THM_ISAv4$E$P$D$K$B$S$7EM$VFPi3$EXTD16$VFPS$VFMA$PE$A:L22UL41UL21$X:L11$S22US41US21$IEEE1$IW$~IW$USESV6$~STKCKD$USESV7$~SHL$OSPACE$EBA8$MICROLIB$REQ8$PRES8$EABIv2 0x00000000   Number         0  anon$$obj.o ABSOLUTE
    .bss.os.evflags.cb$$Base                  - Undefined Weak Reference
    .bss.os.evflags.cb$$Limit                 - Undefined Weak Reference
    .bss.os.mempool.cb$$Base                  - Undefined Weak Reference
    .bss.os.mempool.cb$$Limit                 - Undefined Weak Reference
    .bss.os.mutex.cb$$Base                    - Undefined Weak Reference
    .bss.os.mutex.cb$$Limit                   - Undefined Weak Reference
    .bss.os.semaphore.cb$$Base                - Undefined Weak Reference
    .bss.os.semaphore.cb$$Limit               - Undefined Weak Reference
    .bss.os.timer.cb$$Base                    - Undefined Weak Reference
    .bss.os.timer.cb$$Limit                   - Undefined Weak Reference
    __cpp_initialize__aeabi_                  - Undefined Weak Reference
    __cxa_finalize                            - Undefined Weak Reference
    __decompress                              - Undefined Weak Reference
    _clock_init                               - Undefined Weak Reference
    _microlib_exit                            - Undefined Weak Reference
    __Vectors_Size                           0x00000188   Number         0  startup_stm32l476xx.o ABSOLUTE
    __Vectors                                0x08000000   Data           4  startup_stm32l476xx.o(RESET)
    __Vectors_End                            0x08000188   Data           0  startup_stm32l476xx.o(RESET)
    __main                                   0x08000189   Thumb Code     0  entry.o(.ARM.Collect$$$$00000000)
    _main_stk                                0x08000189   Thumb Code     0  entry2.o(.ARM.Collect$$$$00000001)
    _main_scatterload                        0x0800018d   Thumb Code     0  entry5.o(.ARM.Collect$$$$00000004)
    __main_after_scatterload                 0x08000191   Thumb Code     0  entry5.o(.ARM.Collect$$$$00000004)
    _main_clock                              0x08000191   Thumb Code     0  entry7b.o(.ARM.Collect$$$$00000008)
    _main_cpp_init                           0x08000191   Thumb Code     0  entry8b.o(.ARM.Collect$$$$0000000A)
    _main_init                               0x08000191   Thumb Code     0  entry9a.o(.ARM.Collect$$$$0000000B)
    __rt_final_cpp                           0x08000199   Thumb Code     0  entry10a.o(.ARM.Collect$$$$0000000D)
    __rt_final_exit                          0x08000199   Thumb Code     0  entry11a.o(.ARM.Collect$$$$0000000F)
    SVC_Handler                              0x0800019d   Thumb Code   208  irq_armv7m.o(.text)
    PendSV_Handler                           0x0800026d   Thumb Code    16  irq_armv7m.o(.text)
    SysTick_Handler                          0x0800027d   Thumb Code    16  irq_armv7m.o(.text)
    Reset_Handler                            0x080002a9   Thumb Code     8  startup_stm32l476xx.o(.text)
    ADC1_2_IRQHandler                        0x080002c3   Thumb Code     0  startup_stm32l476xx.o(.text)
    ADC3_IRQHandler                          0x080002c3   Thumb Code     0  startup_stm32l476xx.o(.text)
    CAN1_RX0_IRQHandler                      0x080002c3   Thumb Code     0  startup_stm32l476xx.o(.text)
    CAN1_RX1_IRQHandler                      0x080002c3   Thumb Code     0  startup_stm32l476xx.o(.text)
    CAN1_SCE_IRQHandler                      0x080002c3   Thumb Code     0  startup_stm32l476xx.o(.text)
    CAN1_TX_IRQHandler                       0x080002c3   Thumb Code     0  startup_stm32l476xx.o(.text)
    COMP_IRQHandler                          0x080002c3   Thumb Code     0  startup_stm32l476xx.o(.text)
    DFSDM1_FLT0_IRQHandler                   0x080002c3   Thumb Code     0  startup_stm32l476xx.o(.text)
    DFSDM1_FLT1_IRQHandler                   0x080002c3   Thumb Code     0  startup_stm32l476xx.o(.text)
    DFSDM1_FLT2_IRQHandler                   0x080002c3   Thumb Code     0  startup_stm32l476xx.o(.text)
    DFSDM1_FLT3_IRQHandler                   0x080002c3   Thumb Code     0  startup_stm32l476xx.o(.text)
    DMA1_Channel1_IRQHandler                 0x080002c3   Thumb Code     0  startup_stm32l476xx.o(.text)
    DMA1_Channel2_IRQHandler                 0x080002c3   Thumb Code     0  startup_stm32l476xx.o(.text)
    DMA1_Channel3_IRQHandler                 0x080002c3   Thumb Code     0  startup_stm32l476xx.o(.text)
    DMA1_Channel4_IRQHandler                 0x080002c3   Thumb Code     0  startup_stm32l476xx.o(.text)
    DMA1_Channel5_IRQHandler                 0x080002c3   Thumb Code     0  startup_stm32l476xx.o(.text)
    DMA1_Channel6_IRQHandler                 0x080002c3   Thumb Code     0  startup_stm32l476xx.o(.text)
    DMA1_Channel7_IRQHandler                 0x080002c3   Thumb Code     0  startup_stm32l476xx.o(.text)
    DMA2_Channel1_IRQHandler                 0x080002c3   Thumb Code     0  startup_stm32l476xx.o(.text)
    DMA2_Channel2_IRQHandler                 0x080002c3   Thumb Code     0  startup_stm32l476xx.o(.text)
    DMA2_Channel3_IRQHandler                 0x080002c3   Thumb Code     0  startup_stm32l476xx.o(.text)
    DMA2_Channel4_IRQHandler                 0x080002c3   Thumb Code     0  startup_stm32l476xx.o(.text)
    DMA2_Channel5_IRQHandler                 0x080002c3   Thumb Code     0  startup_stm32l476xx.o(.text)
    DMA2_Channel6_IRQHandler                 0x080002c3   Thumb Code     0  startup_stm32l476xx.o(.text)
    DMA2_Channel7_IRQHandler                 0x080002c3   Thumb Code     0  startup_stm32l476xx.o(.text)
    EXTI0_IRQHandler                         0x080002c3   Thumb Code     0  startup_stm32l476xx.o(.text)
    EXTI15_10_IRQHandler                     0x080002c3   Thumb Code     0  startup_stm32l476xx.o(.text)
    EXTI1_IRQHandler                         0x080002c3   Thumb Code     0  startup_stm32l476xx.o(.text)
    EXTI2_IRQHandler                         0x080002c3   Thumb Code     0  startup_stm32l476xx.o(.text)
    EXTI3_IRQHandler                         0x080002c3   Thumb Code     0  startup_stm32l476xx.o(.text)
    EXTI4_IRQHandler                         0x080002c3   Thumb Code     0  startup_stm32l476xx.o(.text)
    EXTI9_5_IRQHandler                       0x080002c3   Thumb Code     0  startup_stm32l476xx.o(.text)
    FLASH_IRQHandler                         0x080002c3   Thumb Code     0  startup_stm32l476xx.o(.text)
    FMC_IRQHandler                           0x080002c3   Thumb Code     0  startup_stm32l476xx.o(.text)
    FPU_IRQHandler                           0x080002c3   Thumb Code     0  startup_stm32l476xx.o(.text)
    I2C1_ER_IRQHandler                       0x080002c3   Thumb Code     0  startup_stm32l476xx.o(.text)
    I2C1_EV_IRQHandler                       0x080002c3   Thumb Code     0  startup_stm32l476xx.o(.text)
    I2C2_ER_IRQHandler                       0x080002c3   Thumb Code     0  startup_stm32l476xx.o(.text)
    I2C2_EV_IRQHandler                       0x080002c3   Thumb Code     0  startup_stm32l476xx.o(.text)
    I2C3_ER_IRQHandler                       0x080002c3   Thumb Code     0  startup_stm32l476xx.o(.text)
    I2C3_EV_IRQHandler                       0x080002c3   Thumb Code     0  startup_stm32l476xx.o(.text)
    LCD_IRQHandler                           0x080002c3   Thumb Code     0  startup_stm32l476xx.o(.text)
    LPTIM1_IRQHandler                        0x080002c3   Thumb Code     0  startup_stm32l476xx.o(.text)
    LPTIM2_IRQHandler                        0x080002c3   Thumb Code     0  startup_stm32l476xx.o(.text)
    LPUART1_IRQHandler                       0x080002c3   Thumb Code     0  startup_stm32l476xx.o(.text)
    OTG_FS_IRQHandler                        0x080002c3   Thumb Code     0  startup_stm32l476xx.o(.text)
    PVD_PVM_IRQHandler                       0x080002c3   Thumb Code     0  startup_stm32l476xx.o(.text)
    QUADSPI_IRQHandler                       0x080002c3   Thumb Code     0  startup_stm32l476xx.o(.text)
    RCC_IRQHandler                           0x080002c3   Thumb Code     0  startup_stm32l476xx.o(.text)
    RNG_IRQHandler                           0x080002c3   Thumb Code     0  startup_stm32l476xx.o(.text)
    RTC_Alarm_IRQHandler                     0x080002c3   Thumb Code     0  startup_stm32l476xx.o(.text)
    RTC_WKUP_IRQHandler                      0x080002c3   Thumb Code     0  startup_stm32l476xx.o(.text)
    SAI1_IRQHandler                          0x080002c3   Thumb Code     0  startup_stm32l476xx.o(.text)
    SAI2_IRQHandler                          0x080002c3   Thumb Code     0  startup_stm32l476xx.o(.text)
    SDMMC1_IRQHandler                        0x080002c3   Thumb Code     0  startup_stm32l476xx.o(.text)
    SPI1_IRQHandler                          0x080002c3   Thumb Code     0  startup_stm32l476xx.o(.text)
    SPI2_IRQHandler                          0x080002c3   Thumb Code     0  startup_stm32l476xx.o(.text)
    SPI3_IRQHandler                          0x080002c3   Thumb Code     0  startup_stm32l476xx.o(.text)
    SWPMI1_IRQHandler                        0x080002c3   Thumb Code     0  startup_stm32l476xx.o(.text)
    TAMP_STAMP_IRQHandler                    0x080002c3   Thumb Code     0  startup_stm32l476xx.o(.text)
    TIM1_BRK_TIM15_IRQHandler                0x080002c3   Thumb Code     0  startup_stm32l476xx.o(.text)
    TIM1_CC_IRQHandler                       0x080002c3   Thumb Code     0  startup_stm32l476xx.o(.text)
    TIM1_TRG_COM_TIM17_IRQHandler            0x080002c3   Thumb Code     0  startup_stm32l476xx.o(.text)
    TIM1_UP_TIM16_IRQHandler                 0x080002c3   Thumb Code     0  startup_stm32l476xx.o(.text)
    TIM2_IRQHandler                          0x080002c3   Thumb Code     0  startup_stm32l476xx.o(.text)
    TIM3_IRQHandler                          0x080002c3   Thumb Code     0  startup_stm32l476xx.o(.text)
    TIM4_IRQHandler                          0x080002c3   Thumb Code     0  startup_stm32l476xx.o(.text)
    TIM5_IRQHandler                          0x080002c3   Thumb Code     0  startup_stm32l476xx.o(.text)
    TIM6_DAC_IRQHandler                      0x080002c3   Thumb Code     0  startup_stm32l476xx.o(.text)
    TIM7_IRQHandler                          0x080002c3   Thumb Code     0  startup_stm32l476xx.o(.text)
    TIM8_BRK_IRQHandler                      0x080002c3   Thumb Code     0  startup_stm32l476xx.o(.text)
    TIM8_CC_IRQHandler                       0x080002c3   Thumb Code     0  startup_stm32l476xx.o(.text)
    TIM8_TRG_COM_IRQHandler                  0x080002c3   Thumb Code     0  startup_stm32l476xx.o(.text)
    TIM8_UP_IRQHandler                       0x080002c3   Thumb Code     0  startup_stm32l476xx.o(.text)
    TSC_IRQHandler                           0x080002c3   Thumb Code     0  startup_stm32l476xx.o(.text)
    UART4_IRQHandler                         0x080002c3   Thumb Code     0  startup_stm32l476xx.o(.text)
    UART5_IRQHandler                         0x080002c3   Thumb Code     0  startup_stm32l476xx.o(.text)
    USART1_IRQHandler                        0x080002c3   Thumb Code     0  startup_stm32l476xx.o(.text)
    USART2_IRQHandler                        0x080002c3   Thumb Code     0  startup_stm32l476xx.o(.text)
    USART3_IRQHandler                        0x080002c3   Thumb Code     0  startup_stm32l476xx.o(.text)
    WWDG_IRQHandler                          0x080002c3   Thumb Code     0  startup_stm32l476xx.o(.text)
    __aeabi_memcpy                           0x080002cd   Thumb Code    36  memcpya.o(.text)
    __aeabi_memcpy4                          0x080002cd   Thumb Code     0  memcpya.o(.text)
    __aeabi_memcpy8                          0x080002cd   Thumb Code     0  memcpya.o(.text)
    __aeabi_memset                           0x080002f1   Thumb Code    14  memseta.o(.text)
    __aeabi_memset4                          0x080002f1   Thumb Code     0  memseta.o(.text)
    __aeabi_memset8                          0x080002f1   Thumb Code     0  memseta.o(.text)
    __aeabi_memclr                           0x080002ff   Thumb Code     4  memseta.o(.text)
    __aeabi_memclr4                          0x080002ff   Thumb Code     0  memseta.o(.text)
    __aeabi_memclr8                          0x080002ff   Thumb Code     0  memseta.o(.text)
    _memset$wrapper                          0x08000303   Thumb Code    18  memseta.o(.text)
    __scatterload                            0x08000315   Thumb Code    38  init.o(.text)
    __scatterload_rt2                        0x08000315   Thumb Code     0  init.o(.text)
    Application_Loop                         0x08000345   Thumb Code   244  application.o(.text.Application_Loop)
    Application_Setup                        0x08000439   Thumb Code    58  application.o(.text.Application_Setup)
    BusFault_Handler                         0x08000475   Thumb Code     4  stm32l4xx_it.o(.text.BusFault_Handler)
    Controller_PIController                  0x08000479   Thumb Code   302  controller.o(.text.Controller_PIController)
    Controller_Reset                         0x080005a9   Thumb Code    14  controller.o(.text.Controller_Reset)
    DebugMon_Handler                         0x080005b9   Thumb Code     2  stm32l4xx_it.o(.text.DebugMon_Handler)
    Error_Handler                            0x080005bd   Thumb Code     6  main.o(.text.Error_Handler)
    EventRecord2                             0x0800069d   Thumb Code    90  eventrecorder.o(.text.EventRecord2)
    EventRecord4                             0x080006f9   Thumb Code   150  eventrecorder.o(.text.EventRecord4)
    EventRecorderTimerGetCount               0x08000881   Thumb Code    12  eventrecorder.o(.text.EventRecorderTimerGetCount)
    EvrRtxDelayCompleted                     0x0800088d   Thumb Code    26  rtx_evr.o(.text.EvrRtxDelayCompleted)
    EvrRtxEventFlagsWaitTimeout              0x080008a9   Thumb Code    26  rtx_evr.o(.text.EvrRtxEventFlagsWaitTimeout)
    EvrRtxKernelErrorNotify                  0x080008c5   Thumb Code    24  rtx_evr.o(.text.EvrRtxKernelErrorNotify)
    EvrRtxKernelGetTickCount                 0x080008dd   Thumb Code    26  rtx_evr.o(.text.EvrRtxKernelGetTickCount)
    EvrRtxMemoryAlloc                        0x080008f9   Thumb Code    42  rtx_evr.o(.text.EvrRtxMemoryAlloc)
    EvrRtxMemoryBlockAlloc                   0x08000925   Thumb Code    28  rtx_evr.o(.text.EvrRtxMemoryBlockAlloc)
    EvrRtxMemoryBlockFree                    0x08000941   Thumb Code    40  rtx_evr.o(.text.EvrRtxMemoryBlockFree)
    EvrRtxMemoryBlockInit                    0x08000969   Thumb Code    42  rtx_evr.o(.text.EvrRtxMemoryBlockInit)
    EvrRtxMemoryFree                         0x08000995   Thumb Code    40  rtx_evr.o(.text.EvrRtxMemoryFree)
    EvrRtxMemoryPoolAllocTimeout             0x080009bd   Thumb Code    26  rtx_evr.o(.text.EvrRtxMemoryPoolAllocTimeout)
    EvrRtxMessageQueueCreated                0x080009d9   Thumb Code    28  rtx_evr.o(.text.EvrRtxMessageQueueCreated)
    EvrRtxMessageQueueError                  0x080009f5   Thumb Code    24  rtx_evr.o(.text.EvrRtxMessageQueueError)
    EvrRtxMessageQueueGet                    0x08000a0d   Thumb Code    42  rtx_evr.o(.text.EvrRtxMessageQueueGet)
    EvrRtxMessageQueueGetPending             0x08000a39   Thumb Code    40  rtx_evr.o(.text.EvrRtxMessageQueueGetPending)
    EvrRtxMessageQueueGetTimeout             0x08000a61   Thumb Code    26  rtx_evr.o(.text.EvrRtxMessageQueueGetTimeout)
    EvrRtxMessageQueueInsertPending          0x08000a7d   Thumb Code    28  rtx_evr.o(.text.EvrRtxMessageQueueInsertPending)
    EvrRtxMessageQueueInserted               0x08000a99   Thumb Code    28  rtx_evr.o(.text.EvrRtxMessageQueueInserted)
    EvrRtxMessageQueueNotInserted            0x08000ab5   Thumb Code    28  rtx_evr.o(.text.EvrRtxMessageQueueNotInserted)
    EvrRtxMessageQueueNotRetrieved           0x08000ad1   Thumb Code    28  rtx_evr.o(.text.EvrRtxMessageQueueNotRetrieved)
    EvrRtxMessageQueuePut                    0x08000aed   Thumb Code    46  rtx_evr.o(.text.EvrRtxMessageQueuePut)
    EvrRtxMessageQueuePutPending             0x08000b1d   Thumb Code    40  rtx_evr.o(.text.EvrRtxMessageQueuePutPending)
    EvrRtxMessageQueuePutTimeout             0x08000b45   Thumb Code    26  rtx_evr.o(.text.EvrRtxMessageQueuePutTimeout)
    EvrRtxMessageQueueRetrieved              0x08000b61   Thumb Code    28  rtx_evr.o(.text.EvrRtxMessageQueueRetrieved)
    EvrRtxMutexAcquireTimeout                0x08000b7d   Thumb Code    26  rtx_evr.o(.text.EvrRtxMutexAcquireTimeout)
    EvrRtxSemaphoreAcquireTimeout            0x08000b99   Thumb Code    26  rtx_evr.o(.text.EvrRtxSemaphoreAcquireTimeout)
    EvrRtxThreadBlocked                      0x08000bb5   Thumb Code    28  rtx_evr.o(.text.EvrRtxThreadBlocked)
    EvrRtxThreadFlagsWaitTimeout             0x08000bd1   Thumb Code    26  rtx_evr.o(.text.EvrRtxThreadFlagsWaitTimeout)
    EvrRtxThreadPreempted                    0x08000bed   Thumb Code    26  rtx_evr.o(.text.EvrRtxThreadPreempted)
    EvrRtxThreadSwitched                     0x08000c09   Thumb Code    26  rtx_evr.o(.text.EvrRtxThreadSwitched)
    EvrRtxThreadUnblocked                    0x08000c25   Thumb Code    28  rtx_evr.o(.text.EvrRtxThreadUnblocked)
    EvrRtxTimerCallback                      0x08000c41   Thumb Code    28  rtx_evr.o(.text.EvrRtxTimerCallback)
    HAL_GPIO_Init                            0x08000c85   Thumb Code   962  stm32l4xx_hal_gpio.o(.text.HAL_GPIO_Init)
    HAL_GPIO_WritePin                        0x08001049   Thumb Code    44  stm32l4xx_hal_gpio.o(.text.HAL_GPIO_WritePin)
    HAL_GetTick                              0x08001075   Thumb Code    12  stm32l4xx_hal.o(.text.HAL_GetTick)
    HAL_Init                                 0x08001081   Thumb Code    48  stm32l4xx_hal.o(.text.HAL_Init)
    HAL_InitTick                             0x080010b1   Thumb Code   136  stm32l4xx_hal.o(.text.HAL_InitTick)
    HAL_MspInit                              0x08001139   Thumb Code    94  stm32l4xx_hal_msp.o(.text.HAL_MspInit)
    HAL_NVIC_SetPriority                     0x08001199   Thumb Code    50  stm32l4xx_hal_cortex.o(.text.HAL_NVIC_SetPriority)
    HAL_NVIC_SetPriorityGrouping             0x080011cd   Thumb Code    16  stm32l4xx_hal_cortex.o(.text.HAL_NVIC_SetPriorityGrouping)
    HAL_PWREx_ControlVoltageScaling          0x080011dd   Thumb Code   228  stm32l4xx_hal_pwr_ex.o(.text.HAL_PWREx_ControlVoltageScaling)
    HAL_PWREx_GetVoltageRange                0x080012c1   Thumb Code    16  stm32l4xx_hal_pwr_ex.o(.text.HAL_PWREx_GetVoltageRange)
    HAL_RCC_ClockConfig                      0x080012d1   Thumb Code   674  stm32l4xx_hal_rcc.o(.text.HAL_RCC_ClockConfig)
    HAL_RCC_GetSysClockFreq                  0x08001575   Thumb Code   346  stm32l4xx_hal_rcc.o(.text.HAL_RCC_GetSysClockFreq)
    HAL_RCC_OscConfig                        0x080016d1   Thumb Code  2516  stm32l4xx_hal_rcc.o(.text.HAL_RCC_OscConfig)
    HAL_SYSTICK_Config                       0x080020a5   Thumb Code    16  stm32l4xx_hal_cortex.o(.text.HAL_SYSTICK_Config)
    HAL_TIMEx_MasterConfigSynchronization    0x080020b5   Thumb Code   330  stm32l4xx_hal_tim_ex.o(.text.HAL_TIMEx_MasterConfigSynchronization)
    HAL_TIM_Encoder_Init                     0x08002201   Thumb Code   308  stm32l4xx_hal_tim.o(.text.HAL_TIM_Encoder_Init)
    HAL_TIM_Encoder_MspInit                  0x08002335   Thumb Code   132  stm32l4xx_hal_msp.o(.text.HAL_TIM_Encoder_MspInit)
    HAL_TIM_Encoder_Start                    0x080023b9   Thumb Code   334  stm32l4xx_hal_tim.o(.text.HAL_TIM_Encoder_Start)
    HAL_TIM_MspPostInit                      0x08002509   Thumb Code   164  stm32l4xx_hal_msp.o(.text.HAL_TIM_MspPostInit)
    HAL_TIM_PWM_ConfigChannel                0x080025ad   Thumb Code   432  stm32l4xx_hal_tim.o(.text.HAL_TIM_PWM_ConfigChannel)
    HAL_TIM_PWM_Init                         0x0800275d   Thumb Code   168  stm32l4xx_hal_tim.o(.text.HAL_TIM_PWM_Init)
    HAL_TIM_PWM_MspInit                      0x08002805   Thumb Code    58  stm32l4xx_hal_msp.o(.text.HAL_TIM_PWM_MspInit)
    HAL_TIM_PWM_Start                        0x08002841   Thumb Code   624  stm32l4xx_hal_tim.o(.text.HAL_TIM_PWM_Start)
    HardFault_Handler                        0x08002ab1   Thumb Code     4  stm32l4xx_it.o(.text.HardFault_Handler)
    Main_GetTickMillisec                     0x08002e15   Thumb Code     8  main.o(.text.Main_GetTickMillisec)
    MemManage_Handler                        0x08002e41   Thumb Code     4  stm32l4xx_it.o(.text.MemManage_Handler)
    NMI_Handler                              0x08002f89   Thumb Code     4  stm32l4xx_it.o(.text.NMI_Handler)
    OS_Tick_AcknowledgeIRQ                   0x08002ff9   Thumb Code    12  os_systick.o(.text.OS_Tick_AcknowledgeIRQ)
    Peripheral_Encoder_CalculateVelocity     0x08003005   Thumb Code   122  peripherals.o(.text.Peripheral_Encoder_CalculateVelocity)
    Peripheral_GPIO_EnableMotor              0x08003081   Thumb Code    16  peripherals.o(.text.Peripheral_GPIO_EnableMotor)
    Peripheral_PWM_ActuateMotor              0x08003091   Thumb Code   112  peripherals.o(.text.Peripheral_PWM_ActuateMotor)
    SystemClock_Config                       0x080032a1   Thumb Code   132  main.o(.text.SystemClock_Config)
    SystemInit                               0x08003325   Thumb Code    18  system_stm32l4xx.o(.text.SystemInit)
    TIM_Base_SetConfig                       0x08003339   Thumb Code   416  stm32l4xx_hal_tim.o(.text.TIM_Base_SetConfig)
    TIM_CCxChannelCmd                        0x080034d9   Thumb Code    54  stm32l4xx_hal_tim.o(.text.TIM_CCxChannelCmd)
    TIM_OC2_SetConfig                        0x08003665   Thumb Code   368  stm32l4xx_hal_tim.o(.text.TIM_OC2_SetConfig)
    UsageFault_Handler                       0x08003ce9   Thumb Code     4  stm32l4xx_it.o(.text.UsageFault_Handler)
    main                                     0x0800423d   Thumb Code    40  main.o(.text.main)
    osKernelGetTickCount                     0x08004265   Thumb Code    58  rtx_kernel.o(.text.osKernelGetTickCount)
    osMessageQueueGet                        0x080042a1   Thumb Code   126  rtx_msgqueue.o(.text.osMessageQueueGet)
    osMessageQueuePut                        0x08004321   Thumb Code   138  rtx_msgqueue.o(.text.osMessageQueuePut)
    osRtxErrorNotify                         0x080043ad   Thumb Code    48  rtx_config.o(.text.osRtxErrorNotify)
    osRtxKernelErrorNotify                   0x080043e9   Thumb Code    28  rtx_kernel.o(.text.osRtxKernelErrorNotify)
    osRtxMemoryAlloc                         0x0800441d   Thumb Code   332  rtx_memory.o(.text.osRtxMemoryAlloc)
    osRtxMemoryFree                          0x08004569   Thumb Code   194  rtx_memory.o(.text.osRtxMemoryFree)
    osRtxMemoryPoolAlloc                     0x0800462d   Thumb Code    74  rtx_mempool.o(.text.osRtxMemoryPoolAlloc)
    osRtxMemoryPoolFree                      0x08004679   Thumb Code   100  rtx_mempool.o(.text.osRtxMemoryPoolFree)
    osRtxMemoryPoolInit                      0x080046dd   Thumb Code   152  rtx_mempool.o(.text.osRtxMemoryPoolInit)
    osRtxMessageQueueTimerSetup              0x080048dd   Thumb Code    62  rtx_msgqueue.o(.text.osRtxMessageQueueTimerSetup)
    osRtxMutexOwnerRestore                   0x08004929   Thumb Code   172  rtx_mutex.o(.text.osRtxMutexOwnerRestore)
    osRtxPendSV_Handler                      0x080049f9   Thumb Code   184  rtx_system.o(.text.osRtxPendSV_Handler)
    osRtxPostProcess                         0x08004ab1   Thumb Code    66  rtx_system.o(.text.osRtxPostProcess)
    osRtxThreadDelayRemove                   0x08004c85   Thumb Code   156  rtx_thread.o(.text.osRtxThreadDelayRemove)
    osRtxThreadDelayTick                     0x08004d21   Thumb Code   336  rtx_thread.o(.text.osRtxThreadDelayTick)
    osRtxThreadDispatch                      0x08004e71   Thumb Code   150  rtx_thread.o(.text.osRtxThreadDispatch)
    osRtxThreadListGet                       0x08004f2d   Thumb Code    54  rtx_thread.o(.text.osRtxThreadListGet)
    osRtxThreadListPut                       0x08004f65   Thumb Code   118  rtx_thread.o(.text.osRtxThreadListPut)
    osRtxThreadListRemove                    0x08004fdd   Thumb Code    50  rtx_thread.o(.text.osRtxThreadListRemove)
    osRtxThreadListSort                      0x08005035   Thumb Code    88  rtx_thread.o(.text.osRtxThreadListSort)
    osRtxThreadReadyPut                      0x080050a5   Thumb Code    32  rtx_thread.o(.text.osRtxThreadReadyPut)
    osRtxThreadRegPtr                        0x080050c5   Thumb Code    34  rtx_thread.o(.text.osRtxThreadRegPtr)
    osRtxThreadStackCheck                    0x080050fd   Thumb Code    60  rtx_thread.o(.text.osRtxThreadStackCheck)
    osRtxThreadSwitch                        0x08005139   Thumb Code    46  rtx_thread.o(.text.osRtxThreadSwitch)
    osRtxThreadWaitEnter                     0x08005169   Thumb Code   118  rtx_thread.o(.text.osRtxThreadWaitEnter)
    osRtxThreadWaitExit                      0x080051e1   Thumb Code    70  rtx_thread.o(.text.osRtxThreadWaitExit)
    osRtxTick_Handler                        0x08005229   Thumb Code   272  rtx_system.o(.text.osRtxTick_Handler)
    osRtxTimerSetup                          0x08005339   Thumb Code    48  rtx_timer.o(.text.osRtxTimerSetup)
    osRtxTimerThread                         0x08005369   Thumb Code    50  rtx_timer.o(.text.osRtxTimerThread)
    __scatterload_copy                       0x080059e9   Thumb Code    14  handlers.o(i.__scatterload_copy)
    __scatterload_null                       0x080059f7   Thumb Code     2  handlers.o(i.__scatterload_null)
    __scatterload_zeroinit                   0x080059f9   Thumb Code    14  handlers.o(i.__scatterload_zeroinit)
    osRtxConfig                              0x08005a08   Data         112  rtx_lib.o(.rodata)
    os_cb_sections                           0x08005a78   Data          56  rtx_lib.o(.rodata)
    AHBPrescTable                            0x08005ab0   Data          16  system_stm32l4xx.o(.rodata.AHBPrescTable)
    EventRecorderInfo                        0x08005ac0   Data          24  eventrecorder.o(.rodata.EventRecorderInfo)
    MSIRangeTable                            0x08005ad8   Data          48  system_stm32l4xx.o(.rodata.MSIRangeTable)
    osRtxUserSVC                             0x08005b08   Data           4  rtx_lib.o(.rodata.osRtxUserSVC)
    Region$$Table$$Base                      0x08005b78   Number         0  anon$$obj.o(Region$$Table)
    Region$$Table$$Limit                     0x08005b98   Number         0  anon$$obj.o(Region$$Table)
    Ki                                       0x20000000   Data           4  controller.o(.data.Ki)
    Kp                                       0x20000004   Data           4  controller.o(.data.Kp)
    SystemCoreClock                          0x20000008   Data           4  system_stm32l4xx.o(.data.SystemCoreClock)
    osRtxInfo                                0x2000000c   Data         164  rtx_kernel.o(.data.os)
    uwTickFreq                               0x200000b0   Data           1  stm32l4xx_hal.o(.data.uwTickFreq)
    uwTickPrio                               0x200000b4   Data           4  stm32l4xx_hal.o(.data.uwTickPrio)
    I                                        0x200000c0   Data           4  controller.o(.bss.I)
    P                                        0x200000c4   Data           4  controller.o(.bss.P)
    control                                  0x200000d0   Data           4  application.o(.bss.control)
    control_value                            0x200000d4   Data           4  controller.o(.bss.control_value)
    delta_ms                                 0x200000d8   Data           4  controller.o(.bss.delta_ms)
    difference_debug                         0x200000dc   Data           2  peripherals.o(.bss.difference_debug)
    encoder                                  0x200000de   Data           2  peripherals.o(.bss.encoder)
    err                                      0x200000e0   Data           4  controller.o(.bss.err)
    htim1                                    0x200000e4   Data          76  main.o(.bss.htim1)
    htim3                                    0x20000130   Data          76  main.o(.bss.htim3)
    millisec                                 0x2000017c   Data           4  application.o(.bss.millisec)
    .bss.os.msgqueue.cb$$Base                0x20008668   Number         0  rtx_lib.o(.bss.os.msgqueue.cb)
    .bss.os.msgqueue.cb$$Limit               0x2000869c   Number         0  rtx_lib.o(.bss.os.msgqueue.cb)
    .bss.os.thread.cb$$Base                  0x200086ec   Number         0  rtx_lib.o(.bss.os.thread.cb)
    .bss.os.thread.cb$$Limit                 0x2000878c   Number         0  rtx_lib.o(.bss.os.thread.cb)
    prev_ms                                  0x20008b90   Data           4  controller.o(.bss.prev_ms)
    reference                                0x20008b94   Data           4  application.o(.bss.reference)
    reset                                    0x20008b98   Data           1  controller.o(.bss.reset)
    scaled_vel                               0x20008b9c   Data           4  peripherals.o(.bss.scaled_vel)
    uwTick                                   0x20008ba0   Data           4  stm32l4xx_hal.o(.bss.uwTick)
    vel_debug                                0x20008ba4   Data           4  peripherals.o(.bss.vel_debug)
    velocity                                 0x20008ba8   Data           4  application.o(.bss.velocity)
    __initial_sp                             0x20008fb0   Data           0  startup_stm32l476xx.o(STACK)



==============================================================================

Memory Map of the image

  Image Entry point : 0x080002a9

  Load Region LR_1 (Base: 0x08000000, Size: 0x00005c50, Max: 0xffffffff, ABSOLUTE)

    Execution Region ER_RO (Exec base: 0x08000000, Load base: 0x08000000, Size: 0x00005b98, Max: 0xffffffff, ABSOLUTE)

    Exec Addr    Load Addr    Size         Type   Attr      Idx    E Section Name        Object

    0x08000000   0x08000000   0x00000188   Data   RO         2223    RESET               startup_stm32l476xx.o
    0x08000188   0x08000188   0x00000000   Code   RO         2245  * .ARM.Collect$$$$00000000  mc_w.l(entry.o)
    0x08000188   0x08000188   0x00000004   Code   RO         2260    .ARM.Collect$$$$00000001  mc_w.l(entry2.o)
    0x0800018c   0x0800018c   0x00000004   Code   RO         2263    .ARM.Collect$$$$00000004  mc_w.l(entry5.o)
    0x08000190   0x08000190   0x00000000   Code   RO         2265    .ARM.Collect$$$$00000008  mc_w.l(entry7b.o)
    0x08000190   0x08000190   0x00000000   Code   RO         2267    .ARM.Collect$$$$0000000A  mc_w.l(entry8b.o)
    0x08000190   0x08000190   0x00000008   Code   RO         2268    .ARM.Collect$$$$0000000B  mc_w.l(entry9a.o)
    0x08000198   0x08000198   0x00000000   Code   RO         2270    .ARM.Collect$$$$0000000D  mc_w.l(entry10a.o)
    0x08000198   0x08000198   0x00000000   Code   RO         2272    .ARM.Collect$$$$0000000F  mc_w.l(entry11a.o)
    0x08000198   0x08000198   0x00000004   Code   RO         2261    .ARM.Collect$$$$00002712  mc_w.l(entry2.o)
    0x0800019c   0x0800019c   0x0000010c   Code   RO          100    .text               irq_armv7m.o
    0x080002a8   0x080002a8   0x00000024   Code   RO         2224  * .text               startup_stm32l476xx.o
    0x080002cc   0x080002cc   0x00000024   Code   RO         2254    .text               mc_w.l(memcpya.o)
    0x080002f0   0x080002f0   0x00000024   Code   RO         2256    .text               mc_w.l(memseta.o)
    0x08000314   0x08000314   0x00000030   Code   RO         2274    .text               mc_w.l(init.o)
    0x08000344   0x08000344   0x000000f4   Code   RO            4    .text.Application_Loop  application.o
    0x08000438   0x08000438   0x0000003a   Code   RO            2    .text.Application_Setup  application.o
    0x08000472   0x08000472   0x00000002   PAD
    0x08000474   0x08000474   0x00000004   Code   RO           88    .text.BusFault_Handler  stm32l4xx_it.o
    0x08000478   0x08000478   0x0000012e   Code   RO           17    .text.Controller_PIController  controller.o
    0x080005a6   0x080005a6   0x00000002   PAD
    0x080005a8   0x080005a8   0x0000000e   Code   RO           19    .text.Controller_Reset  controller.o
    0x080005b6   0x080005b6   0x00000002   PAD
    0x080005b8   0x080005b8   0x00000002   Code   RO           92    .text.DebugMon_Handler  stm32l4xx_it.o
    0x080005ba   0x080005ba   0x00000002   PAD
    0x080005bc   0x080005bc   0x00000006   Code   RO           70    .text.Error_Handler  main.o
    0x080005c2   0x080005c2   0x00000002   PAD
    0x080005c4   0x080005c4   0x0000003c   Code   RO         1375    .text.EventCheckFilter  eventrecorder.o
    0x08000600   0x08000600   0x0000009a   Code   RO         1361    .text.EventGetTS    eventrecorder.o
    0x0800069a   0x0800069a   0x00000002   PAD
    0x0800069c   0x0800069c   0x0000005a   Code   RO         1379    .text.EventRecord2  eventrecorder.o
    0x080006f6   0x080006f6   0x00000002   PAD
    0x080006f8   0x080006f8   0x00000096   Code   RO         1381    .text.EventRecord4  eventrecorder.o
    0x0800078e   0x0800078e   0x00000002   PAD
    0x08000790   0x08000790   0x000000f0   Code   RO         1363    .text.EventRecordItem  eventrecorder.o
    0x08000880   0x08000880   0x0000000c   Code   RO         1353    .text.EventRecorderTimerGetCount  eventrecorder.o
    0x0800088c   0x0800088c   0x0000001a   Code   RO          370    .text.EvrRtxDelayCompleted  rtx_evr.o
    0x080008a6   0x080008a6   0x00000002   PAD
    0x080008a8   0x080008a8   0x0000001a   Code   RO          418    .text.EvrRtxEventFlagsWaitTimeout  rtx_evr.o
    0x080008c2   0x080008c2   0x00000002   PAD
    0x080008c4   0x080008c4   0x00000018   Code   RO          254    .text.EvrRtxKernelErrorNotify  rtx_evr.o
    0x080008dc   0x080008dc   0x0000001a   Code   RO          246    .text.EvrRtxKernelGetTickCount  rtx_evr.o
    0x080008f6   0x080008f6   0x00000002   PAD
    0x080008f8   0x080008f8   0x0000002a   Code   RO          198    .text.EvrRtxMemoryAlloc  rtx_evr.o
    0x08000922   0x08000922   0x00000002   PAD
    0x08000924   0x08000924   0x0000001c   Code   RO          204    .text.EvrRtxMemoryBlockAlloc  rtx_evr.o
    0x08000940   0x08000940   0x00000028   Code   RO          206    .text.EvrRtxMemoryBlockFree  rtx_evr.o
    0x08000968   0x08000968   0x0000002a   Code   RO          202    .text.EvrRtxMemoryBlockInit  rtx_evr.o
    0x08000992   0x08000992   0x00000002   PAD
    0x08000994   0x08000994   0x00000028   Code   RO          200    .text.EvrRtxMemoryFree  rtx_evr.o
    0x080009bc   0x080009bc   0x0000001a   Code   RO          496    .text.EvrRtxMemoryPoolAllocTimeout  rtx_evr.o
    0x080009d6   0x080009d6   0x00000002   PAD
    0x080009d8   0x080009d8   0x0000001c   Code   RO          524    .text.EvrRtxMessageQueueCreated  rtx_evr.o
    0x080009f4   0x080009f4   0x00000018   Code   RO          520    .text.EvrRtxMessageQueueError  rtx_evr.o
    0x08000a0c   0x08000a0c   0x0000002a   Code   RO          540    .text.EvrRtxMessageQueueGet  rtx_evr.o
    0x08000a36   0x08000a36   0x00000002   PAD
    0x08000a38   0x08000a38   0x00000028   Code   RO          542    .text.EvrRtxMessageQueueGetPending  rtx_evr.o
    0x08000a60   0x08000a60   0x0000001a   Code   RO          544    .text.EvrRtxMessageQueueGetTimeout  rtx_evr.o
    0x08000a7a   0x08000a7a   0x00000002   PAD
    0x08000a7c   0x08000a7c   0x0000001c   Code   RO          534    .text.EvrRtxMessageQueueInsertPending  rtx_evr.o
    0x08000a98   0x08000a98   0x0000001c   Code   RO          536    .text.EvrRtxMessageQueueInserted  rtx_evr.o
    0x08000ab4   0x08000ab4   0x0000001c   Code   RO          538    .text.EvrRtxMessageQueueNotInserted  rtx_evr.o
    0x08000ad0   0x08000ad0   0x0000001c   Code   RO          548    .text.EvrRtxMessageQueueNotRetrieved  rtx_evr.o
    0x08000aec   0x08000aec   0x0000002e   Code   RO          528    .text.EvrRtxMessageQueuePut  rtx_evr.o
    0x08000b1a   0x08000b1a   0x00000002   PAD
    0x08000b1c   0x08000b1c   0x00000028   Code   RO          530    .text.EvrRtxMessageQueuePutPending  rtx_evr.o
    0x08000b44   0x08000b44   0x0000001a   Code   RO          532    .text.EvrRtxMessageQueuePutTimeout  rtx_evr.o
    0x08000b5e   0x08000b5e   0x00000002   PAD
    0x08000b60   0x08000b60   0x0000001c   Code   RO          546    .text.EvrRtxMessageQueueRetrieved  rtx_evr.o
    0x08000b7c   0x08000b7c   0x0000001a   Code   RO          440    .text.EvrRtxMutexAcquireTimeout  rtx_evr.o
    0x08000b96   0x08000b96   0x00000002   PAD
    0x08000b98   0x08000b98   0x0000001a   Code   RO          468    .text.EvrRtxSemaphoreAcquireTimeout  rtx_evr.o
    0x08000bb2   0x08000bb2   0x00000002   PAD
    0x08000bb4   0x08000bb4   0x0000001c   Code   RO          304    .text.EvrRtxThreadBlocked  rtx_evr.o
    0x08000bd0   0x08000bd0   0x0000001a   Code   RO          354    .text.EvrRtxThreadFlagsWaitTimeout  rtx_evr.o
    0x08000bea   0x08000bea   0x00000002   PAD
    0x08000bec   0x08000bec   0x0000001a   Code   RO          308    .text.EvrRtxThreadPreempted  rtx_evr.o
    0x08000c06   0x08000c06   0x00000002   PAD
    0x08000c08   0x08000c08   0x0000001a   Code   RO          310    .text.EvrRtxThreadSwitched  rtx_evr.o
    0x08000c22   0x08000c22   0x00000002   PAD
    0x08000c24   0x08000c24   0x0000001c   Code   RO          306    .text.EvrRtxThreadUnblocked  rtx_evr.o
    0x08000c40   0x08000c40   0x0000001c   Code   RO          374    .text.EvrRtxTimerCallback  rtx_evr.o
    0x08000c5c   0x08000c5c   0x00000012   Code   RO         1377    .text.GetContext    eventrecorder.o
    0x08000c6e   0x08000c6e   0x00000002   PAD
    0x08000c70   0x08000c70   0x00000012   Code   RO         1385    .text.GetRecordIndex  eventrecorder.o
    0x08000c82   0x08000c82   0x00000002   PAD
    0x08000c84   0x08000c84   0x000003c2   Code   RO         1618    .text.HAL_GPIO_Init  stm32l4xx_hal_gpio.o
    0x08001046   0x08001046   0x00000002   PAD
    0x08001048   0x08001048   0x0000002c   Code   RO         1624    .text.HAL_GPIO_WritePin  stm32l4xx_hal_gpio.o
    0x08001074   0x08001074   0x0000000c   Code   RO         1445    .text.HAL_GetTick   stm32l4xx_hal.o
    0x08001080   0x08001080   0x00000030   Code   RO         1433    .text.HAL_Init      stm32l4xx_hal.o
    0x080010b0   0x080010b0   0x00000088   Code   RO         1435    .text.HAL_InitTick  stm32l4xx_hal.o
    0x08001138   0x08001138   0x0000005e   Code   RO         2203    .text.HAL_MspInit   stm32l4xx_hal_msp.o
    0x08001196   0x08001196   0x00000002   PAD
    0x08001198   0x08001198   0x00000032   Code   RO         1517    .text.HAL_NVIC_SetPriority  stm32l4xx_hal_cortex.o
    0x080011ca   0x080011ca   0x00000002   PAD
    0x080011cc   0x080011cc   0x00000010   Code   RO         1513    .text.HAL_NVIC_SetPriorityGrouping  stm32l4xx_hal_cortex.o
    0x080011dc   0x080011dc   0x000000e4   Code   RO         1682    .text.HAL_PWREx_ControlVoltageScaling  stm32l4xx_hal_pwr_ex.o
    0x080012c0   0x080012c0   0x00000010   Code   RO         1680    .text.HAL_PWREx_GetVoltageRange  stm32l4xx_hal_pwr_ex.o
    0x080012d0   0x080012d0   0x000002a2   Code   RO         1777    .text.HAL_RCC_ClockConfig  stm32l4xx_hal_rcc.o
    0x08001572   0x08001572   0x00000002   PAD
    0x08001574   0x08001574   0x0000015a   Code   RO         1775    .text.HAL_RCC_GetSysClockFreq  stm32l4xx_hal_rcc.o
    0x080016ce   0x080016ce   0x00000002   PAD
    0x080016d0   0x080016d0   0x000009d4   Code   RO         1771    .text.HAL_RCC_OscConfig  stm32l4xx_hal_rcc.o
    0x080020a4   0x080020a4   0x00000010   Code   RO         1537    .text.HAL_SYSTICK_Config  stm32l4xx_hal_cortex.o
    0x080020b4   0x080020b4   0x0000014a   Code   RO         2174    .text.HAL_TIMEx_MasterConfigSynchronization  stm32l4xx_hal_tim_ex.o
    0x080021fe   0x080021fe   0x00000002   PAD
    0x08002200   0x08002200   0x00000134   Code   RO         1971    .text.HAL_TIM_Encoder_Init  stm32l4xx_hal_tim.o
    0x08002334   0x08002334   0x00000084   Code   RO         2205    .text.HAL_TIM_Encoder_MspInit  stm32l4xx_hal_msp.o
    0x080023b8   0x080023b8   0x0000014e   Code   RO         1979    .text.HAL_TIM_Encoder_Start  stm32l4xx_hal_tim.o
    0x08002506   0x08002506   0x00000002   PAD
    0x08002508   0x08002508   0x000000a4   Code   RO         2209    .text.HAL_TIM_MspPostInit  stm32l4xx_hal_msp.o
    0x080025ac   0x080025ac   0x000001b0   Code   RO         2027    .text.HAL_TIM_PWM_ConfigChannel  stm32l4xx_hal_tim.o
    0x0800275c   0x0800275c   0x000000a8   Code   RO         1911    .text.HAL_TIM_PWM_Init  stm32l4xx_hal_tim.o
    0x08002804   0x08002804   0x0000003a   Code   RO         2207    .text.HAL_TIM_PWM_MspInit  stm32l4xx_hal_msp.o
    0x0800283e   0x0800283e   0x00000002   PAD
    0x08002840   0x08002840   0x00000270   Code   RO         1919    .text.HAL_TIM_PWM_Start  stm32l4xx_hal_tim.o
    0x08002ab0   0x08002ab0   0x00000004   Code   RO           84    .text.HardFault_Handler  stm32l4xx_it.o
    0x08002ab4   0x08002ab4   0x00000012   Code   RO         1393    .text.IncrementRecordsDumped  eventrecorder.o
    0x08002ac6   0x08002ac6   0x00000002   PAD
    0x08002ac8   0x08002ac8   0x00000012   Code   RO         1391    .text.IncrementRecordsWritten  eventrecorder.o
    0x08002ada   0x08002ada   0x00000002   PAD
    0x08002adc   0x08002adc   0x00000014   Code   RO          579    .text.IsException   rtx_kernel.o
    0x08002af0   0x08002af0   0x00000014   Code   RO          804    .text.IsException   rtx_msgqueue.o
    0x08002b04   0x08002b04   0x0000002e   Code   RO          581    .text.IsIrqMasked   rtx_kernel.o
    0x08002b32   0x08002b32   0x00000002   PAD
    0x08002b34   0x08002b34   0x0000002e   Code   RO          806    .text.IsIrqMasked   rtx_msgqueue.o
    0x08002b62   0x08002b62   0x00000002   PAD
    0x08002b64   0x08002b64   0x00000022   Code   RO          840    .text.IsMessageQueuePtrValid  rtx_msgqueue.o
    0x08002b86   0x08002b86   0x00000002   PAD
    0x08002b88   0x08002b88   0x0000008c   Code   RO         1387    .text.LockRecord    eventrecorder.o
    0x08002c14   0x08002c14   0x00000096   Code   RO           64    .text.MX_GPIO_Init  main.o
    0x08002caa   0x08002caa   0x00000002   PAD
    0x08002cac   0x08002cac   0x0000009e   Code   RO           66    .text.MX_TIM1_Init  main.o
    0x08002d4a   0x08002d4a   0x00000002   PAD
    0x08002d4c   0x08002d4c   0x000000c8   Code   RO           68    .text.MX_TIM3_Init  main.o
    0x08002e14   0x08002e14   0x00000008   Code   RO           58    .text.Main_GetTickMillisec  main.o
    0x08002e1c   0x08002e1c   0x00000018   Code   RO          706    .text.MemBlockPtr   rtx_memory.o
    0x08002e34   0x08002e34   0x0000000a   Code   RO          704    .text.MemHeadPtr    rtx_memory.o
    0x08002e3e   0x08002e3e   0x00000002   PAD
    0x08002e40   0x08002e40   0x00000004   Code   RO           86    .text.MemManage_Handler  stm32l4xx_it.o
    0x08002e44   0x08002e44   0x00000052   Code   RO          856    .text.MessageQueueGet  rtx_msgqueue.o
    0x08002e96   0x08002e96   0x00000002   PAD
    0x08002e98   0x08002e98   0x000000ac   Code   RO          848    .text.MessageQueuePut  rtx_msgqueue.o
    0x08002f44   0x08002f44   0x00000042   Code   RO          844    .text.MessageQueueRemove  rtx_msgqueue.o
    0x08002f86   0x08002f86   0x00000002   PAD
    0x08002f88   0x08002f88   0x00000004   Code   RO           82    .text.NMI_Handler   stm32l4xx_it.o
    0x08002f8c   0x08002f8c   0x0000006c   Code   RO         1523    .text.NVIC_EncodePriority  stm32l4xx_hal_cortex.o
    0x08002ff8   0x08002ff8   0x0000000c   Code   RO         1318    .text.OS_Tick_AcknowledgeIRQ  os_systick.o
    0x08003004   0x08003004   0x0000007a   Code   RO           43    .text.Peripheral_Encoder_CalculateVelocity  peripherals.o
    0x0800307e   0x0800307e   0x00000002   PAD
    0x08003080   0x08003080   0x00000010   Code   RO           37    .text.Peripheral_GPIO_EnableMotor  peripherals.o
    0x08003090   0x08003090   0x00000070   Code   RO           41    .text.Peripheral_PWM_ActuateMotor  peripherals.o
    0x08003100   0x08003100   0x000000ee   Code   RO         1773    .text.RCC_SetFlashLatencyFromMSIRange  stm32l4xx_hal_rcc.o
    0x080031ee   0x080031ee   0x00000002   PAD
    0x080031f0   0x080031f0   0x00000010   Code   RO         1009    .text.SetPendSV     rtx_system.o
    0x08003200   0x08003200   0x00000034   Code   RO         1054    .text.SetPrivileged  rtx_thread.o
    0x08003234   0x08003234   0x00000018   Code   RO         1050    .text.StackOffsetR0  rtx_thread.o
    0x0800324c   0x0800324c   0x00000052   Code   RO         1539    .text.SysTick_Config  stm32l4xx_hal_cortex.o
    0x0800329e   0x0800329e   0x00000002   PAD
    0x080032a0   0x080032a0   0x00000084   Code   RO           62    .text.SystemClock_Config  main.o
    0x08003324   0x08003324   0x00000012   Code   RO         2231    .text.SystemInit    system_stm32l4xx.o
    0x08003336   0x08003336   0x00000002   PAD
    0x08003338   0x08003338   0x000001a0   Code   RO         1861    .text.TIM_Base_SetConfig  stm32l4xx_hal_tim.o
    0x080034d8   0x080034d8   0x00000036   Code   RO         1895    .text.TIM_CCxChannelCmd  stm32l4xx_hal_tim.o
    0x0800350e   0x0800350e   0x00000002   PAD
    0x08003510   0x08003510   0x00000154   Code   RO         2005    .text.TIM_OC1_SetConfig  stm32l4xx_hal_tim.o
    0x08003664   0x08003664   0x00000170   Code   RO         2007    .text.TIM_OC2_SetConfig  stm32l4xx_hal_tim.o
    0x080037d4   0x080037d4   0x0000016e   Code   RO         2009    .text.TIM_OC3_SetConfig  stm32l4xx_hal_tim.o
    0x08003942   0x08003942   0x00000002   PAD
    0x08003944   0x08003944   0x000000dc   Code   RO         2011    .text.TIM_OC4_SetConfig  stm32l4xx_hal_tim.o
    0x08003a20   0x08003a20   0x000000d2   Code   RO         2013    .text.TIM_OC5_SetConfig  stm32l4xx_hal_tim.o
    0x08003af2   0x08003af2   0x00000002   PAD
    0x08003af4   0x08003af4   0x000000d4   Code   RO         2015    .text.TIM_OC6_SetConfig  stm32l4xx_hal_tim.o
    0x08003bc8   0x08003bc8   0x0000009e   Code   RO         1285    .text.TimerInsert   rtx_timer.o
    0x08003c66   0x08003c66   0x00000002   PAD
    0x08003c68   0x08003c68   0x00000028   Code   RO         1281    .text.TimerUnlink   rtx_timer.o
    0x08003c90   0x08003c90   0x00000056   Code   RO         1389    .text.UnlockRecord  eventrecorder.o
    0x08003ce6   0x08003ce6   0x00000002   PAD
    0x08003ce8   0x08003ce8   0x00000004   Code   RO           90    .text.UsageFault_Handler  stm32l4xx_it.o
    0x08003cec   0x08003cec   0x00000010   Code   RO         1519    .text.__NVIC_GetPriorityGrouping  stm32l4xx_hal_cortex.o
    0x08003cfc   0x08003cfc   0x00000042   Code   RO         1521    .text.__NVIC_SetPriority  stm32l4xx_hal_cortex.o
    0x08003d3e   0x08003d3e   0x00000002   PAD
    0x08003d40   0x08003d40   0x0000003c   Code   RO         1515    .text.__NVIC_SetPriorityGrouping  stm32l4xx_hal_cortex.o
    0x08003d7c   0x08003d7c   0x00000060   Code   RO         1383    .text.atomic_cmp_xch_32  eventrecorder.o
    0x08003ddc   0x08003ddc   0x0000002c   Code   RO         1011    .text.atomic_dec16_nz  rtx_system.o
    0x08003e08   0x08003e08   0x00000020   Code   RO          731    .text.atomic_dec32  rtx_mempool.o
    0x08003e28   0x08003e28   0x00000028   Code   RO          858    .text.atomic_dec32_nz  rtx_msgqueue.o
    0x08003e50   0x08003e50   0x00000034   Code   RO         1013    .text.atomic_inc16_lim  rtx_system.o
    0x08003e84   0x08003e84   0x00000038   Code   RO         1017    .text.atomic_inc16_lt  rtx_system.o
    0x08003ebc   0x08003ebc   0x00000020   Code   RO          725    .text.atomic_inc32  rtx_mempool.o
    0x08003edc   0x08003edc   0x00000020   Code   RO          850    .text.atomic_inc32  rtx_msgqueue.o
    0x08003efc   0x08003efc   0x0000004c   Code   RO         1395    .text.atomic_inc_32  eventrecorder.o
    0x08003f48   0x08003f48   0x00000058   Code   RO         1397    .text.atomic_inc_8  eventrecorder.o
    0x08003fa0   0x08003fa0   0x00000028   Code   RO          723    .text.atomic_link_get  rtx_mempool.o
    0x08003fc8   0x08003fc8   0x00000030   Code   RO          729    .text.atomic_link_put  rtx_mempool.o
    0x08003ff8   0x08003ff8   0x00000028   Code   RO          860    .text.atomic_wr8    rtx_msgqueue.o
    0x08004020   0x08004020   0x000000ac   Code   RO          818    .text.isrRtxMessageQueueGet  rtx_msgqueue.o
    0x080040cc   0x080040cc   0x000000bc   Code   RO          814    .text.isrRtxMessageQueuePut  rtx_msgqueue.o
    0x08004188   0x08004188   0x00000054   Code   RO          993    .text.isr_queue_get  rtx_system.o
    0x080041dc   0x080041dc   0x0000005e   Code   RO         1007    .text.isr_queue_put  rtx_system.o
    0x0800423a   0x0800423a   0x00000002   PAD
    0x0800423c   0x0800423c   0x00000028   Code   RO           60    .text.main          main.o
    0x08004264   0x08004264   0x0000003a   Code   RO          621    .text.osKernelGetTickCount  rtx_kernel.o
    0x0800429e   0x0800429e   0x00000002   PAD
    0x080042a0   0x080042a0   0x0000007e   Code   RO          816    .text.osMessageQueueGet  rtx_msgqueue.o
    0x0800431e   0x0800431e   0x00000002   PAD
    0x08004320   0x08004320   0x0000008a   Code   RO          812    .text.osMessageQueuePut  rtx_msgqueue.o
    0x080043aa   0x080043aa   0x00000002   PAD
    0x080043ac   0x080043ac   0x00000030   Code   RO         1340    .text.osRtxErrorNotify  rtx_config.o
    0x080043dc   0x080043dc   0x0000000a   Code   RO          997    .text.osRtxEventFlagsObject  rtx_system.o
    0x080043e6   0x080043e6   0x00000002   PAD
    0x080043e8   0x080043e8   0x0000001c   Code   RO          575    .text.osRtxKernelErrorNotify  rtx_kernel.o
    0x08004404   0x08004404   0x0000000c   Code   RO          989    .text.osRtxKernelGetState  rtx_system.o
    0x08004410   0x08004410   0x0000000c   Code   RO         1058    .text.osRtxKernelGetState  rtx_thread.o
    0x0800441c   0x0800441c   0x0000014c   Code   RO          708    .text.osRtxMemoryAlloc  rtx_memory.o
    0x08004568   0x08004568   0x000000c2   Code   RO          710    .text.osRtxMemoryFree  rtx_memory.o
    0x0800462a   0x0800462a   0x00000002   PAD
    0x0800462c   0x0800462c   0x0000004a   Code   RO          721    .text.osRtxMemoryPoolAlloc  rtx_mempool.o
    0x08004676   0x08004676   0x00000002   PAD
    0x08004678   0x08004678   0x00000064   Code   RO          727    .text.osRtxMemoryPoolFree  rtx_mempool.o
    0x080046dc   0x080046dc   0x00000098   Code   RO          719    .text.osRtxMemoryPoolInit  rtx_mempool.o
    0x08004774   0x08004774   0x0000000a   Code   RO         1001    .text.osRtxMemoryPoolObject  rtx_system.o
    0x0800477e   0x0800477e   0x00000002   PAD
    0x08004780   0x08004780   0x0000000a   Code   RO         1003    .text.osRtxMessageObject  rtx_system.o
    0x0800478a   0x0800478a   0x00000002   PAD
    0x0800478c   0x0800478c   0x0000000a   Code   RO          798    .text.osRtxMessageQueueId  rtx_msgqueue.o
    0x08004796   0x08004796   0x00000002   PAD
    0x08004798   0x08004798   0x00000144   Code   RO          842    .text.osRtxMessageQueuePostProcess  rtx_msgqueue.o
    0x080048dc   0x080048dc   0x0000003e   Code   RO          796    .text.osRtxMessageQueueTimerSetup  rtx_msgqueue.o
    0x0800491a   0x0800491a   0x00000002   PAD
    0x0800491c   0x0800491c   0x0000000a   Code   RO         1046    .text.osRtxMutexObject  rtx_thread.o
    0x08004926   0x08004926   0x00000002   PAD
    0x08004928   0x08004928   0x000000ac   Code   RO          881    .text.osRtxMutexOwnerRestore  rtx_mutex.o
    0x080049d4   0x080049d4   0x0000000a   Code   RO          846    .text.osRtxObject   rtx_msgqueue.o
    0x080049de   0x080049de   0x00000002   PAD
    0x080049e0   0x080049e0   0x0000000a   Code   RO         1015    .text.osRtxObject   rtx_system.o
    0x080049ea   0x080049ea   0x00000002   PAD
    0x080049ec   0x080049ec   0x0000000a   Code   RO         1034    .text.osRtxObject   rtx_thread.o
    0x080049f6   0x080049f6   0x00000002   PAD
    0x080049f8   0x080049f8   0x000000b8   Code   RO          991    .text.osRtxPendSV_Handler  rtx_system.o
    0x08004ab0   0x08004ab0   0x00000042   Code   RO         1005    .text.osRtxPostProcess  rtx_system.o
    0x08004af2   0x08004af2   0x00000002   PAD
    0x08004af4   0x08004af4   0x0000000a   Code   RO          999    .text.osRtxSemaphoreObject  rtx_system.o
    0x08004afe   0x08004afe   0x00000002   PAD
    0x08004b00   0x08004b00   0x00000088   Code   RO         1062    .text.osRtxThreadBlock  rtx_thread.o
    0x08004b88   0x08004b88   0x000000fa   Code   RO         1068    .text.osRtxThreadDelayInsert  rtx_thread.o
    0x08004c82   0x08004c82   0x00000002   PAD
    0x08004c84   0x08004c84   0x0000009c   Code   RO         1040    .text.osRtxThreadDelayRemove  rtx_thread.o
    0x08004d20   0x08004d20   0x00000150   Code   RO         1042    .text.osRtxThreadDelayTick  rtx_thread.o
    0x08004e70   0x08004e70   0x00000096   Code   RO         1056    .text.osRtxThreadDispatch  rtx_thread.o
    0x08004f06   0x08004f06   0x00000002   PAD
    0x08004f08   0x08004f08   0x0000000c   Code   RO          854    .text.osRtxThreadGetRunning  rtx_msgqueue.o
    0x08004f14   0x08004f14   0x0000000c   Code   RO         1060    .text.osRtxThreadGetRunning  rtx_thread.o
    0x08004f20   0x08004f20   0x0000000c   Code   RO         1279    .text.osRtxThreadGetRunning  rtx_timer.o
    0x08004f2c   0x08004f2c   0x00000036   Code   RO         1030    .text.osRtxThreadListGet  rtx_thread.o
    0x08004f62   0x08004f62   0x00000002   PAD
    0x08004f64   0x08004f64   0x00000076   Code   RO         1026    .text.osRtxThreadListPut  rtx_thread.o
    0x08004fda   0x08004fda   0x00000002   PAD
    0x08004fdc   0x08004fdc   0x00000032   Code   RO         1036    .text.osRtxThreadListRemove  rtx_thread.o
    0x0800500e   0x0800500e   0x00000002   PAD
    0x08005010   0x08005010   0x00000022   Code   RO         1044    .text.osRtxThreadListRoot  rtx_thread.o
    0x08005032   0x08005032   0x00000002   PAD
    0x08005034   0x08005034   0x00000058   Code   RO         1032    .text.osRtxThreadListSort  rtx_thread.o
    0x0800508c   0x0800508c   0x0000000a   Code   RO          995    .text.osRtxThreadObject  rtx_system.o
    0x08005096   0x08005096   0x00000002   PAD
    0x08005098   0x08005098   0x0000000a   Code   RO         1028    .text.osRtxThreadObject  rtx_thread.o
    0x080050a2   0x080050a2   0x00000002   PAD
    0x080050a4   0x080050a4   0x00000020   Code   RO         1038    .text.osRtxThreadReadyPut  rtx_thread.o
    0x080050c4   0x080050c4   0x00000022   Code   RO         1048    .text.osRtxThreadRegPtr  rtx_thread.o
    0x080050e6   0x080050e6   0x00000002   PAD
    0x080050e8   0x080050e8   0x00000014   Code   RO         1283    .text.osRtxThreadSetRunning  rtx_timer.o
    0x080050fc   0x080050fc   0x0000003c   Code   RO         1070    .text.osRtxThreadStackCheck  rtx_thread.o
    0x08005138   0x08005138   0x0000002e   Code   RO         1052    .text.osRtxThreadSwitch  rtx_thread.o
    0x08005166   0x08005166   0x00000002   PAD
    0x08005168   0x08005168   0x00000076   Code   RO         1066    .text.osRtxThreadWaitEnter  rtx_thread.o
    0x080051de   0x080051de   0x00000002   PAD
    0x080051e0   0x080051e0   0x00000046   Code   RO         1064    .text.osRtxThreadWaitExit  rtx_thread.o
    0x08005226   0x08005226   0x00000002   PAD
    0x08005228   0x08005228   0x00000110   Code   RO          987    .text.osRtxTick_Handler  rtx_system.o
    0x08005338   0x08005338   0x00000030   Code   RO         1255    .text.osRtxTimerSetup  rtx_timer.o
    0x08005368   0x08005368   0x00000032   Code   RO         1259    .text.osRtxTimerThread  rtx_timer.o
    0x0800539a   0x0800539a   0x00000002   PAD
    0x0800539c   0x0800539c   0x000000dc   Code   RO         1257    .text.osRtxTimerTick  rtx_timer.o
    0x08005478   0x08005478   0x0000001c   Code   RO          623    .text.svcRtxKernelGetTickCount  rtx_kernel.o
    0x08005494   0x08005494   0x00000168   Code   RO          862    .text.svcRtxMessageQueueGet  rtx_msgqueue.o
    0x080055fc   0x080055fc   0x00000290   Code   RO          800    .text.svcRtxMessageQueueNew  rtx_msgqueue.o
    0x0800588c   0x0800588c   0x0000015c   Code   RO          852    .text.svcRtxMessageQueuePut  rtx_msgqueue.o
    0x080059e8   0x080059e8   0x0000000e   Code   RO         2278    i.__scatterload_copy  mc_w.l(handlers.o)
    0x080059f6   0x080059f6   0x00000002   Code   RO         2279    i.__scatterload_null  mc_w.l(handlers.o)
    0x080059f8   0x080059f8   0x0000000e   Code   RO         2280    i.__scatterload_zeroinit  mc_w.l(handlers.o)
    0x08005a06   0x08005a06   0x00000002   PAD
    0x08005a08   0x08005a08   0x00000070   Data   RO          686    .rodata             rtx_lib.o
    0x08005a78   0x08005a78   0x00000038   Data   RO          689    .rodata             rtx_lib.o
    0x08005ab0   0x08005ab0   0x00000010   Data   RO         2236    .rodata.AHBPrescTable  system_stm32l4xx.o
    0x08005ac0   0x08005ac0   0x00000018   Data   RO         1400    .rodata.EventRecorderInfo  eventrecorder.o
    0x08005ad8   0x08005ad8   0x00000030   Data   RO         2238    .rodata.MSIRangeTable  system_stm32l4xx.o
    0x08005b08   0x08005b08   0x00000004   Data   RO          688    .rodata.osRtxUserSVC  rtx_lib.o
    0x08005b0c   0x08005b0c   0x00000024   Data   RO          683    .rodata.os_idle_thread_attr  rtx_lib.o
    0x08005b30   0x08005b30   0x00000018   Data   RO          685    .rodata.os_timer_mq_attr  rtx_lib.o
    0x08005b48   0x08005b48   0x00000024   Data   RO          684    .rodata.os_timer_thread_attr  rtx_lib.o
    0x08005b6c   0x08005b6c   0x0000000b   Data   RO          669    .rodata.str1.1      rtx_kernel.o
    0x08005b77   0x08005b77   0x00000001   PAD
    0x08005b78   0x08005b78   0x00000020   Data   RO         2277    Region$$Table       anon$$obj.o


    Execution Region ER_RW (Exec base: 0x20000000, Load base: 0x08005b98, Size: 0x000000b8, Max: 0xffffffff, ABSOLUTE)

    Exec Addr    Load Addr    Size         Type   Attr      Idx    E Section Name        Object

    0x20000000   0x08005b98   0x00000004   Data   RW           22    .data.Ki            controller.o
    0x20000004   0x08005b9c   0x00000004   Data   RW           21    .data.Kp            controller.o
    0x20000008   0x08005ba0   0x00000004   Data   RW         2235    .data.SystemCoreClock  system_stm32l4xx.o
    0x2000000c   0x08005ba4   0x000000a4   Data   RW          670    .data.os            rtx_kernel.o
    0x200000b0   0x08005c48   0x00000001   Data   RW         1504    .data.uwTickFreq    stm32l4xx_hal.o
    0x200000b1   0x08005c49   0x00000003   PAD
    0x200000b4   0x08005c4c   0x00000004   Data   RW         1503    .data.uwTickPrio    stm32l4xx_hal.o


    Execution Region ER_ZI (Exec base: 0x200000c0, Load base: 0x08005c50, Size: 0x00008ef0, Max: 0xffffffff, ABSOLUTE)

    Exec Addr    Load Addr    Size         Type   Attr      Idx    E Section Name        Object

    0x200000c0        -       0x00000004   Zero   RW           26    .bss.I              controller.o
    0x200000c4        -       0x00000004   Zero   RW           29    .bss.P              controller.o
    0x200000c8        -       0x00000002   Zero   RW           47    .bss.Peripheral_Encoder_CalculateVelocity.lastcycle_encoder  peripherals.o
    0x200000ca   0x08005c50   0x00000002   PAD
    0x200000cc        -       0x00000004   Zero   RW           48    .bss.Peripheral_Encoder_CalculateVelocity.lastcycle_ms  peripherals.o
    0x200000d0        -       0x00000004   Zero   RW            8    .bss.control        application.o
    0x200000d4        -       0x00000004   Zero   RW           27    .bss.control_value  controller.o
    0x200000d8        -       0x00000004   Zero   RW           24    .bss.delta_ms       controller.o
    0x200000dc        -       0x00000002   Zero   RW           50    .bss.difference_debug  peripherals.o
    0x200000de        -       0x00000002   Zero   RW           49    .bss.encoder        peripherals.o
    0x200000e0        -       0x00000004   Zero   RW           25    .bss.err            controller.o
    0x200000e4        -       0x0000004c   Zero   RW           72    .bss.htim1          main.o
    0x20000130        -       0x0000004c   Zero   RW           73    .bss.htim3          main.o
    0x2000017c        -       0x00000004   Zero   RW            9    .bss.millisec       application.o
    0x20000180        -       0x000004a4   Zero   RW         1399    .bss.noinit         eventrecorder.o
    0x20000624   0x08005c50   0x00000004   PAD
    0x20000628        -       0x00008040   Zero   RW          682    .bss.os             rtx_lib.o
    0x20008668        -       0x00000034   Zero   RW          693    .bss.os.msgqueue.cb  rtx_lib.o
    0x2000869c        -       0x00000050   Zero   RW          694    .bss.os.msgqueue.mem  rtx_lib.o
    0x200086ec        -       0x000000a0   Zero   RW          690    .bss.os.thread.cb   rtx_lib.o
    0x2000878c   0x08005c50   0x00000004   PAD
    0x20008790        -       0x00000200   Zero   RW          691    .bss.os.thread.idle.stack  rtx_lib.o
    0x20008990        -       0x00000200   Zero   RW          692    .bss.os.thread.timer.stack  rtx_lib.o
    0x20008b90        -       0x00000004   Zero   RW           23    .bss.prev_ms        controller.o
    0x20008b94        -       0x00000004   Zero   RW            6    .bss.reference      application.o
    0x20008b98        -       0x00000001   Zero   RW           28    .bss.reset          controller.o
    0x20008b99   0x08005c50   0x00000003   PAD
    0x20008b9c        -       0x00000004   Zero   RW           45    .bss.scaled_vel     peripherals.o
    0x20008ba0        -       0x00000004   Zero   RW         1505    .bss.uwTick         stm32l4xx_hal.o
    0x20008ba4        -       0x00000004   Zero   RW           46    .bss.vel_debug      peripherals.o
    0x20008ba8        -       0x00000004   Zero   RW            7    .bss.velocity       application.o
    0x20008bac   0x08005c50   0x00000004   PAD
    0x20008bb0        -       0x00000400   Zero   RW         2221    STACK               startup_stm32l476xx.o


==============================================================================

Image component sizes


      Code (inc. data)   RO Data    RW Data    ZI Data      Debug   Object Name

       302          0          0          0         16        882   application.o
       316          0          0          8         25       1191   controller.o
      1264          0         24          0       1188       8976   eventrecorder.o
       268         16          0          0          0        801   irq_armv7m.o
       694          0          0          0        152       7944   main.o
        12          0          0          0          0       4827   os_systick.o
       250          0          0          0         18       2421   peripherals.o
        48          6          0          0          0        716   rtx_config.o
       946          0          0          0          0      29630   rtx_evr.o
       180          0         11        164          0      18080   rtx_kernel.o
         0          0        268          0      34148       6085   rtx_lib.o
       560          0          0          0          0       2373   rtx_memory.o
       478          0          0          0          0      12701   rtx_mempool.o
      2938          0          0          0          0      15327   rtx_msgqueue.o
       172          0          0          0          0       9524   rtx_mutex.o
       940         10          0          0          0       6366   rtx_system.o
      1862          0          0          0          0      34119   rtx_thread.o
       548          0          0          0          0       9432   rtx_timer.o
        36          8        392          0       1024        880   startup_stm32l476xx.o
       196          0          0          5          4       8776   stm32l4xx_hal.o
       414          0          0          0          0       9825   stm32l4xx_hal_cortex.o
      1006          0          0          0          0       5648   stm32l4xx_hal_gpio.o
       448          0          0          0          0       8120   stm32l4xx_hal_msp.o
       244          0          0          0          0       8504   stm32l4xx_hal_pwr_ex.o
      3774          0          0          0          0      10255   stm32l4xx_hal_rcc.o
      4052         22          0          0          0      37192   stm32l4xx_hal_tim.o
       330          0          0          0          0      17082   stm32l4xx_hal_tim_ex.o
        22          0          0          0          0        833   stm32l4xx_it.o
        18          0         64          4          0       3058   system_stm32l4xx.o

    ----------------------------------------------------------------------
     22484         62        792        184      36592     281568   Object Totals
         0          0         32          0          0          0   (incl. Generated)
       166          0          1          3         17          0   (incl. Padding)

    ----------------------------------------------------------------------

      Code (inc. data)   RO Data    RW Data    ZI Data      Debug   Library Member Name

         0          0          0          0          0          0   entry.o
         0          0          0          0          0          0   entry10a.o
         0          0          0          0          0          0   entry11a.o
         8          4          0          0          0          0   entry2.o
         4          0          0          0          0          0   entry5.o
         0          0          0          0          0          0   entry7b.o
         0          0          0          0          0          0   entry8b.o
         8          4          0          0          0          0   entry9a.o
        30          0          0          0          0          0   handlers.o
        48         10          0          0          0         68   init.o
        36          0          0          0          0         68   memcpya.o
        36          0          0          0          0        108   memseta.o

    ----------------------------------------------------------------------
       172         18          0          0          0        244   Library Totals
         2          0          0          0          0          0   (incl. Padding)

    ----------------------------------------------------------------------

      Code (inc. data)   RO Data    RW Data    ZI Data      Debug   Library Name

       170         18          0          0          0        244   mc_w.l

    ----------------------------------------------------------------------
       172         18          0          0          0        244   Library Totals

    ----------------------------------------------------------------------

==============================================================================


      Code (inc. data)   RO Data    RW Data    ZI Data      Debug   

     22656         80        792        184      36592     281464   Grand Totals
     22656         80        792        184      36592     281464   ELF Image Totals
     22656         80        792        184          0          0   ROM Totals

==============================================================================

    Total RO  Size (Code + RO Data)                23448 (  22.90kB)
    Total RW  Size (RW Data + ZI Data)             36776 (  35.91kB)
    Total ROM Size (Code + RO Data + RW Data)      23632 (  23.08kB)

==============================================================================

