Component: Arm Compiler for Embedded 6.22 Tool: armlink [5ee90200]

==============================================================================

Section Cross References

    controller.o(.text.Controller_PIController) refers to controller.o(.bss.prev_ms) for prev_ms
    controller.o(.text.Controller_PIController) refers to controller.o(.bss.I) for I
    controller.o(.text.Controller_PIController) refers to controller.o(.bss.delta_ms) for delta_ms
    controller.o(.text.Controller_PIController) refers to controller.o(.data.Ki) for Ki
    controller.o(.text.Controller_PIController) refers to controller.o(.bss.err) for err
    controller.o(.text.Controller_PIController) refers to controller.o(.data.Kp) for Kp
    controller.o(.text.Controller_PIController) refers to controller.o(.bss.P) for P
    controller.o(.text.Controller_PIController) refers to controller.o(.bss.control_value) for control_value
    controller.o(.text.Controller_PIController) refers to controller.o(.bss.reset) for reset
    controller.o(.ARM.exidx.text.Controller_PIController) refers to controller.o(.text.Controller_PIController) for [Anonymous Symbol]
    controller.o(.text.Controller_Reset) refers to controller.o(.bss.reset) for reset
    controller.o(.ARM.exidx.text.Controller_Reset) refers to controller.o(.text.Controller_Reset) for [Anonymous Symbol]
    peripherals.o(.ARM.exidx.text.Peripheral_GPIO_EnableMotor) refers to peripherals.o(.text.Peripheral_GPIO_EnableMotor) for [Anonymous Symbol]
    peripherals.o(.ARM.exidx.text.Peripheral_GPIO_DisableMotor) refers to peripherals.o(.text.Peripheral_GPIO_DisableMotor) for [Anonymous Symbol]
    peripherals.o(.text.Peripheral_PWM_ActuateMotor) refers to peripherals.o(.bss.scaled_vel) for scaled_vel
    peripherals.o(.ARM.exidx.text.Peripheral_PWM_ActuateMotor) refers to peripherals.o(.text.Peripheral_PWM_ActuateMotor) for [Anonymous Symbol]
    peripherals.o(.text.Peripheral_Encoder_CalculateVelocity) refers to peripherals.o(.bss.Peripheral_Encoder_CalculateVelocity.lastcycle_encoder) for Peripheral_Encoder_CalculateVelocity.lastcycle_encoder
    peripherals.o(.text.Peripheral_Encoder_CalculateVelocity) refers to peripherals.o(.bss.encoder) for encoder
    peripherals.o(.text.Peripheral_Encoder_CalculateVelocity) refers to peripherals.o(.bss.difference_debug) for difference_debug
    peripherals.o(.text.Peripheral_Encoder_CalculateVelocity) refers to peripherals.o(.bss.vel_debug) for vel_debug
    peripherals.o(.ARM.exidx.text.Peripheral_Encoder_CalculateVelocity) refers to peripherals.o(.text.Peripheral_Encoder_CalculateVelocity) for [Anonymous Symbol]
    app-server.o(.text.Application_Setup) refers to app-server.o(.bss.reference) for reference
    app-server.o(.text.Application_Setup) refers to app-server.o(.bss.data) for data
    app-server.o(.text.Application_Setup) refers to app-server.o(.bss.control) for control
    app-server.o(.text.Application_Setup) refers to peripherals.o(.text.Peripheral_GPIO_EnableMotor) for Peripheral_GPIO_EnableMotor
    app-server.o(.text.Application_Setup) refers to controller.o(.text.Controller_Reset) for Controller_Reset
    app-server.o(.text.Application_Setup) refers to rtx_kernel.o(.text.osKernelInitialize) for osKernelInitialize
    app-server.o(.text.Application_Setup) refers to app-server.o(.text.app_ref) for app_ref
    app-server.o(.text.Application_Setup) refers to app-server.o(.rodata.ThreadAttr_ref) for ThreadAttr_ref
    app-server.o(.text.Application_Setup) refers to rtx_thread.o(.text.osThreadNew) for osThreadNew
    app-server.o(.text.Application_Setup) refers to app-server.o(.bss.T_ID1) for T_ID1
    app-server.o(.text.Application_Setup) refers to app-server.o(.text.app_com) for app_com
    app-server.o(.text.Application_Setup) refers to app-server.o(.rodata.ThreadAttr_com) for ThreadAttr_com
    app-server.o(.text.Application_Setup) refers to app-server.o(.bss.T_ID2) for T_ID2
    app-server.o(.text.Application_Setup) refers to app-server.o(.text.app_main) for app_main
    app-server.o(.text.Application_Setup) refers to app-server.o(.rodata.ThreadAttr_main) for ThreadAttr_main
    app-server.o(.text.Application_Setup) refers to app-server.o(.bss.T_ID3) for T_ID3
    app-server.o(.text.Application_Setup) refers to rtx_kernel.o(.text.osKernelStart) for osKernelStart
    app-server.o(.ARM.exidx.text.Application_Setup) refers to app-server.o(.text.Application_Setup) for [Anonymous Symbol]
    app-server.o(.text.callback_signal_flags) refers to app-server.o(.bss.T_ID1) for T_ID1
    app-server.o(.text.callback_signal_flags) refers to rtx_thread.o(.text.osThreadFlagsSet) for osThreadFlagsSet
    app-server.o(.ARM.exidx.text.callback_signal_flags) refers to app-server.o(.text.callback_signal_flags) for [Anonymous Symbol]
    app-server.o(.text.Application_Loop) refers to printf1.o(i.__0printf$1) for __2printf
    app-server.o(.text.Application_Loop) refers to socket.o(.text.socket) for socket
[...]
    os_idle_thread_attr                      0x080070ec   Data          36  rtx_lib.o(.rodata.os_idle_thread_attr)
    [Anonymous Symbol]                       0x080070ec   Section        0  rtx_lib.o(.rodata.os_idle_thread_attr)
    os_timer_mq_attr                         0x08007110   Data          24  rtx_lib.o(.rodata.os_timer_mq_attr)
    [Anonymous Symbol]                       0x08007110   Section        0  rtx_lib.o(.rodata.os_timer_mq_attr)
    os_timer_thread_attr                     0x08007128   Data          36  rtx_lib.o(.rodata.os_timer_thread_attr)
    [Anonymous Symbol]                       0x08007128   Section        0  rtx_lib.o(.rodata.os_timer_thread_attr)
    .L.str.6                                 0x0800714c   Data          26  app-server.o(.rodata.str1.1)
    [Anonymous Symbol]                       0x0800714c   Section        0  app-server.o(.rodata.str1.1)
    .L.str.12                                0x08007166   Data          35  app-server.o(.rodata.str1.1)
    .L.str.5                                 0x08007189   Data          31  app-server.o(.rodata.str1.1)
    .Lstr.15                                 0x080071a8   Data          67  app-server.o(.rodata.str1.1)
    .L.str                                   0x080071f8   Data          11  rtx_kernel.o(.rodata.str1.4)
    [Anonymous Symbol]                       0x080071f8   Section        0  rtx_kernel.o(.rodata.str1.4)
    .data                                    0x20000000   Section        4  stdout.o(.data)
    sock_any_port                            0x200000e0   Data           2  socket.o(.data.sock_any_port)
    [Anonymous Symbol]                       0x200000e0   Section        0  socket.o(.data.sock_any_port)
    _DHCP_                                   0x20000114   Data           1  wizchip_conf.o(.bss._DHCP_)
    [Anonymous Symbol]                       0x20000114   Section        0  wizchip_conf.o(.bss._DHCP_)
    _DNS_.0                                  0x20000115   Data           1  wizchip_conf.o(.bss._DNS_.0)
    [Anonymous Symbol]                       0x20000115   Section        0  wizchip_conf.o(.bss._DNS_.0)
    _DNS_.1                                  0x20000116   Data           1  wizchip_conf.o(.bss._DNS_.1)
    [Anonymous Symbol]                       0x20000116   Section        0  wizchip_conf.o(.bss._DNS_.1)
    _DNS_.2                                  0x20000117   Data           1  wizchip_conf.o(.bss._DNS_.2)
    [Anonymous Symbol]                       0x20000117   Section        0  wizchip_conf.o(.bss._DNS_.2)
    _DNS_.3                                  0x20000118   Data           1  wizchip_conf.o(.bss._DNS_.3)
    [Anonymous Symbol]                       0x20000118   Section        0  wizchip_conf.o(.bss._DNS_.3)
    EventBuffer                              0x20000240   Data        1024  eventrecorder.o(.bss.noinit)
    [Anonymous Symbol]                       0x20000240   Section        0  eventrecorder.o(.bss.noinit)
    EventFilter                              0x20000640   Data         128  eventrecorder.o(.bss.noinit)
    EventStatus                              0x200006c0   Data          36  eventrecorder.o(.bss.noinit)
    os_isr_queue                             0x200006e8   Data          64  rtx_lib.o(.bss.os)
    [Anonymous Symbol]                       0x200006e8   Section        0  rtx_lib.o(.bss.os)
    os_mem                                   0x20000728   Data       32768  rtx_lib.o(.bss.os)
    PendST                                   0x20008728   Data           1  os_systick.o(.bss.os)
    [Anonymous Symbol]                       0x20008728   Section        0  os_systick.o(.bss.os)
    os_timer_mq_cb                           0x2000872c   Data          52  rtx_lib.o(.bss.os.msgqueue.cb)
    [Anonymous Symbol]                       0x2000872c   Section        0  rtx_lib.o(.bss.os.msgqueue.cb)
    os_timer_mq_data                         0x20008760   Data          80  rtx_lib.o(.bss.os.msgqueue.mem)
    [Anonymous Symbol]                       0x20008760   Section        0  rtx_lib.o(.bss.os.msgqueue.mem)
    os_idle_thread_cb                        0x200087b0   Data          80  rtx_lib.o(.bss.os.thread.cb)
    [Anonymous Symbol]                       0x200087b0   Section        0  rtx_lib.o(.bss.os.thread.cb)
    os_timer_thread_cb                       0x20008800   Data          80  rtx_lib.o(.bss.os.thread.cb)
    os_idle_thread_stack                     0x20008850   Data         512  rtx_lib.o(.bss.os.thread.idle.stack)
    [Anonymous Symbol]                       0x20008850   Section        0  rtx_lib.o(.bss.os.thread.idle.stack)
    os_timer_thread_stack                    0x20008a50   Data         512  rtx_lib.o(.bss.os.thread.timer.stack)
    [Anonymous Symbol]                       0x20008a50   Section        0  rtx_lib.o(.bss.os.thread.timer.stack)
    sock_io_mode                             0x20008c5a   Data           2  socket.o(.bss.sock_io_mode)
    [Anonymous Symbol]                       0x20008c5a   Section        0  socket.o(.bss.sock_io_mode)
    sock_is_sending                          0x20008c5c   Data           2  socket.o(.bss.sock_is_sending)
    [Anonymous Symbol]                       0x20008c5c   Section        0  socket.o(.bss.sock_is_sending)
    sock_remained_size                       0x20008c66   Data          16  socket.o(.bss.sock_remained_size)
    [Anonymous Symbol]                       0x20008c66   Section        0  socket.o(.bss.sock_remained_size)
    STACK                                    0x20008c88   Section     1024  startup_stm32l476xx.o(STACK)
    FPCCR                                    0xe000ef34   Number         0  irq_armv7m.o ABSOLUTE

    Global Symbols

    Symbol Name                              Value     Ov Type        Size  Object(Section)

    BuildAttributes$$THM_ISAv4$E$P$D$K$B$S$7EM$VFPi3$EXTD16$VFPS$VFMA$PE$A:L22UL41UL21$X:L11$S22US41US21$IEEE1$IW$~IW$USESV6$~STKCKD$USESV7$~SHL$OTIME$ROPI$EBA8$MICROLIB$REQ8$PRES8$EABIv2 0x00000000   Number         0  anon$$obj.o ABSOLUTE
    _printf_a                                0x00000000   Number         0  printfstubs.o ABSOLUTE
    _printf_c                                0x00000000   Number         0  printfstubs.o ABSOLUTE
    _printf_charcount                        0x00000000   Number         0  printfstubs.o ABSOLUTE
    _printf_d                                0x00000000   Number         0  printfstubs.o ABSOLUTE
    _printf_e                                0x00000000   Number         0  printfstubs.o ABSOLUTE
    _printf_f                                0x00000000   Number         0  printfstubs.o ABSOLUTE
    _printf_flags                            0x00000000   Number         0  printfstubs.o ABSOLUTE
    _printf_fp_dec                           0x00000000   Number         0  printfstubs.o ABSOLUTE
    _printf_fp_hex                           0x00000000   Number         0  printfstubs.o ABSOLUTE
    _printf_g                                0x00000000   Number         0  printfstubs.o ABSOLUTE
    _printf_i                                0x00000000   Number         0  printfstubs.o ABSOLUTE
    _printf_int_dec                          0x00000000   Number         0  printfstubs.o ABSOLUTE
    _printf_l                                0x00000000   Number         0  printfstubs.o ABSOLUTE
    _printf_lc                               0x00000000   Number         0  printfstubs.o ABSOLUTE
    _printf_ll                               0x00000000   Number         0  printfstubs.o ABSOLUTE
    _printf_lld                              0x00000000   Number         0  printfstubs.o ABSOLUTE
    _printf_lli                              0x00000000   Number         0  printfstubs.o ABSOLUTE
    _printf_llo                              0x00000000   Number         0  printfstubs.o ABSOLUTE
    _printf_llu                              0x00000000   Number         0  printfstubs.o ABSOLUTE
    _printf_llx                              0x00000000   Number         0  printfstubs.o ABSOLUTE
    _printf_longlong_dec                     0x00000000   Number         0  printfstubs.o ABSOLUTE
    _printf_longlong_hex                     0x00000000   Number         0  printfstubs.o ABSOLUTE
    _printf_longlong_oct                     0x00000000   Number         0  printfstubs.o ABSOLUTE
    _printf_ls                               0x00000000   Number         0  printfstubs.o ABSOLUTE
    _printf_mbtowc                           0x00000000   Number         0  printfstubs.o ABSOLUTE
    _printf_n                                0x00000000   Number         0  printfstubs.o ABSOLUTE
    _printf_o                                0x00000000   Number         0  printfstubs.o ABSOLUTE
    _printf_p                                0x00000000   Number         0  printfstubs.o ABSOLUTE
    _printf_percent                          0x00000000   Number         0  printfstubs.o ABSOLUTE
    _printf_pre_padding                      0x00000000   Number         0  printfstubs.o ABSOLUTE
    _printf_return_value                     0x00000000   Number         0  printfstubs.o ABSOLUTE
    _printf_s                                0x00000000   Number         0  printfstubs.o ABSOLUTE
    _printf_sizespec                         0x00000000   Number         0  printfstubs.o ABSOLUTE
    _printf_str                              0x00000000   Number         0  printfstubs.o ABSOLUTE
    _printf_truncate_signed                  0x00000000   Number         0  printfstubs.o ABSOLUTE
    _printf_truncate_unsigned                0x00000000   Number         0  printfstubs.o ABSOLUTE
    _printf_u                                0x00000000   Number         0  printfstubs.o ABSOLUTE
    _printf_wc                               0x00000000   Number         0  printfstubs.o ABSOLUTE
    _printf_wctomb                           0x00000000   Number         0  printfstubs.o ABSOLUTE
    _printf_widthprec                        0x00000000   Number         0  printfstubs.o ABSOLUTE
    _printf_x                                0x00000000   Number         0  printfstubs.o ABSOLUTE
    .bss.os.evflags.cb$$Base                  - Undefined Weak Reference
    .bss.os.evflags.cb$$Limit                 - Undefined Weak Reference
    .bss.os.mempool.cb$$Base                  - Undefined Weak Reference
    .bss.os.mempool.cb$$Limit                 - Undefined Weak Reference
    .bss.os.mutex.cb$$Base                    - Undefined Weak Reference
    .bss.os.mutex.cb$$Limit                   - Undefined Weak Reference
    .bss.os.semaphore.cb$$Base                - Undefined Weak Reference
    .bss.os.semaphore.cb$$Limit               - Undefined Weak Reference
    .bss.os.timer.cb$$Base                    - Undefined Weak Reference
    .bss.os.timer.cb$$Limit                   - Undefined Weak Reference
    __cpp_initialize__aeabi_                  - Undefined Weak Reference
    __cxa_finalize                            - Undefined Weak Reference
    __decompress                              - Undefined Weak Reference
    _clock_init                               - Undefined Weak Reference
    _microlib_exit                            - Undefined Weak Reference
    __Vectors_Size                           0x00000188   Number         0  startup_stm32l476xx.o ABSOLUTE
    __Vectors                                0x08000000   Data           4  startup_stm32l476xx.o(RESET)
    __Vectors_End                            0x08000188   Data           0  startup_stm32l476xx.o(RESET)
    __main                                   0x08000189   Thumb Code     0  entry.o(.ARM.Collect$$$$00000000)
    _main_stk                                0x08000189   Thumb Code     0  entry2.o(.ARM.Collect$$$$00000001)
    _main_scatterload                        0x0800018d   Thumb Code     0  entry5.o(.ARM.Collect$$$$00000004)
    __main_after_scatterload                 0x08000191   Thumb Code     0  entry5.o(.ARM.Collect$$$$00000004)
    _main_clock                              0x08000191   Thumb Code     0  entry7b.o(.ARM.Collect$$$$00000008)
    _main_cpp_init                           0x08000191   Thumb Code     0  entry8b.o(.ARM.Collect$$$$0000000A)
    _main_init                               0x08000191   Thumb Code     0  entry9a.o(.ARM.Collect$$$$0000000B)
    __rt_final_cpp                           0x08000199   Thumb Code     0  entry10a.o(.ARM.Collect$$$$0000000D)
    __rt_final_exit                          0x08000199   Thumb Code     0  entry11a.o(.ARM.Collect$$$$0000000F)
    SVC_Handler                              0x0800019d   Thumb Code   208  irq_armv7m.o(.text)
    PendSV_Handler                           0x0800026d   Thumb Code    16  irq_armv7m.o(.text)
    SysTick_Handler                          0x0800027d   Thumb Code    16  irq_armv7m.o(.text)
    Reset_Handler                            0x080002a9   Thumb Code     8  startup_stm32l476xx.o(.text)
    ADC1_2_IRQHandler                        0x080002c3   Thumb Code     0  startup_stm32l476xx.o(.text)
    ADC3_IRQHandler                          0x080002c3   Thumb Code     0  startup_stm32l476xx.o(.text)
    CAN1_RX0_IRQHandler                      0x080002c3   Thumb Code     0  startup_stm32l476xx.o(.text)
    CAN1_RX1_IRQHandler                      0x080002c3   Thumb Code     0  startup_stm32l476xx.o(.text)
    CAN1_SCE_IRQHandler                      0x080002c3   Thumb Code     0  startup_stm32l476xx.o(.text)
    CAN1_TX_IRQHandler                       0x080002c3   Thumb Code     0  startup_stm32l476xx.o(.text)
    COMP_IRQHandler                          0x080002c3   Thumb Code     0  startup_stm32l476xx.o(.text)
    DFSDM1_FLT0_IRQHandler                   0x080002c3   Thumb Code     0  startup_stm32l476xx.o(.text)
    DFSDM1_FLT1_IRQHandler                   0x080002c3   Thumb Code     0  startup_stm32l476xx.o(.text)
    DFSDM1_FLT2_IRQHandler                   0x080002c3   Thumb Code     0  startup_stm32l476xx.o(.text)
    DFSDM1_FLT3_IRQHandler                   0x080002c3   Thumb Code     0  startup_stm32l476xx.o(.text)
    DMA1_Channel1_IRQHandler                 0x080002c3   Thumb Code     0  startup_stm32l476xx.o(.text)
    DMA1_Channel2_IRQHandler                 0x080002c3   Thumb Code     0  startup_stm32l476xx.o(.text)
    DMA1_Channel3_IRQHandler                 0x080002c3   Thumb Code     0  startup_stm32l476xx.o(.text)
    DMA1_Channel4_IRQHandler                 0x080002c3   Thumb Code     0  startup_stm32l476xx.o(.text)
    DMA1_Channel5_IRQHandler                 0x080002c3   Thumb Code     0  startup_stm32l476xx.o(.text)
    DMA1_Channel6_IRQHandler                 0x080002c3   Thumb Code     0  startup_stm32l476xx.o(.text)
    DMA1_Channel7_IRQHandler                 0x080002c3   Thumb Code     0  startup_stm32l476xx.o(.text)
    DMA2_Channel1_IRQHandler                 0x080002c3   Thumb Code     0  startup_stm32l476xx.o(.text)
    DMA2_Channel2_IRQHandler                 0x080002c3   Thumb Code     0  startup_stm32l476xx.o(.text)
    DMA2_Channel3_IRQHandler                 0x080002c3   Thumb Code     0  startup_stm32l476xx.o(.text)
    DMA2_Channel4_IRQHandler                 0x080002c3   Thumb Code     0  startup_stm32l476xx.o(.text)
    DMA2_Channel5_IRQHandler                 0x080002c3   Thumb Code     0  startup_stm32l476xx.o(.text)
    DMA2_Channel6_IRQHandler                 0x080002c3   Thumb Code     0  startup_stm32l476xx.o(.text)
    DMA2_Channel7_IRQHandler                 0x080002c3   Thumb Code     0  startup_stm32l476xx.o(.text)
    EXTI0_IRQHandler                         0x080002c3   Thumb Code     0  startup_stm32l476xx.o(.text)
    EXTI15_10_IRQHandler                     0x080002c3   Thumb Code     0  startup_stm32l476xx.o(.text)
    EXTI1_IRQHandler                         0x080002c3   Thumb Code     0  startup_stm32l476xx.o(.text)
    EXTI2_IRQHandler                         0x080002c3   Thumb Code     0  startup_stm32l476xx.o(.text)
    EXTI3_IRQHandler                         0x080002c3   Thumb Code     0  startup_stm32l476xx.o(.text)
    EXTI4_IRQHandler                         0x080002c3   Thumb Code     0  startup_stm32l476xx.o(.text)
    EXTI9_5_IRQHandler                       0x080002c3   Thumb Code     0  startup_stm32l476xx.o(.text)
    FLASH_IRQHandler                         0x080002c3   Thumb Code     0  startup_stm32l476xx.o(.text)
    FMC_IRQHandler                           0x080002c3   Thumb Code     0  startup_stm32l476xx.o(.text)
    FPU_IRQHandler                           0x080002c3   Thumb Code     0  startup_stm32l476xx.o(.text)
    I2C1_ER_IRQHandler                       0x080002c3   Thumb Code     0  startup_stm32l476xx.o(.text)
    I2C1_EV_IRQHandler                       0x080002c3   Thumb Code     0  startup_stm32l476xx.o(.text)
    I2C2_ER_IRQHandler                       0x080002c3   Thumb Code     0  startup_stm32l476xx.o(.text)
    I2C2_EV_IRQHandler                       0x080002c3   Thumb Code     0  startup_stm32l476xx.o(.text)
    I2C3_ER_IRQHandler                       0x080002c3   Thumb Code     0  startup_stm32l476xx.o(.text)
    I2C3_EV_IRQHandler                       0x080002c3   Thumb Code     0  startup_stm32l476xx.o(.text)
    LCD_IRQHandler                           0x080002c3   Thumb Code     0  startup_stm32l476xx.o(.text)
    LPTIM1_IRQHandler                        0x080002c3   Thumb Code     0  startup_stm32l476xx.o(.text)
    LPTIM2_IRQHandler                        0x080002c3   Thumb Code     0  startup_stm32l476xx.o(.text)
    LPUART1_IRQHandler                       0x080002c3   Thumb Code     0  startup_stm32l476xx.o(.text)
    OTG_FS_IRQHandler                        0x080002c3   Thumb Code     0  startup_stm32l476xx.o(.text)
    PVD_PVM_IRQHandler                       0x080002c3   Thumb Code     0  startup_stm32l476xx.o(.text)
    QUADSPI_IRQHandler                       0x080002c3   Thumb Code     0  startup_stm32l476xx.o(.text)
    RCC_IRQHandler                           0x080002c3   Thumb Code     0  startup_stm32l476xx.o(.text)
    RNG_IRQHandler                           0x080002c3   Thumb Code     0  startup_stm32l476xx.o(.text)
    RTC_Alarm_IRQHandler                     0x080002c3   Thumb Code     0  startup_stm32l476xx.o(.text)
    RTC_WKUP_IRQHandler                      0x080002c3   Thumb Code     0  startup_stm32l476xx.o(.text)
    SAI1_IRQHandler                          0x080002c3   Thumb Code     0  startup_stm32l476xx.o(.text)
    SAI2_IRQHandler                          0x080002c3   Thumb Code     0  startup_stm32l476xx.o(.text)
    SDMMC1_IRQHandler                        0x080002c3   Thumb Code     0  startup_stm32l476xx.o(.text)
    SPI1_IRQHandler                          0x080002c3   Thumb Code     0  startup_stm32l476xx.o(.text)
    SPI2_IRQHandler                          0x080002c3   Thumb Code     0  startup_stm32l476xx.o(.text)
    SPI3_IRQHandler                          0x080002c3   Thumb Code     0  startup_stm32l476xx.o(.text)
    SWPMI1_IRQHandler                        0x080002c3   Thumb Code     0  startup_stm32l476xx.o(.text)
    TAMP_STAMP_IRQHandler                    0x080002c3   Thumb Code     0  startup_stm32l476xx.o(.text)
    TIM1_BRK_TIM15_IRQHandler                0x080002c3   Thumb Code     0  startup_stm32l476xx.o(.text)
    TIM1_CC_IRQHandler                       0x080002c3   Thumb Code     0  startup_stm32l476xx.o(.text)
    TIM1_TRG_COM_TIM17_IRQHandler            0x080002c3   Thumb Code     0  startup_stm32l476xx.o(.text)
    TIM1_UP_TIM16_IRQHandler                 0x080002c3   Thumb Code     0  startup_stm32l476xx.o(.text)
    TIM2_IRQHandler                          0x080002c3   Thumb Code     0  startup_stm32l476xx.o(.text)
    TIM3_IRQHandler                          0x080002c3   Thumb Code     0  startup_stm32l476xx.o(.text)
    TIM4_IRQHandler                          0x080002c3   Thumb Code     0  startup_stm32l476xx.o(.text)
    TIM5_IRQHandler                          0x080002c3   Thumb Code     0  startup_stm32l476xx.o(.text)
    TIM6_DAC_IRQHandler                      0x080002c3   Thumb Code     0  startup_stm32l476xx.o(.text)
    TIM7_IRQHandler                          0x080002c3   Thumb Code     0  startup_stm32l476xx.o(.text)
    TIM8_BRK_IRQHandler                      0x080002c3   Thumb Code     0  startup_stm32l476xx.o(.text)
    TIM8_CC_IRQHandler                       0x080002c3   Thumb Code     0  startup_stm32l476xx.o(.text)
    TIM8_TRG_COM_IRQHandler                  0x080002c3   Thumb Code     0  startup_stm32l476xx.o(.text)
    TIM8_UP_IRQHandler                       0x080002c3   Thumb Code     0  startup_stm32l476xx.o(.text)
    TSC_IRQHandler                           0x080002c3   Thumb Code     0  startup_stm32l476xx.o(.text)
    UART4_IRQHandler                         0x080002c3   Thumb Code     0  startup_stm32l476xx.o(.text)
    UART5_IRQHandler                         0x080002c3   Thumb Code     0  startup_stm32l476xx.o(.text)
    USART1_IRQHandler                        0x080002c3   Thumb Code     0  startup_stm32l476xx.o(.text)
    USART2_IRQHandler                        0x080002c3   Thumb Code     0  startup_stm32l476xx.o(.text)
    USART3_IRQHandler                        0x080002c3   Thumb Code     0  startup_stm32l476xx.o(.text)
    WWDG_IRQHandler                          0x080002c3   Thumb Code     0  startup_stm32l476xx.o(.text)
    __aeabi_memcpy                           0x080002cd   Thumb Code    36  memcpya.o(.text)
    __aeabi_memcpy4                          0x080002cd   Thumb Code     0  memcpya.o(.text)
    __aeabi_memcpy8                          0x080002cd   Thumb Code     0  memcpya.o(.text)
    __aeabi_memset                           0x080002f1   Thumb Code    14  memseta.o(.text)
    __aeabi_memset4                          0x080002f1   Thumb Code     0  memseta.o(.text)
    __aeabi_memset8                          0x080002f1   Thumb Code     0  memseta.o(.text)
    __aeabi_memclr                           0x080002ff   Thumb Code     4  memseta.o(.text)
    __aeabi_memclr4                          0x080002ff   Thumb Code     0  memseta.o(.text)
    __aeabi_memclr8                          0x080002ff   Thumb Code     0  memseta.o(.text)
    _memset$wrapper                          0x08000303   Thumb Code    18  memseta.o(.text)
    __aeabi_uidiv                            0x08000315   Thumb Code     0  uidiv.o(.text)
    __aeabi_uidivmod                         0x08000315   Thumb Code    44  uidiv.o(.text)
    __scatterload                            0x08000341   Thumb Code    38  init.o(.text)
    __scatterload_rt2                        0x08000341   Thumb Code     0  init.o(.text)
    Application_Loop                         0x08000371   Thumb Code   260  app-server.o(.text.Application_Loop)
    Application_Setup                        0x08000511   Thumb Code   156  app-server.o(.text.Application_Setup)
    BusFault_Handler                         0x080005ad   Thumb Code     2  stm32l4xx_it.o(.text.BusFault_Handler)
    Controller_PIController                  0x080005b1   Thumb Code   196  controller.o(.text.Controller_PIController)
    Controller_Reset                         0x08000675   Thumb Code    14  controller.o(.text.Controller_Reset)
    DebugMon_Handler                         0x08000685   Thumb Code     2  stm32l4xx_it.o(.text.DebugMon_Handler)
    EventRecord2                             0x080006f1   Thumb Code   398  eventrecorder.o(.text.EventRecord2)
    EventRecord4                             0x08000881   Thumb Code   696  eventrecorder.o(.text.EventRecord4)
    EventRecorderDisable                     0x08000b41   Thumb Code   122  eventrecorder.o(.text.EventRecorderDisable)
    EventRecorderEnable                      0x08000bbd   Thumb Code   120  eventrecorder.o(.text.EventRecorderEnable)
    EventRecorderInitialize                  0x08000c35   Thumb Code   724  eventrecorder.o(.text.EventRecorderInitialize)
    EventRecorderStart                       0x08000f11   Thumb Code   330  eventrecorder.o(.text.EventRecorderStart)
    EventRecorderTimerGetCount               0x0800105d   Thumb Code    12  eventrecorder.o(.text.EventRecorderTimerGetCount)
    EventRecorderTimerGetFreq                0x08001069   Thumb Code    12  eventrecorder.o(.text.EventRecorderTimerGetFreq)
    EventRecorderTimerSetup                  0x08001075   Thumb Code    36  eventrecorder.o(.text.EventRecorderTimerSetup)
    EvrRtxDelay                              0x08001099   Thumb Code    16  rtx_evr.o(.text.EvrRtxDelay)
    EvrRtxDelayCompleted                     0x080010a9   Thumb Code    16  rtx_evr.o(.text.EvrRtxDelayCompleted)
    EvrRtxDelayError                         0x080010b9   Thumb Code    12  rtx_evr.o(.text.EvrRtxDelayError)
    EvrRtxDelayStarted                       0x080010c5   Thumb Code    16  rtx_evr.o(.text.EvrRtxDelayStarted)
    EvrRtxEventFlagsWaitTimeout              0x080010d5   Thumb Code    16  rtx_evr.o(.text.EvrRtxEventFlagsWaitTimeout)
    EvrRtxKernelError                        0x080010e5   Thumb Code    12  rtx_evr.o(.text.EvrRtxKernelError)
    EvrRtxKernelErrorNotify                  0x080010f1   Thumb Code    12  rtx_evr.o(.text.EvrRtxKernelErrorNotify)
    EvrRtxKernelInitialize                   0x080010fd   Thumb Code    16  rtx_evr.o(.text.EvrRtxKernelInitialize)
    EvrRtxKernelInitialized                  0x0800110d   Thumb Code    16  rtx_evr.o(.text.EvrRtxKernelInitialized)
    EvrRtxKernelStart                        0x0800111d   Thumb Code    16  rtx_evr.o(.text.EvrRtxKernelStart)
    EvrRtxKernelStarted                      0x0800112d   Thumb Code    16  rtx_evr.o(.text.EvrRtxKernelStarted)
    EvrRtxMemoryAlloc                        0x0800113d   Thumb Code    32  rtx_evr.o(.text.EvrRtxMemoryAlloc)
    EvrRtxMemoryBlockAlloc                   0x0800115d   Thumb Code    16  rtx_evr.o(.text.EvrRtxMemoryBlockAlloc)
    EvrRtxMemoryBlockFree                    0x0800116d   Thumb Code    34  rtx_evr.o(.text.EvrRtxMemoryBlockFree)
    EvrRtxMemoryBlockInit                    0x08001191   Thumb Code    32  rtx_evr.o(.text.EvrRtxMemoryBlockInit)
    EvrRtxMemoryFree                         0x080011b1   Thumb Code    34  rtx_evr.o(.text.EvrRtxMemoryFree)
    EvrRtxMemoryInit                         0x080011d5   Thumb Code    30  rtx_evr.o(.text.EvrRtxMemoryInit)
    EvrRtxMemoryPoolAllocTimeout             0x080011f5   Thumb Code    16  rtx_evr.o(.text.EvrRtxMemoryPoolAllocTimeout)
    EvrRtxMessageQueueCreated                0x08001205   Thumb Code    16  rtx_evr.o(.text.EvrRtxMessageQueueCreated)
    EvrRtxMessageQueueError                  0x08001215   Thumb Code    12  rtx_evr.o(.text.EvrRtxMessageQueueError)
    EvrRtxMessageQueueGet                    0x08001221   Thumb Code    32  rtx_evr.o(.text.EvrRtxMessageQueueGet)
    EvrRtxMessageQueueGetPending             0x08001241   Thumb Code    34  rtx_evr.o(.text.EvrRtxMessageQueueGetPending)
    EvrRtxMessageQueueGetTimeout             0x08001265   Thumb Code    16  rtx_evr.o(.text.EvrRtxMessageQueueGetTimeout)
    EvrRtxMessageQueueInsertPending          0x08001275   Thumb Code    16  rtx_evr.o(.text.EvrRtxMessageQueueInsertPending)
    EvrRtxMessageQueueInserted               0x08001285   Thumb Code    16  rtx_evr.o(.text.EvrRtxMessageQueueInserted)
    EvrRtxMessageQueueNotInserted            0x08001295   Thumb Code    16  rtx_evr.o(.text.EvrRtxMessageQueueNotInserted)
    EvrRtxMessageQueueNotRetrieved           0x080012a5   Thumb Code    16  rtx_evr.o(.text.EvrRtxMessageQueueNotRetrieved)
    EvrRtxMessageQueuePut                    0x080012b5   Thumb Code    32  rtx_evr.o(.text.EvrRtxMessageQueuePut)
    EvrRtxMessageQueuePutPending             0x080012d5   Thumb Code    34  rtx_evr.o(.text.EvrRtxMessageQueuePutPending)
    EvrRtxMessageQueuePutTimeout             0x080012f9   Thumb Code    16  rtx_evr.o(.text.EvrRtxMessageQueuePutTimeout)
    EvrRtxMessageQueueRetrieved              0x08001309   Thumb Code    16  rtx_evr.o(.text.EvrRtxMessageQueueRetrieved)
    EvrRtxMutexAcquireTimeout                0x08001319   Thumb Code    16  rtx_evr.o(.text.EvrRtxMutexAcquireTimeout)
    EvrRtxMutexAcquired                      0x08001329   Thumb Code    16  rtx_evr.o(.text.EvrRtxMutexAcquired)
    EvrRtxMutexReleased                      0x08001339   Thumb Code    16  rtx_evr.o(.text.EvrRtxMutexReleased)
    EvrRtxSemaphoreAcquireTimeout            0x08001349   Thumb Code    16  rtx_evr.o(.text.EvrRtxSemaphoreAcquireTimeout)
    EvrRtxThreadBlocked                      0x08001359   Thumb Code    16  rtx_evr.o(.text.EvrRtxThreadBlocked)
    EvrRtxThreadCreated                      0x08001369   Thumb Code    24  rtx_evr.o(.text.EvrRtxThreadCreated)
    EvrRtxThreadDestroyed                    0x08001381   Thumb Code    16  rtx_evr.o(.text.EvrRtxThreadDestroyed)
    EvrRtxThreadError                        0x08001391   Thumb Code    12  rtx_evr.o(.text.EvrRtxThreadError)
    EvrRtxThreadExit                         0x0800139d   Thumb Code    16  rtx_evr.o(.text.EvrRtxThreadExit)
    EvrRtxThreadFlagsError                   0x080013ad   Thumb Code    12  rtx_evr.o(.text.EvrRtxThreadFlagsError)
    EvrRtxThreadFlagsSet                     0x080013b9   Thumb Code    16  rtx_evr.o(.text.EvrRtxThreadFlagsSet)
    EvrRtxThreadFlagsSetDone                 0x080013c9   Thumb Code    16  rtx_evr.o(.text.EvrRtxThreadFlagsSetDone)
    EvrRtxThreadFlagsWait                    0x080013d9   Thumb Code    34  rtx_evr.o(.text.EvrRtxThreadFlagsWait)
    EvrRtxThreadFlagsWaitCompleted           0x080013fd   Thumb Code    32  rtx_evr.o(.text.EvrRtxThreadFlagsWaitCompleted)
    EvrRtxThreadFlagsWaitNotCompleted        0x0800141d   Thumb Code    16  rtx_evr.o(.text.EvrRtxThreadFlagsWaitNotCompleted)
    EvrRtxThreadFlagsWaitPending             0x0800142d   Thumb Code    34  rtx_evr.o(.text.EvrRtxThreadFlagsWaitPending)
    EvrRtxThreadFlagsWaitTimeout             0x08001451   Thumb Code    16  rtx_evr.o(.text.EvrRtxThreadFlagsWaitTimeout)
    EvrRtxThreadJoined                       0x08001461   Thumb Code    16  rtx_evr.o(.text.EvrRtxThreadJoined)
    EvrRtxThreadNew                          0x08001471   Thumb Code    34  rtx_evr.o(.text.EvrRtxThreadNew)
    EvrRtxThreadPreempted                    0x08001495   Thumb Code    16  rtx_evr.o(.text.EvrRtxThreadPreempted)
    EvrRtxThreadSwitched                     0x080014a5   Thumb Code    16  rtx_evr.o(.text.EvrRtxThreadSwitched)
    EvrRtxThreadUnblocked                    0x080014b5   Thumb Code    16  rtx_evr.o(.text.EvrRtxThreadUnblocked)
    EvrRtxTimerCallback                      0x080014c5   Thumb Code    16  rtx_evr.o(.text.EvrRtxTimerCallback)
    EvrRtxTimerCreated                       0x080014d5   Thumb Code    16  rtx_evr.o(.text.EvrRtxTimerCreated)
    EvrRtxTimerError                         0x080014e5   Thumb Code    12  rtx_evr.o(.text.EvrRtxTimerError)
    EvrRtxTimerNew                           0x080014f1   Thumb Code    32  rtx_evr.o(.text.EvrRtxTimerNew)
    EvrRtxTimerStart                         0x08001511   Thumb Code    16  rtx_evr.o(.text.EvrRtxTimerStart)
    EvrRtxTimerStarted                       0x08001521   Thumb Code    16  rtx_evr.o(.text.EvrRtxTimerStarted)
    EvrRtxTimerStop                          0x08001531   Thumb Code    16  rtx_evr.o(.text.EvrRtxTimerStop)
    EvrRtxTimerStopped                       0x08001541   Thumb Code    16  rtx_evr.o(.text.EvrRtxTimerStopped)
    HAL_GPIO_Init                            0x08001551   Thumb Code   442  stm32l4xx_hal_gpio_1.o(.text.HAL_GPIO_Init)
    HAL_GPIO_WritePin                        0x08001711   Thumb Code    12  stm32l4xx_hal_gpio_1.o(.text.HAL_GPIO_WritePin)
    HAL_GetTick                              0x0800171d   Thumb Code    12  stm32l4xx_hal_1.o(.text.HAL_GetTick)
    HAL_Init                                 0x08001729   Thumb Code    30  stm32l4xx_hal_1.o(.text.HAL_Init)
    HAL_InitTick                             0x08001749   Thumb Code    90  stm32l4xx_hal_1.o(.text.HAL_InitTick)
    HAL_MspInit                              0x080017a5   Thumb Code    78  stm32l4xx_hal_msp.o(.text.HAL_MspInit)
    HAL_NVIC_SetPriority                     0x080017f5   Thumb Code    86  stm32l4xx_hal_cortex_1.o(.text.HAL_NVIC_SetPriority)
    HAL_NVIC_SetPriorityGrouping             0x0800184d   Thumb Code    32  stm32l4xx_hal_cortex_1.o(.text.HAL_NVIC_SetPriorityGrouping)
    HAL_PWREx_ControlVoltageScaling          0x0800186d   Thumb Code   134  stm32l4xx_hal_pwr_ex_1.o(.text.HAL_PWREx_ControlVoltageScaling)
    HAL_PWREx_GetVoltageRange                0x080018f5   Thumb Code    16  stm32l4xx_hal_pwr_ex_1.o(.text.HAL_PWREx_GetVoltageRange)
    HAL_RCC_ClockConfig                      0x08001905   Thumb Code   530  stm32l4xx_hal_rcc_1.o(.text.HAL_RCC_ClockConfig)
    HAL_RCC_OscConfig                        0x08001b19   Thumb Code  1862  stm32l4xx_hal_rcc_1.o(.text.HAL_RCC_OscConfig)
    HAL_SPI_Init                             0x08002261   Thumb Code   220  stm32l4xx_hal_spi_1.o(.text.HAL_SPI_Init)
    HAL_SPI_MspInit                          0x0800233d   Thumb Code   116  stm32l4xx_hal_msp.o(.text.HAL_SPI_MspInit)
    HAL_SPI_Receive                          0x080023b1   Thumb Code   380  stm32l4xx_hal_spi_1.o(.text.HAL_SPI_Receive)
    HAL_SPI_Transmit                         0x0800252d   Thumb Code   476  stm32l4xx_hal_spi_1.o(.text.HAL_SPI_Transmit)
    HAL_SPI_TransmitReceive                  0x08002709   Thumb Code   644  stm32l4xx_hal_spi_1.o(.text.HAL_SPI_TransmitReceive)
    HAL_SYSTICK_Config                       0x0800298d   Thumb Code    44  stm32l4xx_hal_cortex_1.o(.text.HAL_SYSTICK_Config)
    HAL_TIMEx_MasterConfigSynchronization    0x080029b9   Thumb Code   198  stm32l4xx_hal_tim_ex_1.o(.text.HAL_TIMEx_MasterConfigSynchronization)
    HAL_TIM_Encoder_Init                     0x08002a81   Thumb Code   182  stm32l4xx_hal_tim_1.o(.text.HAL_TIM_Encoder_Init)
    HAL_TIM_Encoder_MspInit                  0x08002b39   Thumb Code   110  stm32l4xx_hal_msp.o(.text.HAL_TIM_Encoder_MspInit)
    HAL_TIM_Encoder_Start                    0x08002ba9   Thumb Code   188  stm32l4xx_hal_tim_1.o(.text.HAL_TIM_Encoder_Start)
    HAL_TIM_MspPostInit                      0x08002c65   Thumb Code   134  stm32l4xx_hal_msp.o(.text.HAL_TIM_MspPostInit)
    HAL_TIM_PWM_ConfigChannel                0x08002ced   Thumb Code   902  stm32l4xx_hal_tim_1.o(.text.HAL_TIM_PWM_ConfigChannel)
    HAL_TIM_PWM_Init                         0x08003075   Thumb Code    98  stm32l4xx_hal_tim_1.o(.text.HAL_TIM_PWM_Init)
    HAL_TIM_PWM_MspInit                      0x080030d9   Thumb Code    48  stm32l4xx_hal_msp.o(.text.HAL_TIM_PWM_MspInit)
    HAL_TIM_PWM_Start                        0x08003109   Thumb Code   402  stm32l4xx_hal_tim_1.o(.text.HAL_TIM_PWM_Start)
    HardFault_Handler                        0x0800329d   Thumb Code     2  stm32l4xx_it.o(.text.HardFault_Handler)
    MemManage_Handler                        0x080032a1   Thumb Code     2  stm32l4xx_it.o(.text.MemManage_Handler)
    NMI_Handler                              0x080032a5   Thumb Code     2  stm32l4xx_it.o(.text.NMI_Handler)
    OS_Tick_AcknowledgeIRQ                   0x080032a9   Thumb Code    12  os_systick.o(.text.OS_Tick_AcknowledgeIRQ)
    OS_Tick_Enable                           0x080032b5   Thumb Code    50  os_systick.o(.text.OS_Tick_Enable)
    OS_Tick_GetIRQn                          0x080032e9   Thumb Code     6  os_systick.o(.text.OS_Tick_GetIRQn)
    OS_Tick_Setup                            0x080032f1   Thumb Code    72  os_systick.o(.text.OS_Tick_Setup)
    Peripheral_GPIO_EnableMotor              0x08003339   Thumb Code    16  peripherals.o(.text.Peripheral_GPIO_EnableMotor)
    SystemClock_Config                       0x08003541   Thumb Code   122  main.o(.text.SystemClock_Config)
    SystemInit                               0x080035bd   Thumb Code    18  system_stm32l4xx.o(.text.SystemInit)
    TIM_Base_SetConfig                       0x080035d1   Thumb Code   294  stm32l4xx_hal_tim_1.o(.text.TIM_Base_SetConfig)
    UsageFault_Handler                       0x080036f9   Thumb Code     2  stm32l4xx_it.o(.text.UsageFault_Handler)
    WIZCHIP_READ                             0x080036fd   Thumb Code    98  w5500.o(.text.WIZCHIP_READ)
    WIZCHIP_READ_BUF                         0x08003761   Thumb Code   120  w5500.o(.text.WIZCHIP_READ_BUF)
    WIZCHIP_WRITE                            0x080037d9   Thumb Code   100  w5500.o(.text.WIZCHIP_WRITE)
    WIZCHIP_WRITE_BUF                        0x0800383d   Thumb Code   126  w5500.o(.text.WIZCHIP_WRITE_BUF)
    callback_signal_flags                    0x08003a25   Thumb Code    16  app-server.o(.text.callback_signal_flags)
    close                                    0x08003a35   Thumb Code   136  socket.o(.text.close)
    fputc                                    0x08003abd   Thumb Code    62  retarget_io.o(.text.fputc)
    getSn_RX_RSR                             0x08003afd   Thumb Code   458  w5500.o(.text.getSn_RX_RSR)
    getSn_TX_FSR                             0x08003ccd   Thumb Code   458  w5500.o(.text.getSn_TX_FSR)
    getsockopt                               0x08003e9d   Thumb Code   276  socket.o(.text.getsockopt)
    listen                                   0x08003fb1   Thumb Code   112  socket.o(.text.listen)
    main                                     0x08004021   Thumb Code   662  main.o(.text.main)
    osDelay                                  0x080042b9   Thumb Code    54  rtx_delay.o(.text.osDelay)
    osKernelGetState                         0x080042f1   Thumb Code    50  rtx_kernel.o(.text.osKernelGetState)
    osKernelInitialize                       0x08004325   Thumb Code    54  rtx_kernel.o(.text.osKernelInitialize)
    osKernelStart                            0x0800435d   Thumb Code    50  rtx_kernel.o(.text.osKernelStart)
    osMessageQueueGet                        0x08004391   Thumb Code   212  rtx_msgqueue.o(.text.osMessageQueueGet)
    osMessageQueuePut                        0x08004465   Thumb Code   166  rtx_msgqueue.o(.text.osMessageQueuePut)
    osRtxErrorNotify                         0x0800450d   Thumb Code     2  rtx_config.o(.text.osRtxErrorNotify)
    osRtxIdleThread                          0x08004511   Thumb Code     2  rtx_config.o(.text.osRtxIdleThread)
    osRtxKernelBeforeInit                    0x08004515   Thumb Code   244  rtx_lib.o(.text.osRtxKernelBeforeInit)
    osRtxKernelErrorNotify                   0x08004609   Thumb Code    22  rtx_kernel.o(.text.osRtxKernelErrorNotify)
    osRtxMemoryAlloc                         0x08004621   Thumb Code   128  rtx_memory.o(.text.osRtxMemoryAlloc)
    osRtxMemoryFree                          0x080046a1   Thumb Code    88  rtx_memory.o(.text.osRtxMemoryFree)
    osRtxMemoryInit                          0x080046f9   Thumb Code    64  rtx_memory.o(.text.osRtxMemoryInit)
    osRtxMemoryPoolAlloc                     0x08004739   Thumb Code    68  rtx_mempool.o(.text.osRtxMemoryPoolAlloc)
    osRtxMemoryPoolFree                      0x0800477d   Thumb Code    86  rtx_mempool.o(.text.osRtxMemoryPoolFree)
    osRtxMemoryPoolInit                      0x080047d5   Thumb Code    86  rtx_mempool.o(.text.osRtxMemoryPoolInit)
    osRtxMessageQueueTimerSetup              0x080049e9   Thumb Code    44  rtx_msgqueue.o(.text.osRtxMessageQueueTimerSetup)
    osRtxMutexOwnerRelease                   0x08004a15   Thumb Code   100  rtx_mutex.o(.text.osRtxMutexOwnerRelease)
    osRtxMutexOwnerRestore                   0x08004a79   Thumb Code    80  rtx_mutex.o(.text.osRtxMutexOwnerRestore)
    osRtxPendSV_Handler                      0x08004ac9   Thumb Code   136  rtx_system.o(.text.osRtxPendSV_Handler)
    osRtxPostProcess                         0x08004b75   Thumb Code   118  rtx_system.o(.text.osRtxPostProcess)
    osRtxThreadBeforeFree                    0x08004bed   Thumb Code     2  rtx_thread.o(.text.osRtxThreadBeforeFree)
    osRtxThreadDelayTick                     0x08004bf1   Thumb Code   356  rtx_thread.o(.text.osRtxThreadDelayTick)
    osRtxThreadDispatch                      0x08004d55   Thumb Code   276  rtx_thread.o(.text.osRtxThreadDispatch)
    osRtxThreadListGet                       0x08004ed1   Thumb Code    20  rtx_thread.o(.text.osRtxThreadListGet)
    osRtxThreadListPut                       0x08004ee5   Thumb Code    44  rtx_thread.o(.text.osRtxThreadListPut)
    osRtxThreadListRemove                    0x08004f11   Thumb Code    26  rtx_thread.o(.text.osRtxThreadListRemove)
    osRtxThreadListSort                      0x08004f2d   Thumb Code   106  rtx_thread.o(.text.osRtxThreadListSort)
    osRtxThreadReadyPut                      0x08005035   Thumb Code    60  rtx_thread.o(.text.osRtxThreadReadyPut)
    osRtxThreadRegPtr                        0x08005071   Thumb Code    20  rtx_thread.o(.text.osRtxThreadRegPtr)
    osRtxThreadStackCheck                    0x08005085   Thumb Code    32  rtx_thread.o(.text.osRtxThreadStackCheck)
    osRtxThreadStartup                       0x080050a5   Thumb Code    74  rtx_thread.o(.text.osRtxThreadStartup)
    osRtxThreadSwitch                        0x080050f1   Thumb Code    36  rtx_thread.o(.text.osRtxThreadSwitch)
    osRtxThreadWaitEnter                     0x08005115   Thumb Code   250  rtx_thread.o(.text.osRtxThreadWaitEnter)
    osRtxThreadWaitExit                      0x08005211   Thumb Code   164  rtx_thread.o(.text.osRtxThreadWaitExit)
    osRtxTick_Handler                        0x080052b5   Thumb Code   132  rtx_system.o(.text.osRtxTick_Handler)
    osRtxTimerSetup                          0x08005339   Thumb Code    38  rtx_timer.o(.text.osRtxTimerSetup)
    osRtxTimerThread                         0x08005361   Thumb Code    42  rtx_timer.o(.text.osRtxTimerThread)
    osThreadExit                             0x0800545d   Thumb Code    26  rtx_thread.o(.text.osThreadExit)
    osThreadFlagsSet                         0x08005479   Thumb Code   130  rtx_thread.o(.text.osThreadFlagsSet)
    osThreadFlagsWait                        0x080054fd   Thumb Code    64  rtx_thread.o(.text.osThreadFlagsWait)
    osThreadNew                              0x0800553d   Thumb Code    64  rtx_thread.o(.text.osThreadNew)
    osTimerNew                               0x0800557d   Thumb Code    74  rtx_timer.o(.text.osTimerNew)
    osTimerStart                             0x080055c9   Thumb Code    60  rtx_timer.o(.text.osTimerStart)
    osTimerStop                              0x08005605   Thumb Code    56  rtx_timer.o(.text.osTimerStop)
    recv                                     0x0800563d   Thumb Code   230  socket.o(.text.recv)
    reg_wizchip_cs_cbfunc                    0x08005729   Thumb Code    56  wizchip_conf.o(.text.reg_wizchip_cs_cbfunc)
    reg_wizchip_spi_cbfunc                   0x08005761   Thumb Code    66  wizchip_conf.o(.text.reg_wizchip_spi_cbfunc)
    send                                     0x080057a5   Thumb Code   290  socket.o(.text.send)
    socket                                   0x080058cd   Thumb Code   306  socket.o(.text.socket)
    wiz_recv_data                            0x08006801   Thumb Code   482  w5500.o(.text.wiz_recv_data)
    wiz_send_data                            0x080069ed   Thumb Code   482  w5500.o(.text.wiz_send_data)
    wizchip_bus_readdata                     0x08006bd9   Thumb Code     4  wizchip_conf.o(.text.wizchip_bus_readdata)
    wizchip_bus_writedata                    0x08006bdd   Thumb Code     4  wizchip_conf.o(.text.wizchip_bus_writedata)
    wizchip_cris_enter                       0x08006be1   Thumb Code     2  wizchip_conf.o(.text.wizchip_cris_enter)
    wizchip_cris_exit                        0x08006be5   Thumb Code     2  wizchip_conf.o(.text.wizchip_cris_exit)
    wizchip_cs_deselect                      0x08006be9   Thumb Code     2  wizchip_conf.o(.text.wizchip_cs_deselect)
    wizchip_cs_select                        0x08006bed   Thumb Code     2  wizchip_conf.o(.text.wizchip_cs_select)
    wizchip_init                             0x08006bf1   Thumb Code   138  wizchip_conf.o(.text.wizchip_init)
    wizchip_setnetinfo                       0x08006c7d   Thumb Code   120  wizchip_conf.o(.text.wizchip_setnetinfo)
    wizchip_settimeout                       0x08006cf5   Thumb Code    38  wizchip_conf.o(.text.wizchip_settimeout)
    wizchip_spi_readbyte                     0x08006d1d   Thumb Code     4  wizchip_conf.o(.text.wizchip_spi_readbyte)
    wizchip_spi_writebyte                    0x08006d21   Thumb Code     2  wizchip_conf.o(.text.wizchip_spi_writebyte)
    wizchip_sw_reset                         0x08006d25   Thumb Code   128  wizchip_conf.o(.text.wizchip_sw_reset)
    __0printf$1                              0x08006da5   Thumb Code    22  printf1.o(i.__0printf$1)
    __1printf$1                              0x08006da5   Thumb Code     0  printf1.o(i.__0printf$1)
    __2printf                                0x08006da5   Thumb Code     0  printf1.o(i.__0printf$1)
    __scatterload_copy                       0x08006dc5   Thumb Code    14  handlers.o(i.__scatterload_copy)
    __scatterload_null                       0x08006dd3   Thumb Code     2  handlers.o(i.__scatterload_null)
    __scatterload_zeroinit                   0x08006dd5   Thumb Code    14  handlers.o(i.__scatterload_zeroinit)
    puts                                     0x08006f41   Thumb Code    30  puts.o(i.puts)
    osRtxConfig                              0x08006f64   Data         112  rtx_lib.o(.rodata)
    os_cb_sections                           0x08006fd4   Data          56  rtx_lib.o(.rodata)
    AHBPrescTable                            0x08007023   Data          16  system_stm32l4xx.o(.rodata.AHBPrescTable)
    EventRecorderInfo                        0x08007034   Data          24  eventrecorder.o(.rodata.EventRecorderInfo)
    MSIRangeTable                            0x0800704c   Data          48  system_stm32l4xx.o(.rodata.MSIRangeTable)
    osRtxUserSVC                             0x080070e8   Data           4  rtx_lib.o(.rodata.osRtxUserSVC)
    Region$$Table$$Base                      0x08007204   Number         0  anon$$obj.o(Region$$Table)
    Region$$Table$$Limit                     0x08007224   Number         0  anon$$obj.o(Region$$Table)
    __stdout                                 0x20000000   Data           4  stdout.o(.data)
    Ki                                       0x20000004   Data           4  controller.o(.data.Ki)
    Kp                                       0x20000008   Data           4  controller.o(.data.Kp)
    SystemCoreClock                          0x2000000c   Data           4  system_stm32l4xx.o(.data.SystemCoreClock)
    WIZCHIP                                  0x20000010   Data          44  wizchip_conf.o(.data.WIZCHIP)
    osRtxInfo                                0x2000003c   Data         164  rtx_kernel.o(.data.os)
    uwTickFreq                               0x200000e2   Data           1  stm32l4xx_hal_1.o(.data.uwTickFreq)
    uwTickPrio                               0x200000e4   Data           4  stm32l4xx_hal_1.o(.data.uwTickPrio)
    I                                        0x20000100   Data           4  controller.o(.bss.I)
    P                                        0x20000104   Data           4  controller.o(.bss.P)
    T_ID1                                    0x20000108   Data           4  app-server.o(.bss.T_ID1)
    T_ID2                                    0x2000010c   Data           4  app-server.o(.bss.T_ID2)
    T_ID3                                    0x20000110   Data           4  app-server.o(.bss.T_ID3)
    control                                  0x2000011c   Data           4  app-server.o(.bss.control)
    control_value                            0x20000120   Data           4  controller.o(.bss.control_value)
    data                                     0x20000124   Data           8  app-server.o(.bss.data)
    delta_ms                                 0x2000012c   Data           4  controller.o(.bss.delta_ms)
    err                                      0x20000130   Data           4  controller.o(.bss.err)
    hspi3                                    0x20000134   Data         100  main.o(.bss.hspi3)
    htim1                                    0x20000198   Data          76  main.o(.bss.htim1)
    htim3                                    0x200001e4   Data          76  main.o(.bss.htim3)
    .bss.os.msgqueue.cb$$Base                0x2000872c   Number         0  rtx_lib.o(.bss.os.msgqueue.cb)
    .bss.os.msgqueue.cb$$Limit               0x20008760   Number         0  rtx_lib.o(.bss.os.msgqueue.cb)
    .bss.os.thread.cb$$Base                  0x200087b0   Number         0  rtx_lib.o(.bss.os.thread.cb)
    .bss.os.thread.cb$$Limit                 0x20008850   Number         0  rtx_lib.o(.bss.os.thread.cb)
    prev_ms                                  0x20008c50   Data           4  controller.o(.bss.prev_ms)
    reference                                0x20008c54   Data           4  app-server.o(.bss.reference)
    reset                                    0x20008c58   Data           1  controller.o(.bss.reset)
    sock_pack_info                           0x20008c5e   Data           8  socket.o(.bss.sock_pack_info)
    socket_return                            0x20008c76   Data           1  app-server.o(.bss.socket_return)
    socket_status                            0x20008c77   Data           1  app-server.o(.bss.socket_status)
    timer_ref                                0x20008c78   Data           4  app-server.o(.bss.timer_ref)
    timer_running                            0x20008c7c   Data           1  app-server.o(.bss.timer_running)
    uwTick                                   0x20008c80   Data           4  stm32l4xx_hal_1.o(.bss.uwTick)
    __initial_sp                             0x20009088   Data           0  startup_stm32l476xx.o(STACK)



==============================================================================

Memory Map of the image

  Image Entry point : 0x080002a9

  Load Region LR_1 (Base: 0x08000000, Size: 0x0000730c, Max: 0xffffffff, ABSOLUTE)

    Execution Region ER_RO (Exec base: 0x08000000, Load base: 0x08000000, Size: 0x00007224, Max: 0xffffffff, ABSOLUTE)

    Exec Addr    Load Addr    Size         Type   Attr      Idx    E Section Name        Object

    0x08000000   0x08000000   0x00000188   Data   RO         2178    RESET               startup_stm32l476xx.o
    0x08000188   0x08000188   0x00000000   Code   RO         2201  * .ARM.Collect$$$$00000000  mc_w.l(entry.o)
    0x08000188   0x08000188   0x00000004   Code   RO         2485    .ARM.Collect$$$$00000001  mc_w.l(entry2.o)
    0x0800018c   0x0800018c   0x00000004   Code   RO         2488    .ARM.Collect$$$$00000004  mc_w.l(entry5.o)
    0x08000190   0x08000190   0x00000000   Code   RO         2490    .ARM.Collect$$$$00000008  mc_w.l(entry7b.o)
    0x08000190   0x08000190   0x00000000   Code   RO         2492    .ARM.Collect$$$$0000000A  mc_w.l(entry8b.o)
    0x08000190   0x08000190   0x00000008   Code   RO         2493    .ARM.Collect$$$$0000000B  mc_w.l(entry9a.o)
    0x08000198   0x08000198   0x00000000   Code   RO         2495    .ARM.Collect$$$$0000000D  mc_w.l(entry10a.o)
    0x08000198   0x08000198   0x00000000   Code   RO         2497    .ARM.Collect$$$$0000000F  mc_w.l(entry11a.o)
    0x08000198   0x08000198   0x00000004   Code   RO         2486    .ARM.Collect$$$$00002712  mc_w.l(entry2.o)
    0x0800019c   0x0800019c   0x0000010c   Code   RO          273    .text               irq_armv7m.o
    0x080002a8   0x080002a8   0x00000024   Code   RO         2179  * .text               startup_stm32l476xx.o
    0x080002cc   0x080002cc   0x00000024   Code   RO         2218    .text               mc_w.l(memcpya.o)
    0x080002f0   0x080002f0   0x00000024   Code   RO         2220    .text               mc_w.l(memseta.o)
    0x08000314   0x08000314   0x0000002c   Code   RO         2508    .text               mc_w.l(uidiv.o)
    0x08000340   0x08000340   0x00000030   Code   RO         2523    .text               mc_w.l(init.o)
    0x08000370   0x08000370   0x0000019e   Code   RO           48    .text.Application_Loop  app-server.o
    0x0800050e   0x0800050e   0x00000002   PAD
    0x08000510   0x08000510   0x0000009c   Code   RO           44    .text.Application_Setup  app-server.o
    0x080005ac   0x080005ac   0x00000002   Code   RO          112    .text.BusFault_Handler  stm32l4xx_it.o
    0x080005ae   0x080005ae   0x00000002   PAD
    0x080005b0   0x080005b0   0x000000c4   Code   RO            2    .text.Controller_PIController  controller.o
    0x08000674   0x08000674   0x0000000e   Code   RO            4    .text.Controller_Reset  controller.o
    0x08000682   0x08000682   0x00000002   PAD
    0x08000684   0x08000684   0x00000002   Code   RO          116    .text.DebugMon_Handler  stm32l4xx_it.o
    0x08000686   0x08000686   0x00000002   PAD
    0x08000688   0x08000688   0x00000010   Code   RO           87    .text.Ethernet_CS_DESEL  main.o
    0x08000698   0x08000698   0x00000010   Code   RO           85    .text.Ethernet_CS_SEL  main.o
    0x080006a8   0x080006a8   0x00000022   Code   RO           89    .text.Ethernet_RB   main.o
    0x080006ca   0x080006ca   0x00000002   PAD
    0x080006cc   0x080006cc   0x00000022   Code   RO           91    .text.Ethernet_WB   main.o
    0x080006ee   0x080006ee   0x00000002   PAD
    0x080006f0   0x080006f0   0x0000018e   Code   RO         1272    .text.EventRecord2  eventrecorder.o
    0x0800087e   0x0800087e   0x00000002   PAD
    0x08000880   0x08000880   0x000002be   Code   RO         1274    .text.EventRecord4  eventrecorder.o
    0x08000b3e   0x08000b3e   0x00000002   PAD
    0x08000b40   0x08000b40   0x0000007a   Code   RO         1264    .text.EventRecorderDisable  eventrecorder.o
    0x08000bba   0x08000bba   0x00000002   PAD
    0x08000bbc   0x08000bbc   0x00000078   Code   RO         1260    .text.EventRecorderEnable  eventrecorder.o
    0x08000c34   0x08000c34   0x000002da   Code   RO         1258    .text.EventRecorderInitialize  eventrecorder.o
    0x08000f0e   0x08000f0e   0x00000002   PAD
    0x08000f10   0x08000f10   0x0000014a   Code   RO         1262    .text.EventRecorderStart  eventrecorder.o
    0x0800105a   0x0800105a   0x00000002   PAD
    0x0800105c   0x0800105c   0x0000000c   Code   RO         1256    .text.EventRecorderTimerGetCount  eventrecorder.o
    0x08001068   0x08001068   0x0000000c   Code   RO         1254    .text.EventRecorderTimerGetFreq  eventrecorder.o
    0x08001074   0x08001074   0x00000024   Code   RO         1252    .text.EventRecorderTimerSetup  eventrecorder.o
    0x08001098   0x08001098   0x00000010   Code   RO          501    .text.EvrRtxDelay   rtx_evr.o
    0x080010a8   0x080010a8   0x00000010   Code   RO          509    .text.EvrRtxDelayCompleted  rtx_evr.o
    0x080010b8   0x080010b8   0x0000000c   Code   RO          499    .text.EvrRtxDelayError  rtx_evr.o
    0x080010c4   0x080010c4   0x00000010   Code   RO          505    .text.EvrRtxDelayStarted  rtx_evr.o
    0x080010d4   0x080010d4   0x00000010   Code   RO          557    .text.EvrRtxEventFlagsWaitTimeout  rtx_evr.o
    0x080010e4   0x080010e4   0x0000000c   Code   RO          347    .text.EvrRtxKernelError  rtx_evr.o
    0x080010f0   0x080010f0   0x0000000c   Code   RO          393    .text.EvrRtxKernelErrorNotify  rtx_evr.o
    0x080010fc   0x080010fc   0x00000010   Code   RO          349    .text.EvrRtxKernelInitialize  rtx_evr.o
    0x0800110c   0x0800110c   0x00000010   Code   RO          351    .text.EvrRtxKernelInitialized  rtx_evr.o
    0x0800111c   0x0800111c   0x00000010   Code   RO          357    .text.EvrRtxKernelStart  rtx_evr.o
    0x0800112c   0x0800112c   0x00000010   Code   RO          359    .text.EvrRtxKernelStarted  rtx_evr.o
    0x0800113c   0x0800113c   0x00000020   Code   RO          337    .text.EvrRtxMemoryAlloc  rtx_evr.o
    0x0800115c   0x0800115c   0x00000010   Code   RO          343    .text.EvrRtxMemoryBlockAlloc  rtx_evr.o
    0x0800116c   0x0800116c   0x00000022   Code   RO          345    .text.EvrRtxMemoryBlockFree  rtx_evr.o
    0x0800118e   0x0800118e   0x00000002   PAD
    0x08001190   0x08001190   0x00000020   Code   RO          341    .text.EvrRtxMemoryBlockInit  rtx_evr.o
    0x080011b0   0x080011b0   0x00000022   Code   RO          339    .text.EvrRtxMemoryFree  rtx_evr.o
    0x080011d2   0x080011d2   0x00000002   PAD
    0x080011d4   0x080011d4   0x0000001e   Code   RO          335    .text.EvrRtxMemoryInit  rtx_evr.o
    0x080011f2   0x080011f2   0x00000002   PAD
    0x080011f4   0x080011f4   0x00000010   Code   RO          635    .text.EvrRtxMemoryPoolAllocTimeout  rtx_evr.o
    0x08001204   0x08001204   0x00000010   Code   RO          663    .text.EvrRtxMessageQueueCreated  rtx_evr.o
    0x08001214   0x08001214   0x0000000c   Code   RO          659    .text.EvrRtxMessageQueueError  rtx_evr.o
    0x08001220   0x08001220   0x00000020   Code   RO          679    .text.EvrRtxMessageQueueGet  rtx_evr.o
    0x08001240   0x08001240   0x00000022   Code   RO          681    .text.EvrRtxMessageQueueGetPending  rtx_evr.o
    0x08001262   0x08001262   0x00000002   PAD
    0x08001264   0x08001264   0x00000010   Code   RO          683    .text.EvrRtxMessageQueueGetTimeout  rtx_evr.o
    0x08001274   0x08001274   0x00000010   Code   RO          673    .text.EvrRtxMessageQueueInsertPending  rtx_evr.o
    0x08001284   0x08001284   0x00000010   Code   RO          675    .text.EvrRtxMessageQueueInserted  rtx_evr.o
    0x08001294   0x08001294   0x00000010   Code   RO          677    .text.EvrRtxMessageQueueNotInserted  rtx_evr.o
    0x080012a4   0x080012a4   0x00000010   Code   RO          687    .text.EvrRtxMessageQueueNotRetrieved  rtx_evr.o
    0x080012b4   0x080012b4   0x00000020   Code   RO          667    .text.EvrRtxMessageQueuePut  rtx_evr.o
    0x080012d4   0x080012d4   0x00000022   Code   RO          669    .text.EvrRtxMessageQueuePutPending  rtx_evr.o
    0x080012f6   0x080012f6   0x00000002   PAD
    0x080012f8   0x080012f8   0x00000010   Code   RO          671    .text.EvrRtxMessageQueuePutTimeout  rtx_evr.o
    0x08001308   0x08001308   0x00000010   Code   RO          685    .text.EvrRtxMessageQueueRetrieved  rtx_evr.o
    0x08001318   0x08001318   0x00000010   Code   RO          579    .text.EvrRtxMutexAcquireTimeout  rtx_evr.o
    0x08001328   0x08001328   0x00000010   Code   RO          581    .text.EvrRtxMutexAcquired  rtx_evr.o
    0x08001338   0x08001338   0x00000010   Code   RO          587    .text.EvrRtxMutexReleased  rtx_evr.o
    0x08001348   0x08001348   0x00000010   Code   RO          607    .text.EvrRtxSemaphoreAcquireTimeout  rtx_evr.o
    0x08001358   0x08001358   0x00000010   Code   RO          443    .text.EvrRtxThreadBlocked  rtx_evr.o
    0x08001368   0x08001368   0x00000018   Code   RO          401    .text.EvrRtxThreadCreated  rtx_evr.o
    0x08001380   0x08001380   0x00000010   Code   RO          455    .text.EvrRtxThreadDestroyed  rtx_evr.o
    0x08001390   0x08001390   0x0000000c   Code   RO          397    .text.EvrRtxThreadError  rtx_evr.o
    0x0800139c   0x0800139c   0x00000010   Code   RO          451    .text.EvrRtxThreadExit  rtx_evr.o
    0x080013ac   0x080013ac   0x0000000c   Code   RO          477    .text.EvrRtxThreadFlagsError  rtx_evr.o
    0x080013b8   0x080013b8   0x00000010   Code   RO          479    .text.EvrRtxThreadFlagsSet  rtx_evr.o
    0x080013c8   0x080013c8   0x00000010   Code   RO          481    .text.EvrRtxThreadFlagsSetDone  rtx_evr.o
    0x080013d8   0x080013d8   0x00000022   Code   RO          489    .text.EvrRtxThreadFlagsWait  rtx_evr.o
    0x080013fa   0x080013fa   0x00000002   PAD
    0x080013fc   0x080013fc   0x00000020   Code   RO          495    .text.EvrRtxThreadFlagsWaitCompleted  rtx_evr.o
    0x0800141c   0x0800141c   0x00000010   Code   RO          497    .text.EvrRtxThreadFlagsWaitNotCompleted  rtx_evr.o
    0x0800142c   0x0800142c   0x00000022   Code   RO          491    .text.EvrRtxThreadFlagsWaitPending  rtx_evr.o
    0x0800144e   0x0800144e   0x00000002   PAD
    0x08001450   0x08001450   0x00000010   Code   RO          493    .text.EvrRtxThreadFlagsWaitTimeout  rtx_evr.o
    0x08001460   0x08001460   0x00000010   Code   RO          441    .text.EvrRtxThreadJoined  rtx_evr.o
    0x08001470   0x08001470   0x00000022   Code   RO          399    .text.EvrRtxThreadNew  rtx_evr.o
    0x08001492   0x08001492   0x00000002   PAD
    0x08001494   0x08001494   0x00000010   Code   RO          447    .text.EvrRtxThreadPreempted  rtx_evr.o
    0x080014a4   0x080014a4   0x00000010   Code   RO          449    .text.EvrRtxThreadSwitched  rtx_evr.o
    0x080014b4   0x080014b4   0x00000010   Code   RO          445    .text.EvrRtxThreadUnblocked  rtx_evr.o
    0x080014c4   0x080014c4   0x00000010   Code   RO          513    .text.EvrRtxTimerCallback  rtx_evr.o
    0x080014d4   0x080014d4   0x00000010   Code   RO          517    .text.EvrRtxTimerCreated  rtx_evr.o
    0x080014e4   0x080014e4   0x0000000c   Code   RO          511    .text.EvrRtxTimerError  rtx_evr.o
    0x080014f0   0x080014f0   0x00000020   Code   RO          515    .text.EvrRtxTimerNew  rtx_evr.o
    0x08001510   0x08001510   0x00000010   Code   RO          521    .text.EvrRtxTimerStart  rtx_evr.o
    0x08001520   0x08001520   0x00000010   Code   RO          523    .text.EvrRtxTimerStarted  rtx_evr.o
    0x08001530   0x08001530   0x00000010   Code   RO          525    .text.EvrRtxTimerStop  rtx_evr.o
    0x08001540   0x08001540   0x00000010   Code   RO          527    .text.EvrRtxTimerStopped  rtx_evr.o
    0x08001550   0x08001550   0x000001c0   Code   RO         1469    .text.HAL_GPIO_Init  stm32l4xx_hal_gpio_1.o
    0x08001710   0x08001710   0x0000000c   Code   RO         1475    .text.HAL_GPIO_WritePin  stm32l4xx_hal_gpio_1.o
    0x0800171c   0x0800171c   0x0000000c   Code   RO         1321    .text.HAL_GetTick   stm32l4xx_hal_1.o
    0x08001728   0x08001728   0x0000001e   Code   RO         1309    .text.HAL_Init      stm32l4xx_hal_1.o
    0x08001746   0x08001746   0x00000002   PAD
    0x08001748   0x08001748   0x0000005a   Code   RO         1311    .text.HAL_InitTick  stm32l4xx_hal_1.o
    0x080017a2   0x080017a2   0x00000002   PAD
    0x080017a4   0x080017a4   0x0000004e   Code   RO         2153    .text.HAL_MspInit   stm32l4xx_hal_msp.o
    0x080017f2   0x080017f2   0x00000002   PAD
    0x080017f4   0x080017f4   0x00000056   Code   RO         1392    .text.HAL_NVIC_SetPriority  stm32l4xx_hal_cortex_1.o
    0x0800184a   0x0800184a   0x00000002   PAD
    0x0800184c   0x0800184c   0x00000020   Code   RO         1390    .text.HAL_NVIC_SetPriorityGrouping  stm32l4xx_hal_cortex_1.o
    0x0800186c   0x0800186c   0x00000086   Code   RO         1535    .text.HAL_PWREx_ControlVoltageScaling  stm32l4xx_hal_pwr_ex_1.o
    0x080018f2   0x080018f2   0x00000002   PAD
    0x080018f4   0x080018f4   0x00000010   Code   RO         1533    .text.HAL_PWREx_GetVoltageRange  stm32l4xx_hal_pwr_ex_1.o
    0x08001904   0x08001904   0x00000212   Code   RO         1625    .text.HAL_RCC_ClockConfig  stm32l4xx_hal_rcc_1.o
    0x08001b16   0x08001b16   0x00000002   PAD
    0x08001b18   0x08001b18   0x00000746   Code   RO         1621    .text.HAL_RCC_OscConfig  stm32l4xx_hal_rcc_1.o
    0x0800225e   0x0800225e   0x00000002   PAD
    0x08002260   0x08002260   0x000000dc   Code   RO         1703    .text.HAL_SPI_Init  stm32l4xx_hal_spi_1.o
    0x0800233c   0x0800233c   0x00000074   Code   RO         2155    .text.HAL_SPI_MspInit  stm32l4xx_hal_msp.o
    0x080023b0   0x080023b0   0x0000017c   Code   RO         1713    .text.HAL_SPI_Receive  stm32l4xx_hal_spi_1.o
    0x0800252c   0x0800252c   0x000001dc   Code   RO         1711    .text.HAL_SPI_Transmit  stm32l4xx_hal_spi_1.o
    0x08002708   0x08002708   0x00000284   Code   RO         1715    .text.HAL_SPI_TransmitReceive  stm32l4xx_hal_spi_1.o
    0x0800298c   0x0800298c   0x0000002c   Code   RO         1402    .text.HAL_SYSTICK_Config  stm32l4xx_hal_cortex_1.o
    0x080029b8   0x080029b8   0x000000c6   Code   RO         2123    .text.HAL_TIMEx_MasterConfigSynchronization  stm32l4xx_hal_tim_ex_1.o
    0x08002a7e   0x08002a7e   0x00000002   PAD
    0x08002a80   0x08002a80   0x000000b6   Code   RO         1942    .text.HAL_TIM_Encoder_Init  stm32l4xx_hal_tim_1.o
    0x08002b36   0x08002b36   0x00000002   PAD
    0x08002b38   0x08002b38   0x0000006e   Code   RO         2159    .text.HAL_TIM_Encoder_MspInit  stm32l4xx_hal_msp.o
    0x08002ba6   0x08002ba6   0x00000002   PAD
    0x08002ba8   0x08002ba8   0x000000bc   Code   RO         1950    .text.HAL_TIM_Encoder_Start  stm32l4xx_hal_tim_1.o
    0x08002c64   0x08002c64   0x00000086   Code   RO         2163    .text.HAL_TIM_MspPostInit  stm32l4xx_hal_msp.o
    0x08002cea   0x08002cea   0x00000002   PAD
    0x08002cec   0x08002cec   0x00000386   Code   RO         1982    .text.HAL_TIM_PWM_ConfigChannel  stm32l4xx_hal_tim_1.o
    0x08003072   0x08003072   0x00000002   PAD
    0x08003074   0x08003074   0x00000062   Code   RO         1882    .text.HAL_TIM_PWM_Init  stm32l4xx_hal_tim_1.o
    0x080030d6   0x080030d6   0x00000002   PAD
    0x080030d8   0x080030d8   0x00000030   Code   RO         2161    .text.HAL_TIM_PWM_MspInit  stm32l4xx_hal_msp.o
    0x08003108   0x08003108   0x00000192   Code   RO         1890    .text.HAL_TIM_PWM_Start  stm32l4xx_hal_tim_1.o
    0x0800329a   0x0800329a   0x00000002   PAD
    0x0800329c   0x0800329c   0x00000002   Code   RO          108    .text.HardFault_Handler  stm32l4xx_it.o
    0x0800329e   0x0800329e   0x00000002   PAD
    0x080032a0   0x080032a0   0x00000002   Code   RO          110    .text.MemManage_Handler  stm32l4xx_it.o
    0x080032a2   0x080032a2   0x00000002   PAD
    0x080032a4   0x080032a4   0x00000002   Code   RO          106    .text.NMI_Handler   stm32l4xx_it.o
    0x080032a6   0x080032a6   0x00000002   PAD
    0x080032a8   0x080032a8   0x0000000c   Code   RO         1220    .text.OS_Tick_AcknowledgeIRQ  os_systick.o
    0x080032b4   0x080032b4   0x00000032   Code   RO         1216    .text.OS_Tick_Enable  os_systick.o
    0x080032e6   0x080032e6   0x00000002   PAD
    0x080032e8   0x080032e8   0x00000006   Code   RO         1222    .text.OS_Tick_GetIRQn  os_systick.o
    0x080032ee   0x080032ee   0x00000002   PAD
    0x080032f0   0x080032f0   0x00000048   Code   RO         1214    .text.OS_Tick_Setup  os_systick.o
    0x08003338   0x08003338   0x00000010   Code   RO           23    .text.Peripheral_GPIO_EnableMotor  peripherals.o
    0x08003348   0x08003348   0x0000006c   Code   RO         1717    .text.SPI_EndRxTransaction  stm32l4xx_hal_spi_1.o
    0x080033b4   0x080033b4   0x000000d8   Code   RO         1767    .text.SPI_WaitFifoStateUntilTimeout  stm32l4xx_hal_spi_1.o
    0x0800348c   0x0800348c   0x000000b4   Code   RO         1769    .text.SPI_WaitFlagStateUntilTimeout  stm32l4xx_hal_spi_1.o
    0x08003540   0x08003540   0x0000007a   Code   RO           81    .text.SystemClock_Config  main.o
    0x080035ba   0x080035ba   0x00000002   PAD
    0x080035bc   0x080035bc   0x00000012   Code   RO         2186    .text.SystemInit    system_stm32l4xx.o
    0x080035ce   0x080035ce   0x00000002   PAD
    0x080035d0   0x080035d0   0x00000126   Code   RO         1832    .text.TIM_Base_SetConfig  stm32l4xx_hal_tim_1.o
    0x080036f6   0x080036f6   0x00000002   PAD
    0x080036f8   0x080036f8   0x00000002   Code   RO          114    .text.UsageFault_Handler  stm32l4xx_it.o
    0x080036fa   0x080036fa   0x00000002   PAD
    0x080036fc   0x080036fc   0x00000062   Code   RO          248    .text.WIZCHIP_READ  w5500.o
    0x0800375e   0x0800375e   0x00000002   PAD
    0x08003760   0x08003760   0x00000078   Code   RO          252    .text.WIZCHIP_READ_BUF  w5500.o
    0x080037d8   0x080037d8   0x00000064   Code   RO          250    .text.WIZCHIP_WRITE  w5500.o
    0x0800383c   0x0800383c   0x0000007e   Code   RO          254    .text.WIZCHIP_WRITE_BUF  w5500.o
    0x080038ba   0x080038ba   0x00000002   PAD
    0x080038bc   0x080038bc   0x00000128   Code   RO           50    .text.app_com       app-server.o
    0x080039e4   0x080039e4   0x00000022   Code   RO           54    .text.app_main      app-server.o
    0x08003a06   0x08003a06   0x00000002   PAD
    0x08003a08   0x08003a08   0x0000001c   Code   RO           52    .text.app_ref       app-server.o
    0x08003a24   0x08003a24   0x00000010   Code   RO           46    .text.callback_signal_flags  app-server.o
    0x08003a34   0x08003a34   0x00000088   Code   RO          127    .text.close         socket.o
    0x08003abc   0x08003abc   0x0000003e   Code   RO         1290    .text.fputc         retarget_io.o
    0x08003afa   0x08003afa   0x00000002   PAD
    0x08003afc   0x08003afc   0x000001d0   Code   RO          258    .text.getSn_RX_RSR  w5500.o
    0x08003ccc   0x08003ccc   0x000001d0   Code   RO          256    .text.getSn_TX_FSR  w5500.o
    0x08003e9c   0x08003e9c   0x00000114   Code   RO          147    .text.getsockopt    socket.o
    0x08003fb0   0x08003fb0   0x00000070   Code   RO          129    .text.listen        socket.o
    0x08004020   0x08004020   0x00000296   Code   RO           79    .text.main          main.o
    0x080042b6   0x080042b6   0x00000002   PAD
    0x080042b8   0x080042b8   0x00000036   Code   RO          281    .text.osDelay       rtx_delay.o
    0x080042ee   0x080042ee   0x00000002   PAD
    0x080042f0   0x080042f0   0x00000032   Code   RO          723    .text.osKernelGetState  rtx_kernel.o
    0x08004322   0x08004322   0x00000002   PAD
    0x08004324   0x08004324   0x00000036   Code   RO          717    .text.osKernelInitialize  rtx_kernel.o
    0x0800435a   0x0800435a   0x00000002   PAD
    0x0800435c   0x0800435c   0x00000032   Code   RO          727    .text.osKernelStart  rtx_kernel.o
    0x0800438e   0x0800438e   0x00000002   PAD
    0x08004390   0x08004390   0x000000d4   Code   RO          886    .text.osMessageQueueGet  rtx_msgqueue.o
    0x08004464   0x08004464   0x000000a6   Code   RO          884    .text.osMessageQueuePut  rtx_msgqueue.o
    0x0800450a   0x0800450a   0x00000002   PAD
    0x0800450c   0x0800450c   0x00000002   Code   RO         1243    .text.osRtxErrorNotify  rtx_config.o
    0x0800450e   0x0800450e   0x00000002   PAD
    0x08004510   0x08004510   0x00000002   Code   RO         1241    .text.osRtxIdleThread  rtx_config.o
    0x08004512   0x08004512   0x00000002   PAD
    0x08004514   0x08004514   0x000000f4   Code   RO          787    .text.osRtxKernelBeforeInit  rtx_lib.o
    0x08004608   0x08004608   0x00000016   Code   RO          715    .text.osRtxKernelErrorNotify  rtx_kernel.o
    0x0800461e   0x0800461e   0x00000002   PAD
    0x08004620   0x08004620   0x00000080   Code   RO          810    .text.osRtxMemoryAlloc  rtx_memory.o
    0x080046a0   0x080046a0   0x00000058   Code   RO          812    .text.osRtxMemoryFree  rtx_memory.o
    0x080046f8   0x080046f8   0x00000040   Code   RO          808    .text.osRtxMemoryInit  rtx_memory.o
    0x08004738   0x08004738   0x00000044   Code   RO          824    .text.osRtxMemoryPoolAlloc  rtx_mempool.o
    0x0800477c   0x0800477c   0x00000056   Code   RO          826    .text.osRtxMemoryPoolFree  rtx_mempool.o
    0x080047d2   0x080047d2   0x00000002   PAD
    0x080047d4   0x080047d4   0x00000056   Code   RO          822    .text.osRtxMemoryPoolInit  rtx_mempool.o
    0x0800482a   0x0800482a   0x00000002   PAD
    0x0800482c   0x0800482c   0x000001bc   Code   RO          908    .text.osRtxMessageQueuePostProcess  rtx_msgqueue.o
    0x080049e8   0x080049e8   0x0000002c   Code   RO          874    .text.osRtxMessageQueueTimerSetup  rtx_msgqueue.o
    0x08004a14   0x08004a14   0x00000064   Code   RO          926    .text.osRtxMutexOwnerRelease  rtx_mutex.o
    0x08004a78   0x08004a78   0x00000050   Code   RO          928    .text.osRtxMutexOwnerRestore  rtx_mutex.o
    0x08004ac8   0x08004ac8   0x000000ac   Code   RO          998    .text.osRtxPendSV_Handler  rtx_system.o
    0x08004b74   0x08004b74   0x00000076   Code   RO         1000    .text.osRtxPostProcess  rtx_system.o
    0x08004bea   0x08004bea   0x00000002   PAD
    0x08004bec   0x08004bec   0x00000002   Code   RO         1042    .text.osRtxThreadBeforeFree  rtx_thread.o
    0x08004bee   0x08004bee   0x00000002   PAD
    0x08004bf0   0x08004bf0   0x00000164   Code   RO         1022    .text.osRtxThreadDelayTick  rtx_thread.o
    0x08004d54   0x08004d54   0x00000114   Code   RO         1028    .text.osRtxThreadDispatch  rtx_thread.o
    0x08004e68   0x08004e68   0x00000066   Code   RO         1040    .text.osRtxThreadFree  rtx_thread.o
    0x08004ece   0x08004ece   0x00000002   PAD
    0x08004ed0   0x08004ed0   0x00000014   Code   RO         1012    .text.osRtxThreadListGet  rtx_thread.o
    0x08004ee4   0x08004ee4   0x0000002c   Code   RO         1010    .text.osRtxThreadListPut  rtx_thread.o
    0x08004f10   0x08004f10   0x0000001a   Code   RO         1016    .text.osRtxThreadListRemove  rtx_thread.o
    0x08004f2a   0x08004f2a   0x00000002   PAD
    0x08004f2c   0x08004f2c   0x0000006a   Code   RO         1014    .text.osRtxThreadListSort  rtx_thread.o
    0x08004f96   0x08004f96   0x00000002   PAD
    0x08004f98   0x08004f98   0x0000009c   Code   RO         1122    .text.osRtxThreadPostProcess  rtx_thread.o
    0x08005034   0x08005034   0x0000003c   Code   RO         1018    .text.osRtxThreadReadyPut  rtx_thread.o
    0x08005070   0x08005070   0x00000014   Code   RO         1024    .text.osRtxThreadRegPtr  rtx_thread.o
    0x08005084   0x08005084   0x00000020   Code   RO         1034    .text.osRtxThreadStackCheck  rtx_thread.o
    0x080050a4   0x080050a4   0x0000004a   Code   RO         1044    .text.osRtxThreadStartup  rtx_thread.o
    0x080050ee   0x080050ee   0x00000002   PAD
    0x080050f0   0x080050f0   0x00000024   Code   RO         1026    .text.osRtxThreadSwitch  rtx_thread.o
    0x08005114   0x08005114   0x000000fa   Code   RO         1032    .text.osRtxThreadWaitEnter  rtx_thread.o
    0x0800520e   0x0800520e   0x00000002   PAD
    0x08005210   0x08005210   0x000000a4   Code   RO         1030    .text.osRtxThreadWaitExit  rtx_thread.o
    0x080052b4   0x080052b4   0x00000084   Code   RO          996    .text.osRtxTick_Handler  rtx_system.o
    0x08005338   0x08005338   0x00000026   Code   RO         1176    .text.osRtxTimerSetup  rtx_timer.o
    0x0800535e   0x0800535e   0x00000002   PAD
    0x08005360   0x08005360   0x0000002a   Code   RO         1180    .text.osRtxTimerThread  rtx_timer.o
    0x0800538a   0x0800538a   0x00000002   PAD
    0x0800538c   0x0800538c   0x000000c6   Code   RO         1178    .text.osRtxTimerTick  rtx_timer.o
    0x08005452   0x08005452   0x00000002   PAD
    0x08005454   0x08005454   0x00000006   Code   RO         1120    .text.osThreadEntry  rtx_thread.o
    0x0800545a   0x0800545a   0x00000002   PAD
    0x0800545c   0x0800545c   0x0000001a   Code   RO         1086    .text.osThreadExit  rtx_thread.o
    0x08005476   0x08005476   0x00000002   PAD
    0x08005478   0x08005478   0x00000082   Code   RO         1112    .text.osThreadFlagsSet  rtx_thread.o
    0x080054fa   0x080054fa   0x00000002   PAD
    0x080054fc   0x080054fc   0x00000040   Code   RO         1118    .text.osThreadFlagsWait  rtx_thread.o
    0x0800553c   0x0800553c   0x00000040   Code   RO         1048    .text.osThreadNew   rtx_thread.o
    0x0800557c   0x0800557c   0x0000004a   Code   RO         1182    .text.osTimerNew    rtx_timer.o
    0x080055c6   0x080055c6   0x00000002   PAD
    0x080055c8   0x080055c8   0x0000003c   Code   RO         1188    .text.osTimerStart  rtx_timer.o
    0x08005604   0x08005604   0x00000038   Code   RO         1190    .text.osTimerStop   rtx_timer.o
    0x0800563c   0x0800563c   0x000000ec   Code   RO          137    .text.recv          socket.o
    0x08005728   0x08005728   0x00000038   Code   RO          184    .text.reg_wizchip_cs_cbfunc  wizchip_conf.o
    0x08005760   0x08005760   0x00000042   Code   RO          188    .text.reg_wizchip_spi_cbfunc  wizchip_conf.o
    0x080057a2   0x080057a2   0x00000002   PAD
    0x080057a4   0x080057a4   0x00000128   Code   RO          135    .text.send          socket.o
    0x080058cc   0x080058cc   0x00000132   Code   RO          125    .text.socket        socket.o
    0x080059fe   0x080059fe   0x00000002   PAD
    0x08005a00   0x08005a00   0x00000034   Code   RO          285    .text.svcRtxDelay   rtx_delay.o
    0x08005a34   0x08005a34   0x0000000c   Code   RO          725    .text.svcRtxKernelGetState  rtx_kernel.o
    0x08005a40   0x08005a40   0x0000015c   Code   RO          763    .text.svcRtxKernelInitialize  rtx_kernel.o
    0x08005b9c   0x08005b9c   0x0000009e   Code   RO          765    .text.svcRtxKernelStart  rtx_kernel.o
    0x08005c3a   0x08005c3a   0x00000002   PAD
    0x08005c3c   0x08005c3c   0x000001c0   Code   RO          912    .text.svcRtxMessageQueueGet  rtx_msgqueue.o
    0x08005dfc   0x08005dfc   0x00000170   Code   RO          876    .text.svcRtxMessageQueueNew  rtx_msgqueue.o
    0x08005f6c   0x08005f6c   0x00000148   Code   RO          910    .text.svcRtxMessageQueuePut  rtx_msgqueue.o
    0x080060b4   0x080060b4   0x000000c4   Code   RO         1144    .text.svcRtxThreadExit  rtx_thread.o
    0x08006178   0x08006178   0x0000014e   Code   RO         1160    .text.svcRtxThreadFlagsSet  rtx_thread.o
    0x080062c6   0x080062c6   0x00000002   PAD
    0x080062c8   0x080062c8   0x000000e6   Code   RO         1166    .text.svcRtxThreadFlagsWait  rtx_thread.o
    0x080063ae   0x080063ae   0x00000002   PAD
    0x080063b0   0x080063b0   0x0000025e   Code   RO         1046    .text.svcRtxThreadNew  rtx_thread.o
    0x0800660e   0x0800660e   0x00000002   PAD
    0x08006610   0x08006610   0x000000ca   Code   RO         1196    .text.svcRtxTimerNew  rtx_timer.o
    0x080066da   0x080066da   0x00000002   PAD
    0x080066dc   0x080066dc   0x000000c2   Code   RO         1198    .text.svcRtxTimerStart  rtx_timer.o
    0x0800679e   0x0800679e   0x00000002   PAD
    0x080067a0   0x080067a0   0x0000005e   Code   RO         1200    .text.svcRtxTimerStop  rtx_timer.o
    0x080067fe   0x080067fe   0x00000002   PAD
    0x08006800   0x08006800   0x000001ec   Code   RO          262    .text.wiz_recv_data  w5500.o
    0x080069ec   0x080069ec   0x000001ec   Code   RO          260    .text.wiz_send_data  w5500.o
    0x08006bd8   0x08006bd8   0x00000004   Code   RO          170    .text.wizchip_bus_readdata  wizchip_conf.o
    0x08006bdc   0x08006bdc   0x00000004   Code   RO          172    .text.wizchip_bus_writedata  wizchip_conf.o
    0x08006be0   0x08006be0   0x00000002   Code   RO          162    .text.wizchip_cris_enter  wizchip_conf.o
    0x08006be2   0x08006be2   0x00000002   PAD
    0x08006be4   0x08006be4   0x00000002   Code   RO          164    .text.wizchip_cris_exit  wizchip_conf.o
    0x08006be6   0x08006be6   0x00000002   PAD
    0x08006be8   0x08006be8   0x00000002   Code   RO          168    .text.wizchip_cs_deselect  wizchip_conf.o
    0x08006bea   0x08006bea   0x00000002   PAD
    0x08006bec   0x08006bec   0x00000002   Code   RO          166    .text.wizchip_cs_select  wizchip_conf.o
    0x08006bee   0x08006bee   0x00000002   PAD
    0x08006bf0   0x08006bf0   0x0000008a   Code   RO          196    .text.wizchip_init  wizchip_conf.o
    0x08006c7a   0x08006c7a   0x00000002   PAD
    0x08006c7c   0x08006c7c   0x00000078   Code   RO          220    .text.wizchip_setnetinfo  wizchip_conf.o
    0x08006cf4   0x08006cf4   0x00000026   Code   RO          228    .text.wizchip_settimeout  wizchip_conf.o
    0x08006d1a   0x08006d1a   0x00000002   PAD
    0x08006d1c   0x08006d1c   0x00000004   Code   RO          174    .text.wizchip_spi_readbyte  wizchip_conf.o
    0x08006d20   0x08006d20   0x00000002   Code   RO          176    .text.wizchip_spi_writebyte  wizchip_conf.o
    0x08006d22   0x08006d22   0x00000002   PAD
    0x08006d24   0x08006d24   0x00000080   Code   RO          194    .text.wizchip_sw_reset  wizchip_conf.o
    0x08006da4   0x08006da4   0x00000020   Code   RO         2269    i.__0printf$1       mc_w.l(printf1.o)
    0x08006dc4   0x08006dc4   0x0000000e   Code   RO         2535    i.__scatterload_copy  mc_w.l(handlers.o)
    0x08006dd2   0x08006dd2   0x00000002   Code   RO         2536    i.__scatterload_null  mc_w.l(handlers.o)
    0x08006dd4   0x08006dd4   0x0000000e   Code   RO         2537    i.__scatterload_zeroinit  mc_w.l(handlers.o)
    0x08006de2   0x08006de2   0x00000002   PAD
    0x08006de4   0x08006de4   0x0000015a   Code   RO         2276    i._printf_core      mc_w.l(printf1.o)
    0x08006f3e   0x08006f3e   0x00000002   PAD
    0x08006f40   0x08006f40   0x00000024   Code   RO         2206    i.puts              mc_w.l(puts.o)
    0x08006f64   0x08006f64   0x00000070   Data   RO          793    .rodata             rtx_lib.o
    0x08006fd4   0x08006fd4   0x00000038   Data   RO          796    .rodata             rtx_lib.o
    0x0800700c   0x0800700c   0x00000017   Data   RO           96    .rodata..L__const.Ethernet_Config.netInfo  main.o
    0x08007023   0x08007023   0x00000010   Data   RO         2191    .rodata.AHBPrescTable  system_stm32l4xx.o
    0x08007033   0x08007033   0x00000001   PAD
    0x08007034   0x08007034   0x00000018   Data   RO         1277    .rodata.EventRecorderInfo  eventrecorder.o
    0x0800704c   0x0800704c   0x00000030   Data   RO         2193    .rodata.MSIRangeTable  system_stm32l4xx.o
    0x0800707c   0x0800707c   0x00000024   Data   RO           62    .rodata.ThreadAttr_com  app-server.o
    0x080070a0   0x080070a0   0x00000024   Data   RO           64    .rodata.ThreadAttr_main  app-server.o
    0x080070c4   0x080070c4   0x00000024   Data   RO           60    .rodata.ThreadAttr_ref  app-server.o
    0x080070e8   0x080070e8   0x00000004   Data   RO          795    .rodata.osRtxUserSVC  rtx_lib.o
    0x080070ec   0x080070ec   0x00000024   Data   RO          790    .rodata.os_idle_thread_attr  rtx_lib.o
    0x08007110   0x08007110   0x00000018   Data   RO          792    .rodata.os_timer_mq_attr  rtx_lib.o
    0x08007128   0x08007128   0x00000024   Data   RO          791    .rodata.os_timer_thread_attr  rtx_lib.o
    0x0800714c   0x0800714c   0x000000ac   Data   RO           69    .rodata.str1.1      app-server.o
    0x080071f8   0x080071f8   0x0000000b   Data   RO          777    .rodata.str1.4      rtx_kernel.o
    0x08007203   0x08007203   0x00000001   PAD
    0x08007204   0x08007204   0x00000020   Data   RO         2534    Region$$Table       anon$$obj.o


    Execution Region ER_RW (Exec base: 0x20000000, Load base: 0x08007224, Size: 0x000000e8, Max: 0xffffffff, ABSOLUTE)

    Exec Addr    Load Addr    Size         Type   Attr      Idx    E Section Name        Object

    0x20000000   0x08007224   0x00000004   Data   RW         2216    .data               mc_w.l(stdout.o)
    0x20000004   0x08007228   0x00000004   Data   RW            7    .data.Ki            controller.o
    0x20000008   0x0800722c   0x00000004   Data   RW            6    .data.Kp            controller.o
    0x2000000c   0x08007230   0x00000004   Data   RW         2190    .data.SystemCoreClock  system_stm32l4xx.o
    0x20000010   0x08007234   0x0000002c   Data   RW          234    .data.WIZCHIP       wizchip_conf.o
    0x2000003c   0x08007260   0x000000a4   Data   RW          778    .data.os            rtx_kernel.o
    0x200000e0   0x08007304   0x00000002   Data   RW          150    .data.sock_any_port  socket.o
    0x200000e2   0x08007306   0x00000001   Data   RW         1380    .data.uwTickFreq    stm32l4xx_hal_1.o
    0x200000e3   0x08007307   0x00000001   PAD
    0x200000e4   0x08007308   0x00000004   Data   RW         1379    .data.uwTickPrio    stm32l4xx_hal_1.o


    Execution Region ER_ZI (Exec base: 0x20000100, Load base: 0x0800730c, Size: 0x00008f88, Max: 0xffffffff, ABSOLUTE)

    Exec Addr    Load Addr    Size         Type   Attr      Idx    E Section Name        Object

    0x20000100        -       0x00000004   Zero   RW           11    .bss.I              controller.o
    0x20000104        -       0x00000004   Zero   RW           14    .bss.P              controller.o
    0x20000108        -       0x00000004   Zero   RW           61    .bss.T_ID1          app-server.o
    0x2000010c        -       0x00000004   Zero   RW           63    .bss.T_ID2          app-server.o
    0x20000110        -       0x00000004   Zero   RW           65    .bss.T_ID3          app-server.o
    0x20000114        -       0x00000001   Zero   RW          239    .bss._DHCP_         wizchip_conf.o
    0x20000115        -       0x00000001   Zero   RW          235    .bss._DNS_.0        wizchip_conf.o
    0x20000116        -       0x00000001   Zero   RW          236    .bss._DNS_.1        wizchip_conf.o
    0x20000117        -       0x00000001   Zero   RW          237    .bss._DNS_.2        wizchip_conf.o
    0x20000118        -       0x00000001   Zero   RW          238    .bss._DNS_.3        wizchip_conf.o
    0x20000119   0x0800730c   0x00000003   PAD
    0x2000011c        -       0x00000004   Zero   RW           59    .bss.control        app-server.o
    0x20000120        -       0x00000004   Zero   RW           12    .bss.control_value  controller.o
    0x20000124        -       0x00000008   Zero   RW           58    .bss.data           app-server.o
    0x2000012c        -       0x00000004   Zero   RW            9    .bss.delta_ms       controller.o
    0x20000130        -       0x00000004   Zero   RW           10    .bss.err            controller.o
    0x20000134        -       0x00000064   Zero   RW           93    .bss.hspi3          main.o
    0x20000198        -       0x0000004c   Zero   RW           94    .bss.htim1          main.o
    0x200001e4        -       0x0000004c   Zero   RW           95    .bss.htim3          main.o
    0x20000230   0x0800730c   0x00000010   PAD
    0x20000240        -       0x000004a4   Zero   RW         1276    .bss.noinit         eventrecorder.o
    0x200006e4   0x0800730c   0x00000004   PAD
    0x200006e8        -       0x00008040   Zero   RW          789    .bss.os             rtx_lib.o
    0x20008728        -       0x00000001   Zero   RW         1232    .bss.os             os_systick.o
    0x20008729   0x0800730c   0x00000003   PAD
    0x2000872c        -       0x00000034   Zero   RW          800    .bss.os.msgqueue.cb  rtx_lib.o
    0x20008760        -       0x00000050   Zero   RW          801    .bss.os.msgqueue.mem  rtx_lib.o
    0x200087b0        -       0x000000a0   Zero   RW          797    .bss.os.thread.cb   rtx_lib.o
    0x20008850        -       0x00000200   Zero   RW          798    .bss.os.thread.idle.stack  rtx_lib.o
    0x20008a50        -       0x00000200   Zero   RW          799    .bss.os.thread.timer.stack  rtx_lib.o
    0x20008c50        -       0x00000004   Zero   RW            8    .bss.prev_ms        controller.o
    0x20008c54        -       0x00000004   Zero   RW           57    .bss.reference      app-server.o
    0x20008c58        -       0x00000001   Zero   RW           13    .bss.reset          controller.o
    0x20008c59   0x0800730c   0x00000001   PAD
    0x20008c5a        -       0x00000002   Zero   RW          151    .bss.sock_io_mode   socket.o
    0x20008c5c        -       0x00000002   Zero   RW          152    .bss.sock_is_sending  socket.o
    0x20008c5e        -       0x00000008   Zero   RW          149    .bss.sock_pack_info  socket.o
    0x20008c66        -       0x00000010   Zero   RW          153    .bss.sock_remained_size  socket.o
    0x20008c76        -       0x00000001   Zero   RW           66    .bss.socket_return  app-server.o
    0x20008c77        -       0x00000001   Zero   RW           67    .bss.socket_status  app-server.o
    0x20008c78        -       0x00000004   Zero   RW           68    .bss.timer_ref      app-server.o
    0x20008c7c        -       0x00000001   Zero   RW           56    .bss.timer_running  app-server.o
    0x20008c7d   0x0800730c   0x00000003   PAD
    0x20008c80        -       0x00000004   Zero   RW         1381    .bss.uwTick         stm32l4xx_hal_1.o
    0x20008c84   0x0800730c   0x00000004   PAD
    0x20008c88        -       0x00000400   Zero   RW         2176    STACK               startup_stm32l476xx.o


==============================================================================

Image component sizes


      Code (inc. data)   RO Data    RW Data    ZI Data      Debug   Object Name

       944        268        280          0         35       4894   app-server.o
       210          0          0          8         25       1318   controller.o
      2462          0         24          0       1188      22222   eventrecorder.o
       268         16          0          0          0        801   irq_armv7m.o
       884          0         23          0        252      11356   main.o
       140          0          0          0          1       4997   os_systick.o
        16          0          0          0          0       2591   peripherals.o
        62          0          0          0          0       2750   retarget_io.o
         4          0          0          0          0        684   rtx_config.o
       106          0          0          0          0       3268   rtx_delay.o
      1192          0          0          0          0      39452   rtx_evr.o
       694          0         11        164          0      22010   rtx_kernel.o
       244          0        268          0      34148       6309   rtx_lib.o
       280          0          0          0          0       2843   rtx_memory.o
       240          0          0          0          0      19809   rtx_mempool.o
      2010          0          0          0          0      24233   rtx_msgqueue.o
       180          0          0          0          0      11748   rtx_mutex.o
       422         36          0          0          0       5682   rtx_system.o
      3380         10          0          0          0      51845   rtx_thread.o
       958          0          0          0          0      12259   rtx_timer.o
      1362         14          0          2         28       9504   socket.o
        36          8        392          0       1024        880   startup_stm32l476xx.o
       132          0          0          5          4       9123   stm32l4xx_hal_1.o
       162          0          0          0          0      10797   stm32l4xx_hal_cortex_1.o
       460          0          0          0          0       5492   stm32l4xx_hal_gpio_1.o
       486          0          0          0          0      10162   stm32l4xx_hal_msp.o
       150          0          0          0          0      10037   stm32l4xx_hal_pwr_ex_1.o
      2392          0          0          0          0      11720   stm32l4xx_hal_rcc_1.o
      2224          0          0          0          0      24174   stm32l4xx_hal_spi_1.o
      2066         16          0          0          0      58618   stm32l4xx_hal_tim_1.o
       198          0          0          0          0      22971   stm32l4xx_hal_tim_ex_1.o
        12          0          0          0          0        836   stm32l4xx_it.o
        18          0         64          4          0       3166   system_stm32l4xx.o
      2356          0          0          0          0      11812   w5500.o
       568          0          0         44          5      13606   wizchip_conf.o

    ----------------------------------------------------------------------
     27492        368       1096        228      36744     453969   Object Totals
         0          0         32          0          0          0   (incl. Generated)
       174          0          2          1         34          0   (incl. Padding)

    ----------------------------------------------------------------------

      Code (inc. data)   RO Data    RW Data    ZI Data      Debug   Library Member Name

         0          0          0          0          0          0   entry.o
         0          0          0          0          0          0   entry10a.o
         0          0          0          0          0          0   entry11a.o
         8          4          0          0          0          0   entry2.o
         4          0          0          0          0          0   entry5.o
         0          0          0          0          0          0   entry7b.o
         0          0          0          0          0          0   entry8b.o
         8          4          0          0          0          0   entry9a.o
        30          0          0          0          0          0   handlers.o
        48         10          0          0          0         68   init.o
        36          0          0          0          0         68   memcpya.o
        36          0          0          0          0        108   memseta.o
       378         14          0          0          0        184   printf1.o
        36          6          0          0          0         80   puts.o
         0          0          0          4          0          0   stdout.o
        44          0          0          0          0         80   uidiv.o

    ----------------------------------------------------------------------
       632         38          0          4          0        588   Library Totals
         4          0          0          0          0          0   (incl. Padding)

    ----------------------------------------------------------------------

      Code (inc. data)   RO Data    RW Data    ZI Data      Debug   Library Name

       628         38          0          4          0        588   mc_w.l

    ----------------------------------------------------------------------
       632         38          0          4          0        588   Library Totals

    ----------------------------------------------------------------------

==============================================================================


      Code (inc. data)   RO Data    RW Data    ZI Data      Debug   

     28124        406       1096        232      36744     453913   Grand Totals
     28124        406       1096        232      36744     453913   ELF Image Totals
     28124        406       1096        232          0          0   ROM Totals

==============================================================================

    Total RO  Size (Code + RO Data)                29220 (  28.54kB)
    Total RW  Size (RW Data + ZI Data)             36976 (  36.11kB)
    Total ROM Size (Code + RO Data + RW Data)      29452 (  28.76kB)

==============================================================================

